#
# There is insufficient memory for the Java Runtime Environment to continue.
# Native memory allocation (malloc) failed to allocate 1398864 bytes. Error detail: Chunk::new
# Possible reasons:
#   The system is out of physical RAM or swap space
#   This process is running with CompressedOops enabled, and the Java Heap may be blocking the growth of the native heap
# Possible solutions:
#   Reduce memory load on the system
#   Increase physical memory or swap space
#   Check if swap backing store is full
#   Decrease Java heap size (-Xmx/-Xms)
#   Decrease number of Java threads
#   Decrease Java thread stack sizes (-Xss)
#   Set larger code cache with -XX:ReservedCodeCacheSize=
#   JVM is running with Unscaled Compressed Oops mode in which the Java heap is
#     placed in the first 4GB address space. The Java Heap base address is the
#     maximum limit for the native heap growth. Please use -XX:HeapBaseMinAddress
#     to set the Java Heap base and to place the Java Heap above 4GB virtual address.
# This output file may be truncated or incomplete.
#
#  Out of Memory Error (arena.cpp:168), pid=19500, tid=25668
#
# JRE version: OpenJDK Runtime Environment Temurin-21.0.7+6 (21.0.7+6) (build 21.0.7+6-LTS)
# Java VM: OpenJDK 64-Bit Server VM Temurin-21.0.7+6 (21.0.7+6-LTS, mixed mode, sharing, tiered, compressed oops, compressed class ptrs, parallel gc, windows-amd64)
# No core dump will be written. Minidumps are not enabled by default on client versions of Windows
#

---------------  S U M M A R Y ------------

Command Line: --add-modules=ALL-SYSTEM --add-opens=java.base/java.util=ALL-UNNAMED --add-opens=java.base/java.lang=ALL-UNNAMED --add-opens=java.base/sun.nio.fs=ALL-UNNAMED -Declipse.application=org.eclipse.jdt.ls.core.id1 -Dosgi.bundles.defaultStartLevel=4 -Declipse.product=org.eclipse.jdt.ls.core.product -Djava.import.generatesMetadataFilesAtProjectRoot=false -DDetectVMInstallationsJob.disabled=true -Dfile.encoding=utf8 -XX:+UseParallelGC -XX:GCTimeRatio=4 -XX:AdaptiveSizePolicyWeight=90 -Dsun.zip.disableMemoryMapping=true -Xmx1G -Xms100m -Xlog:disable -javaagent:c:\Users\DIEM MY\.vscode\extensions\redhat.java-1.42.0-win32-x64\lombok\lombok-1.18.36.jar -XX:+HeapDumpOnOutOfMemoryError -XX:HeapDumpPath=c:\Users\DIEM MY\AppData\Roaming\Code\User\workspaceStorage\e0fc29883c107ccbdd5b8a4f04aa8091\redhat.java -Daether.dependencyCollector.impl=bf c:\Users\DIEM MY\.vscode\extensions\redhat.java-1.42.0-win32-x64\server\plugins\org.eclipse.equinox.launcher_1.7.0.v20250424-1814.jar -configuration c:\Users\DIEM MY\AppData\Roaming\Code\User\globalStorage\redhat.java\1.42.0\config_win -data c:\Users\DIEM MY\AppData\Roaming\Code\User\workspaceStorage\e0fc29883c107ccbdd5b8a4f04aa8091\redhat.java\jdt_ws --pipe=\\.\pipe\lsp-af57744af7e2dbe29a67104b480b17ca-sock

Host: 11th Gen Intel(R) Core(TM) i7-1165G7 @ 2.80GHz, 8 cores, 7G,  Windows 11 , 64 bit Build 26100 (10.0.26100.4202)
Time: Thu Jun 19 00:03:01 2025 SE Asia Standard Time elapsed time: 17.114336 seconds (0d 0h 0m 17s)

---------------  T H R E A D  ---------------

Current thread (0x00000269eaa416b0):  JavaThread "C2 CompilerThread1" daemon [_thread_in_native, id=25668, stack(0x000000f800900000,0x000000f800a00000) (1024K)]


Current CompileTask:
C2:17177 7854   !   4       org.eclipse.jdt.internal.compiler.classfmt.ClassFileReader::<init> (2135 bytes)

Stack: [0x000000f800900000,0x000000f800a00000]
Native frames: (J=compiled Java code, j=interpreted, Vv=VM code, C=native code)
V  [jvm.dll+0x6ce119]
V  [jvm.dll+0x8a84a1]
V  [jvm.dll+0x8aa9ce]
V  [jvm.dll+0x8ab0b3]
V  [jvm.dll+0x27f8a6]
V  [jvm.dll+0xc507d]
V  [jvm.dll+0xc55b3]
V  [jvm.dll+0x3b692c]
V  [jvm.dll+0x1dfe33]
V  [jvm.dll+0x247c42]
V  [jvm.dll+0x2470cf]
V  [jvm.dll+0x1c760e]
V  [jvm.dll+0x25695a]
V  [jvm.dll+0x254efa]
V  [jvm.dll+0x3f03f6]
V  [jvm.dll+0x851f6b]
V  [jvm.dll+0x6cc7dd]
C  [ucrtbase.dll+0x37b0]
C  [KERNEL32.DLL+0x2e8d7]
C  [ntdll.dll+0x3c34c]


---------------  P R O C E S S  ---------------

Threads class SMR info:
_java_thread_list=0x00000269ebee2410, length=48, elements={
0x000002698b01aaa0, 0x000002698cb8ca30, 0x00000269a1744200, 0x00000269a1747520,
0x00000269a1748520, 0x00000269a174b640, 0x00000269a174e1d0, 0x00000269a17548e0,
0x00000269e4267b60, 0x000002698cb3ebf0, 0x00000269e45044e0, 0x00000269e4ab3340,
0x00000269e91bc6a0, 0x00000269e92fc490, 0x00000269e91b2b20, 0x00000269e952eb90,
0x00000269e99dd010, 0x00000269e96d0a50, 0x00000269e96d03c0, 0x00000269e96d10e0,
0x00000269e96d1770, 0x00000269e96d2490, 0x00000269e96cf010, 0x00000269e96cfd30,
0x00000269ea776100, 0x00000269ea7781d0, 0x00000269ea776e20, 0x00000269ea777b40,
0x00000269ea778860, 0x00000269ea778ef0, 0x00000269ea775a70, 0x00000269ea779580,
0x00000269ea779c10, 0x00000269ea776790, 0x00000269ea77a930, 0x00000269ea77a2a0,
0x00000269ea7774b0, 0x00000269ea77afc0, 0x00000269eaa416b0, 0x00000269eab52400,
0x00000269ea77c370, 0x00000269ea77b650, 0x00000269ea77bce0, 0x00000269ea77ca00,
0x00000269ea77d090, 0x00000269e96cf6a0, 0x00000269ebca1db0, 0x00000269ebca3160
}

Java Threads: ( => current thread )
  0x000002698b01aaa0 JavaThread "main"                              [_thread_blocked, id=16508, stack(0x000000f87fa00000,0x000000f87fb00000) (1024K)]
  0x000002698cb8ca30 JavaThread "Reference Handler"          daemon [_thread_blocked, id=2728, stack(0x000000f87fe00000,0x000000f87ff00000) (1024K)]
  0x00000269a1744200 JavaThread "Finalizer"                  daemon [_thread_blocked, id=4224, stack(0x000000f87ff00000,0x000000f880000000) (1024K)]
  0x00000269a1747520 JavaThread "Signal Dispatcher"          daemon [_thread_blocked, id=2384, stack(0x000000f800000000,0x000000f800100000) (1024K)]
  0x00000269a1748520 JavaThread "Attach Listener"            daemon [_thread_blocked, id=2600, stack(0x000000f800100000,0x000000f800200000) (1024K)]
  0x00000269a174b640 JavaThread "Service Thread"             daemon [_thread_blocked, id=7940, stack(0x000000f800200000,0x000000f800300000) (1024K)]
  0x00000269a174e1d0 JavaThread "Monitor Deflation Thread"   daemon [_thread_blocked, id=5736, stack(0x000000f800300000,0x000000f800400000) (1024K)]
  0x00000269a17548e0 JavaThread "C2 CompilerThread0"         daemon [_thread_in_native, id=25200, stack(0x000000f800400000,0x000000f800500000) (1024K)]
  0x00000269e4267b60 JavaThread "C1 CompilerThread0"         daemon [_thread_blocked, id=20948, stack(0x000000f800500000,0x000000f800600000) (1024K)]
  0x000002698cb3ebf0 JavaThread "Common-Cleaner"             daemon [_thread_blocked, id=27052, stack(0x000000f800600000,0x000000f800700000) (1024K)]
  0x00000269e45044e0 JavaThread "Notification Thread"        daemon [_thread_blocked, id=21956, stack(0x000000f800800000,0x000000f800900000) (1024K)]
  0x00000269e4ab3340 JavaThread "Active Thread: Equinox Container: 61ee84a5-56ba-4a48-a8f1-f24e80ef0046"        [_thread_blocked, id=18732, stack(0x000000f801000000,0x000000f801100000) (1024K)]
  0x00000269e91bc6a0 JavaThread "Refresh Thread: Equinox Container: 61ee84a5-56ba-4a48-a8f1-f24e80ef0046" daemon [_thread_blocked, id=7572, stack(0x000000f801100000,0x000000f801200000) (1024K)]
  0x00000269e92fc490 JavaThread "Framework Event Dispatcher: Equinox Container: 61ee84a5-56ba-4a48-a8f1-f24e80ef0046" daemon [_thread_blocked, id=26844, stack(0x000000f801300000,0x000000f801400000) (1024K)]
  0x00000269e91b2b20 JavaThread "Start Level: Equinox Container: 61ee84a5-56ba-4a48-a8f1-f24e80ef0046" daemon [_thread_blocked, id=2360, stack(0x000000f801400000,0x000000f801500000) (1024K)]
  0x00000269e952eb90 JavaThread "Bundle File Closer"         daemon [_thread_blocked, id=18920, stack(0x000000f801500000,0x000000f801600000) (1024K)]
  0x00000269e99dd010 JavaThread "SCR Component Actor"        daemon [_thread_blocked, id=8092, stack(0x000000f800700000,0x000000f800800000) (1024K)]
  0x00000269e96d0a50 JavaThread "Worker-JM"                         [_thread_blocked, id=10512, stack(0x000000f801600000,0x000000f801700000) (1024K)]
  0x00000269e96d03c0 JavaThread "JNA Cleaner"                daemon [_thread_blocked, id=18556, stack(0x000000f801700000,0x000000f801800000) (1024K)]
  0x00000269e96d10e0 JavaThread "Worker-0: Java indexing... "        [_thread_blocked, id=23056, stack(0x000000f801800000,0x000000f801900000) (1024K)]
  0x00000269e96d1770 JavaThread "Worker-1"                          [_thread_blocked, id=27220, stack(0x000000f801900000,0x000000f801a00000) (1024K)]
  0x00000269e96d2490 JavaThread "Worker-2: Building"                [_thread_in_native, id=5512, stack(0x000000f801a00000,0x000000f801b00000) (1024K)]
  0x00000269e96cf010 JavaThread "Java indexing"              daemon [_thread_in_Java, id=18904, stack(0x000000f801b00000,0x000000f801c00000) (1024K)]
  0x00000269e96cfd30 JavaThread "Worker-3"                          [_thread_blocked, id=5776, stack(0x000000f801c00000,0x000000f801d00000) (1024K)]
  0x00000269ea776100 JavaThread "Worker-4: Updating workspace"        [_thread_blocked, id=27244, stack(0x000000f801f00000,0x000000f802000000) (1024K)]
  0x00000269ea7781d0 JavaThread "Worker-5"                          [_thread_blocked, id=14052, stack(0x000000f802000000,0x000000f802100000) (1024K)]
  0x00000269ea776e20 JavaThread "Thread-2"                   daemon [_thread_in_native, id=21816, stack(0x000000f802100000,0x000000f802200000) (1024K)]
  0x00000269ea777b40 JavaThread "Thread-3"                   daemon [_thread_in_native, id=13940, stack(0x000000f802200000,0x000000f802300000) (1024K)]
  0x00000269ea778860 JavaThread "Thread-4"                   daemon [_thread_in_native, id=26636, stack(0x000000f802300000,0x000000f802400000) (1024K)]
  0x00000269ea778ef0 JavaThread "Thread-5"                   daemon [_thread_in_native, id=18400, stack(0x000000f802400000,0x000000f802500000) (1024K)]
  0x00000269ea775a70 JavaThread "Thread-6"                   daemon [_thread_in_native, id=26964, stack(0x000000f802500000,0x000000f802600000) (1024K)]
  0x00000269ea779580 JavaThread "Thread-7"                   daemon [_thread_in_native, id=27128, stack(0x000000f802600000,0x000000f802700000) (1024K)]
  0x00000269ea779c10 JavaThread "Thread-8"                   daemon [_thread_in_native, id=22480, stack(0x000000f802700000,0x000000f802800000) (1024K)]
  0x00000269ea776790 JavaThread "Thread-9"                   daemon [_thread_in_native, id=20984, stack(0x000000f802800000,0x000000f802900000) (1024K)]
  0x00000269ea77a930 JavaThread "Thread-10"                  daemon [_thread_in_native, id=14060, stack(0x000000f802900000,0x000000f802a00000) (1024K)]
  0x00000269ea77a2a0 JavaThread "pool-2-thread-1"                   [_thread_blocked, id=7688, stack(0x000000f802a00000,0x000000f802b00000) (1024K)]
  0x00000269ea7774b0 JavaThread "WorkspaceEventsHandler"            [_thread_blocked, id=13876, stack(0x000000f802b00000,0x000000f802c00000) (1024K)]
  0x00000269ea77afc0 JavaThread "pool-1-thread-1"                   [_thread_blocked, id=15260, stack(0x000000f802c00000,0x000000f802d00000) (1024K)]
=>0x00000269eaa416b0 JavaThread "C2 CompilerThread1"         daemon [_thread_in_native, id=25668, stack(0x000000f800900000,0x000000f800a00000) (1024K)]
  0x00000269eab52400 JavaThread "C2 CompilerThread2"         daemon [_thread_in_native, id=22728, stack(0x000000f802d00000,0x000000f802e00000) (1024K)]
  0x00000269ea77c370 JavaThread "LocalFile Deleter"          daemon [_thread_blocked, id=27284, stack(0x000000f802e00000,0x000000f802f00000) (1024K)]
  0x00000269ea77b650 JavaThread "LocalFile Deleter"          daemon [_thread_blocked, id=14000, stack(0x000000f802f00000,0x000000f803000000) (1024K)]
  0x00000269ea77bce0 JavaThread "LocalFile Deleter"          daemon [_thread_blocked, id=21112, stack(0x000000f803000000,0x000000f803100000) (1024K)]
  0x00000269ea77ca00 JavaThread "LocalFile Deleter"          daemon [_thread_blocked, id=8632, stack(0x000000f803100000,0x000000f803200000) (1024K)]
  0x00000269ea77d090 JavaThread "LocalFile Deleter"          daemon [_thread_blocked, id=5100, stack(0x000000f803200000,0x000000f803300000) (1024K)]
  0x00000269e96cf6a0 JavaThread "LocalFile Deleter"          daemon [_thread_blocked, id=2712, stack(0x000000f803300000,0x000000f803400000) (1024K)]
  0x00000269ebca1db0 JavaThread "LocalFile Deleter"          daemon [_thread_blocked, id=1144, stack(0x000000f803400000,0x000000f803500000) (1024K)]
  0x00000269ebca3160 JavaThread "LocalFile Deleter"          daemon [_thread_blocked, id=25964, stack(0x000000f803500000,0x000000f803600000) (1024K)]
Total: 48

Other Threads:
  0x00000269a17425e0 VMThread "VM Thread"                           [id=896, stack(0x000000f87fd00000,0x000000f87fe00000) (1024K)]
  0x000002698cb3abf0 WatcherThread "VM Periodic Task Thread"        [id=10612, stack(0x000000f87fc00000,0x000000f87fd00000) (1024K)]
  0x000002698caee0d0 WorkerThread "GC Thread#0"                     [id=22464, stack(0x000000f87fb00000,0x000000f87fc00000) (1024K)]
  0x00000269e9147d40 WorkerThread "GC Thread#1"                     [id=20104, stack(0x000000f800a00000,0x000000f800b00000) (1024K)]
  0x00000269e48a6780 WorkerThread "GC Thread#2"                     [id=25164, stack(0x000000f800b00000,0x000000f800c00000) (1024K)]
  0x00000269e48a6b20 WorkerThread "GC Thread#3"                     [id=20624, stack(0x000000f800c00000,0x000000f800d00000) (1024K)]
  0x00000269e48a6ec0 WorkerThread "GC Thread#4"                     [id=20636, stack(0x000000f800d00000,0x000000f800e00000) (1024K)]
  0x00000269e48a7260 WorkerThread "GC Thread#5"                     [id=25760, stack(0x000000f800e00000,0x000000f800f00000) (1024K)]
  0x00000269e48a7600 WorkerThread "GC Thread#6"                     [id=3068, stack(0x000000f800f00000,0x000000f801000000) (1024K)]
  0x00000269e91bcd00 WorkerThread "GC Thread#7"                     [id=22844, stack(0x000000f801200000,0x000000f801300000) (1024K)]
Total: 10

Threads with active compile tasks:
C2 CompilerThread0  18249 8114       4       org.eclipse.jdt.internal.core.search.indexing.BinaryIndexer::extractReferenceFromConstantPool (358 bytes)
C2 CompilerThread1  18249 7854   !   4       org.eclipse.jdt.internal.compiler.classfmt.ClassFileReader::<init> (2135 bytes)
C2 CompilerThread2  18249 7888       4       java.lang.invoke.MethodType::methodType (69 bytes)
Total: 3

VM state: not at safepoint (normal execution)

VM Mutex/Monitor currently owned by a thread: None

Heap address: 0x00000000c0000000, size: 1024 MB, Compressed Oops mode: 32-bit

CDS archive(s) mapped at: [0x00000269a2000000-0x00000269a2ba0000-0x00000269a2ba0000), size 12189696, SharedBaseAddress: 0x00000269a2000000, ArchiveRelocationMode: 1.
Compressed class space mapped at: 0x00000269a3000000-0x00000269e3000000, reserved size: 1073741824
Narrow klass base: 0x00000269a2000000, Narrow klass shift: 0, Narrow klass range: 0x100000000

GC Precious Log:
 CardTable entry size: 512
 CPUs: 8 total, 8 available
 Memory: 7937M
 Large Page Support: Disabled
 NUMA Support: Disabled
 Compressed Oops: Enabled (32-bit)
 Alignments: Space 512K, Generation 512K, Heap 2M
 Heap Min Capacity: 100M
 Heap Initial Capacity: 100M
 Heap Max Capacity: 1G
 Pre-touch: Disabled
 Parallel Workers: 8

Heap:
 PSYoungGen      total 12288K, used 11362K [0x00000000eab00000, 0x00000000eba00000, 0x0000000100000000)
  eden space 9728K, 95% used [0x00000000eab00000,0x00000000eb4074a8,0x00000000eb480000)
  from space 2560K, 82% used [0x00000000eb780000,0x00000000eb991670,0x00000000eba00000)
  to   space 2560K, 0% used [0x00000000eb480000,0x00000000eb480000,0x00000000eb700000)
 ParOldGen       total 70144K, used 70128K [0x00000000c0000000, 0x00000000c4480000, 0x00000000eab00000)
  object space 70144K, 99% used [0x00000000c0000000,0x00000000c447c350,0x00000000c4480000)
 Metaspace       used 50711K, committed 51904K, reserved 1114112K
  class space    used 5321K, committed 5888K, reserved 1048576K

Card table byte_map: [0x000002699eff0000,0x000002699f200000] _byte_map_base: 0x000002699e9f0000

Marking Bits: (ParMarkBitMap*) 0x00007ffebeae31f0
 Begin Bits: [0x000002699f360000, 0x00000269a0360000)
 End Bits:   [0x00000269a0360000, 0x00000269a1360000)

Polling page: 0x000002698fde0000

Metaspace:

Usage:
  Non-class:     44.33 MB used.
      Class:      5.20 MB used.
       Both:     49.52 MB used.

Virtual space:
  Non-class space:       64.00 MB reserved,      44.94 MB ( 70%) committed,  1 nodes.
      Class space:        1.00 GB reserved,       5.75 MB ( <1%) committed,  1 nodes.
             Both:        1.06 GB reserved,      50.69 MB (  5%) committed. 

Chunk freelists:
   Non-Class:  2.62 MB
       Class:  10.10 MB
        Both:  12.72 MB

MaxMetaspaceSize: unlimited
CompressedClassSpaceSize: 1.00 GB
Initial GC threshold: 21.00 MB
Current GC threshold: 58.38 MB
CDS: on
 - commit_granule_bytes: 65536.
 - commit_granule_words: 8192.
 - virtual_space_node_default_size: 8388608.
 - enlarge_chunks_in_place: 1.
 - use_allocation_guard: 0.


Internal statistics:

num_allocs_failed_limit: 6.
num_arena_births: 866.
num_arena_deaths: 14.
num_vsnodes_births: 2.
num_vsnodes_deaths: 0.
num_space_committed: 811.
num_space_uncommitted: 0.
num_chunks_returned_to_freelist: 20.
num_chunks_taken_from_freelist: 3113.
num_chunk_merges: 12.
num_chunk_splits: 1958.
num_chunks_enlarged: 1145.
num_inconsistent_stats: 0.

CodeHeap 'non-profiled nmethods': size=120000Kb used=3988Kb max_used=3988Kb free=116012Kb
 bounds [0x00000269978d0000, 0x0000026997cc0000, 0x000002699ee00000]
CodeHeap 'profiled nmethods': size=120000Kb used=15015Kb max_used=15015Kb free=104985Kb
 bounds [0x000002698fe00000, 0x0000026990cb0000, 0x0000026997330000]
CodeHeap 'non-nmethods': size=5760Kb used=1402Kb max_used=1454Kb free=4357Kb
 bounds [0x0000026997330000, 0x00000269975a0000, 0x00000269978d0000]
 total_blobs=8152 nmethods=7452 adapters=606
 compilation: enabled
              stopped_count=0, restarted_count=0
 full_count=0

Compilation events (20 events):
Event: 16.526 Thread 0x00000269e4267b60 7957       2       org.eclipse.core.internal.resources.MarkerManager$$Lambda/0x00000269a35a4ce0::visitElement (19 bytes)
Event: 16.526 Thread 0x00000269e4267b60 nmethod 7957 0x0000026990c5ac90 code [0x0000026990c5ae40, 0x0000026990c5af90]
Event: 16.526 Thread 0x00000269e4267b60 7958       2       org.eclipse.core.internal.resources.MarkerManager::lambda$2 (26 bytes)
Event: 16.527 Thread 0x00000269e4267b60 nmethod 7958 0x0000026990c5b090 code [0x0000026990c5b240, 0x0000026990c5b3f8]
Event: 16.527 Thread 0x00000269e4267b60 7959       2       org.eclipse.core.internal.resources.MarkerManager::basicRemoveMarkers (209 bytes)
Event: 16.527 Thread 0x00000269e4267b60 nmethod 7959 0x0000026990c5b510 code [0x0000026990c5b7c0, 0x0000026990c5c150]
Event: 16.528 Thread 0x00000269e4267b60 7963       3       java.lang.Long::formatUnsignedLong0 (47 bytes)
Event: 16.528 Thread 0x00000269e4267b60 nmethod 7963 0x0000026990c5c910 code [0x0000026990c5cac0, 0x0000026990c5ccc0]
Event: 16.530 Thread 0x00000269e4267b60 7965       3       com.google.gson.stream.JsonWriter::peek (29 bytes)
Event: 16.530 Thread 0x00000269e4267b60 nmethod 7965 0x0000026990c5ce10 code [0x0000026990c5cfc0, 0x0000026990c5d208]
Event: 16.531 Thread 0x00000269e4267b60 7967       3       org.eclipse.jdt.internal.launching.environments.EnvironmentsManager::getDefault (20 bytes)
Event: 16.531 Thread 0x00000269e4267b60 nmethod 7967 0x0000026990c5d390 code [0x0000026990c5d540, 0x0000026990c5d740]
Event: 16.541 Thread 0x00000269eab52400 nmethod 7956 0x0000026997c6cd10 code [0x0000026997c6d100, 0x0000026997c6e4d0]
Event: 16.541 Thread 0x00000269eab52400 7960       4       org.eclipse.core.internal.resources.ResourceInfo::getMarkers (31 bytes)
Event: 16.543 Thread 0x00000269eab52400 nmethod 7960 0x0000026997c6f810 code [0x0000026997c6f9a0, 0x0000026997c6fa58]
Event: 16.543 Thread 0x00000269eab52400 7966       4       java.lang.AbstractStringBuilder::append (67 bytes)
Event: 16.551 Thread 0x00000269eab52400 nmethod 7966 0x0000026997c6fb10 code [0x0000026997c6fd20, 0x0000026997c70690]
Event: 16.551 Thread 0x00000269eab52400 7849       4       java.lang.String::codePointAt (50 bytes)
Event: 16.551 Thread 0x00000269eab52400 nmethod 7849 0x0000026997c70c10 code [0x0000026997c70da0, 0x0000026997c70eb8]
Event: 16.551 Thread 0x00000269eab52400 7888       4       java.lang.invoke.MethodType::methodType (69 bytes)

GC Heap History (20 events):
Event: 14.362 GC heap before
{Heap before GC invocations=41 (full 2):
 PSYoungGen      total 14848K, used 14354K [0x00000000eab00000, 0x00000000ebb80000, 0x0000000100000000)
  eden space 12800K, 100% used [0x00000000eab00000,0x00000000eb780000,0x00000000eb780000)
  from space 2048K, 75% used [0x00000000eb980000,0x00000000ebb04a20,0x00000000ebb80000)
  to   space 2048K, 0% used [0x00000000eb780000,0x00000000eb780000,0x00000000eb980000)
 ParOldGen       total 68608K, used 49669K [0x00000000c0000000, 0x00000000c4300000, 0x00000000eab00000)
  object space 68608K, 72% used [0x00000000c0000000,0x00000000c3081588,0x00000000c4300000)
 Metaspace       used 47140K, committed 48448K, reserved 1114112K
  class space    used 4969K, committed 5568K, reserved 1048576K
}
Event: 14.365 GC heap after
{Heap after GC invocations=41 (full 2):
 PSYoungGen      total 14848K, used 1622K [0x00000000eab00000, 0x00000000ebb80000, 0x0000000100000000)
  eden space 12800K, 0% used [0x00000000eab00000,0x00000000eab00000,0x00000000eb780000)
  from space 2048K, 79% used [0x00000000eb780000,0x00000000eb915808,0x00000000eb980000)
  to   space 2048K, 0% used [0x00000000eb980000,0x00000000eb980000,0x00000000ebb80000)
 ParOldGen       total 68608K, used 51090K [0x00000000c0000000, 0x00000000c4300000, 0x00000000eab00000)
  object space 68608K, 74% used [0x00000000c0000000,0x00000000c31e4a48,0x00000000c4300000)
 Metaspace       used 47140K, committed 48448K, reserved 1114112K
  class space    used 4969K, committed 5568K, reserved 1048576K
}
Event: 14.437 GC heap before
{Heap before GC invocations=42 (full 2):
 PSYoungGen      total 14848K, used 14422K [0x00000000eab00000, 0x00000000ebb80000, 0x0000000100000000)
  eden space 12800K, 100% used [0x00000000eab00000,0x00000000eb780000,0x00000000eb780000)
  from space 2048K, 79% used [0x00000000eb780000,0x00000000eb915808,0x00000000eb980000)
  to   space 2048K, 0% used [0x00000000eb980000,0x00000000eb980000,0x00000000ebb80000)
 ParOldGen       total 68608K, used 51090K [0x00000000c0000000, 0x00000000c4300000, 0x00000000eab00000)
  object space 68608K, 74% used [0x00000000c0000000,0x00000000c31e4a48,0x00000000c4300000)
 Metaspace       used 47157K, committed 48448K, reserved 1114112K
  class space    used 4969K, committed 5568K, reserved 1048576K
}
Event: 14.441 GC heap after
{Heap after GC invocations=42 (full 2):
 PSYoungGen      total 14848K, used 1696K [0x00000000eab00000, 0x00000000ebb80000, 0x0000000100000000)
  eden space 12800K, 0% used [0x00000000eab00000,0x00000000eab00000,0x00000000eb780000)
  from space 2048K, 82% used [0x00000000eb980000,0x00000000ebb28010,0x00000000ebb80000)
  to   space 2048K, 0% used [0x00000000eb780000,0x00000000eb780000,0x00000000eb980000)
 ParOldGen       total 68608K, used 52573K [0x00000000c0000000, 0x00000000c4300000, 0x00000000eab00000)
  object space 68608K, 76% used [0x00000000c0000000,0x00000000c33576a8,0x00000000c4300000)
 Metaspace       used 47157K, committed 48448K, reserved 1114112K
  class space    used 4969K, committed 5568K, reserved 1048576K
}
Event: 14.499 GC heap before
{Heap before GC invocations=43 (full 2):
 PSYoungGen      total 14848K, used 14496K [0x00000000eab00000, 0x00000000ebb80000, 0x0000000100000000)
  eden space 12800K, 100% used [0x00000000eab00000,0x00000000eb780000,0x00000000eb780000)
  from space 2048K, 82% used [0x00000000eb980000,0x00000000ebb28010,0x00000000ebb80000)
  to   space 2048K, 0% used [0x00000000eb780000,0x00000000eb780000,0x00000000eb980000)
 ParOldGen       total 68608K, used 52573K [0x00000000c0000000, 0x00000000c4300000, 0x00000000eab00000)
  object space 68608K, 76% used [0x00000000c0000000,0x00000000c33576a8,0x00000000c4300000)
 Metaspace       used 47177K, committed 48448K, reserved 1114112K
  class space    used 4969K, committed 5568K, reserved 1048576K
}
Event: 14.503 GC heap after
{Heap after GC invocations=43 (full 2):
 PSYoungGen      total 14848K, used 1631K [0x00000000eab00000, 0x00000000ebb80000, 0x0000000100000000)
  eden space 12800K, 0% used [0x00000000eab00000,0x00000000eab00000,0x00000000eb780000)
  from space 2048K, 79% used [0x00000000eb780000,0x00000000eb917fb0,0x00000000eb980000)
  to   space 2048K, 0% used [0x00000000eb980000,0x00000000eb980000,0x00000000ebb80000)
 ParOldGen       total 68608K, used 54201K [0x00000000c0000000, 0x00000000c4300000, 0x00000000eab00000)
  object space 68608K, 79% used [0x00000000c0000000,0x00000000c34ee4d8,0x00000000c4300000)
 Metaspace       used 47177K, committed 48448K, reserved 1114112K
  class space    used 4969K, committed 5568K, reserved 1048576K
}
Event: 14.621 GC heap before
{Heap before GC invocations=44 (full 2):
 PSYoungGen      total 14848K, used 14431K [0x00000000eab00000, 0x00000000ebb80000, 0x0000000100000000)
  eden space 12800K, 100% used [0x00000000eab00000,0x00000000eb780000,0x00000000eb780000)
  from space 2048K, 79% used [0x00000000eb780000,0x00000000eb917fb0,0x00000000eb980000)
  to   space 2048K, 0% used [0x00000000eb980000,0x00000000eb980000,0x00000000ebb80000)
 ParOldGen       total 68608K, used 54201K [0x00000000c0000000, 0x00000000c4300000, 0x00000000eab00000)
  object space 68608K, 79% used [0x00000000c0000000,0x00000000c34ee4d8,0x00000000c4300000)
 Metaspace       used 47422K, committed 48640K, reserved 1114112K
  class space    used 4993K, committed 5568K, reserved 1048576K
}
Event: 14.624 GC heap after
{Heap after GC invocations=44 (full 2):
 PSYoungGen      total 14336K, used 1252K [0x00000000eab00000, 0x00000000ebb00000, 0x0000000100000000)
  eden space 12800K, 0% used [0x00000000eab00000,0x00000000eab00000,0x00000000eb780000)
  from space 1536K, 81% used [0x00000000eb980000,0x00000000ebab9378,0x00000000ebb00000)
  to   space 1536K, 0% used [0x00000000eb800000,0x00000000eb800000,0x00000000eb980000)
 ParOldGen       total 68608K, used 55672K [0x00000000c0000000, 0x00000000c4300000, 0x00000000eab00000)
  object space 68608K, 81% used [0x00000000c0000000,0x00000000c365e278,0x00000000c4300000)
 Metaspace       used 47422K, committed 48640K, reserved 1114112K
  class space    used 4993K, committed 5568K, reserved 1048576K
}
Event: 14.815 GC heap before
{Heap before GC invocations=45 (full 2):
 PSYoungGen      total 14336K, used 14046K [0x00000000eab00000, 0x00000000ebb00000, 0x0000000100000000)
  eden space 12800K, 99% used [0x00000000eab00000,0x00000000eb77e708,0x00000000eb780000)
  from space 1536K, 81% used [0x00000000eb980000,0x00000000ebab9378,0x00000000ebb00000)
  to   space 1536K, 0% used [0x00000000eb800000,0x00000000eb800000,0x00000000eb980000)
 ParOldGen       total 68608K, used 55672K [0x00000000c0000000, 0x00000000c4300000, 0x00000000eab00000)
  object space 68608K, 81% used [0x00000000c0000000,0x00000000c365e278,0x00000000c4300000)
 Metaspace       used 47874K, committed 49088K, reserved 1114112K
  class space    used 5034K, committed 5568K, reserved 1048576K
}
Event: 14.819 GC heap after
{Heap after GC invocations=45 (full 2):
 PSYoungGen      total 14336K, used 1514K [0x00000000eab00000, 0x00000000ebb80000, 0x0000000100000000)
  eden space 12800K, 0% used [0x00000000eab00000,0x00000000eab00000,0x00000000eb780000)
  from space 1536K, 98% used [0x00000000eb800000,0x00000000eb97aac8,0x00000000eb980000)
  to   space 2048K, 0% used [0x00000000eb980000,0x00000000eb980000,0x00000000ebb80000)
 ParOldGen       total 68608K, used 57549K [0x00000000c0000000, 0x00000000c4300000, 0x00000000eab00000)
  object space 68608K, 83% used [0x00000000c0000000,0x00000000c3833700,0x00000000c4300000)
 Metaspace       used 47874K, committed 49088K, reserved 1114112K
  class space    used 5034K, committed 5568K, reserved 1048576K
}
Event: 15.027 GC heap before
{Heap before GC invocations=46 (full 2):
 PSYoungGen      total 14336K, used 14314K [0x00000000eab00000, 0x00000000ebb80000, 0x0000000100000000)
  eden space 12800K, 100% used [0x00000000eab00000,0x00000000eb780000,0x00000000eb780000)
  from space 1536K, 98% used [0x00000000eb800000,0x00000000eb97aac8,0x00000000eb980000)
  to   space 2048K, 0% used [0x00000000eb980000,0x00000000eb980000,0x00000000ebb80000)
 ParOldGen       total 68608K, used 57549K [0x00000000c0000000, 0x00000000c4300000, 0x00000000eab00000)
  object space 68608K, 83% used [0x00000000c0000000,0x00000000c3833700,0x00000000c4300000)
 Metaspace       used 48474K, committed 49728K, reserved 1114112K
  class space    used 5095K, committed 5696K, reserved 1048576K
}
Event: 15.030 GC heap after
{Heap after GC invocations=46 (full 2):
 PSYoungGen      total 12800K, used 2041K [0x00000000eab00000, 0x00000000ebf80000, 0x0000000100000000)
  eden space 10752K, 0% used [0x00000000eab00000,0x00000000eab00000,0x00000000eb580000)
  from space 2048K, 99% used [0x00000000eb980000,0x00000000ebb7e7a8,0x00000000ebb80000)
  to   space 4096K, 0% used [0x00000000eb580000,0x00000000eb580000,0x00000000eb980000)
 ParOldGen       total 68608K, used 59016K [0x00000000c0000000, 0x00000000c4300000, 0x00000000eab00000)
  object space 68608K, 86% used [0x00000000c0000000,0x00000000c39a20a0,0x00000000c4300000)
 Metaspace       used 48474K, committed 49728K, reserved 1114112K
  class space    used 5095K, committed 5696K, reserved 1048576K
}
Event: 15.139 GC heap before
{Heap before GC invocations=47 (full 2):
 PSYoungGen      total 12800K, used 12695K [0x00000000eab00000, 0x00000000ebf80000, 0x0000000100000000)
  eden space 10752K, 99% used [0x00000000eab00000,0x00000000eb567800,0x00000000eb580000)
  from space 2048K, 99% used [0x00000000eb980000,0x00000000ebb7e7a8,0x00000000ebb80000)
  to   space 4096K, 0% used [0x00000000eb580000,0x00000000eb580000,0x00000000eb980000)
 ParOldGen       total 68608K, used 59016K [0x00000000c0000000, 0x00000000c4300000, 0x00000000eab00000)
  object space 68608K, 86% used [0x00000000c0000000,0x00000000c39a20a0,0x00000000c4300000)
 Metaspace       used 49064K, committed 50240K, reserved 1114112K
  class space    used 5136K, committed 5696K, reserved 1048576K
}
Event: 15.143 GC heap after
{Heap after GC invocations=47 (full 2):
 PSYoungGen      total 13312K, used 2135K [0x00000000eab00000, 0x00000000ebb80000, 0x0000000100000000)
  eden space 10752K, 0% used [0x00000000eab00000,0x00000000eab00000,0x00000000eb580000)
  from space 2560K, 83% used [0x00000000eb580000,0x00000000eb795d58,0x00000000eb800000)
  to   space 3072K, 0% used [0x00000000eb880000,0x00000000eb880000,0x00000000ebb80000)
 ParOldGen       total 68608K, used 60858K [0x00000000c0000000, 0x00000000c4300000, 0x00000000eab00000)
  object space 68608K, 88% used [0x00000000c0000000,0x00000000c3b6eaa8,0x00000000c4300000)
 Metaspace       used 49064K, committed 50240K, reserved 1114112K
  class space    used 5136K, committed 5696K, reserved 1048576K
}
Event: 15.246 GC heap before
{Heap before GC invocations=48 (full 2):
 PSYoungGen      total 13312K, used 12887K [0x00000000eab00000, 0x00000000ebb80000, 0x0000000100000000)
  eden space 10752K, 100% used [0x00000000eab00000,0x00000000eb580000,0x00000000eb580000)
  from space 2560K, 83% used [0x00000000eb580000,0x00000000eb795d58,0x00000000eb800000)
  to   space 3072K, 0% used [0x00000000eb880000,0x00000000eb880000,0x00000000ebb80000)
 ParOldGen       total 68608K, used 60858K [0x00000000c0000000, 0x00000000c4300000, 0x00000000eab00000)
  object space 68608K, 88% used [0x00000000c0000000,0x00000000c3b6eaa8,0x00000000c4300000)
 Metaspace       used 49747K, committed 50944K, reserved 1114112K
  class space    used 5225K, committed 5760K, reserved 1048576K
}
Event: 15.248 GC heap after
{Heap after GC invocations=48 (full 2):
 PSYoungGen      total 12800K, used 1739K [0x00000000eab00000, 0x00000000eba80000, 0x0000000100000000)
  eden space 10752K, 0% used [0x00000000eab00000,0x00000000eab00000,0x00000000eb580000)
  from space 2048K, 84% used [0x00000000eb880000,0x00000000eba32d48,0x00000000eba80000)
  to   space 2048K, 0% used [0x00000000eb680000,0x00000000eb680000,0x00000000eb880000)
 ParOldGen       total 68608K, used 62818K [0x00000000c0000000, 0x00000000c4300000, 0x00000000eab00000)
  object space 68608K, 91% used [0x00000000c0000000,0x00000000c3d58930,0x00000000c4300000)
 Metaspace       used 49747K, committed 50944K, reserved 1114112K
  class space    used 5225K, committed 5760K, reserved 1048576K
}
Event: 15.350 GC heap before
{Heap before GC invocations=49 (full 2):
 PSYoungGen      total 12800K, used 12491K [0x00000000eab00000, 0x00000000eba80000, 0x0000000100000000)
  eden space 10752K, 100% used [0x00000000eab00000,0x00000000eb580000,0x00000000eb580000)
  from space 2048K, 84% used [0x00000000eb880000,0x00000000eba32d48,0x00000000eba80000)
  to   space 2048K, 0% used [0x00000000eb680000,0x00000000eb680000,0x00000000eb880000)
 ParOldGen       total 68608K, used 62818K [0x00000000c0000000, 0x00000000c4300000, 0x00000000eab00000)
  object space 68608K, 91% used [0x00000000c0000000,0x00000000c3d58930,0x00000000c4300000)
 Metaspace       used 50241K, committed 51456K, reserved 1114112K
  class space    used 5274K, committed 5824K, reserved 1048576K
}
Event: 15.352 GC heap after
{Heap after GC invocations=49 (full 2):
 PSYoungGen      total 12800K, used 1708K [0x00000000eab00000, 0x00000000eb980000, 0x0000000100000000)
  eden space 10752K, 0% used [0x00000000eab00000,0x00000000eab00000,0x00000000eb580000)
  from space 2048K, 83% used [0x00000000eb680000,0x00000000eb82b208,0x00000000eb880000)
  to   space 1024K, 0% used [0x00000000eb880000,0x00000000eb880000,0x00000000eb980000)
 ParOldGen       total 68608K, used 64385K [0x00000000c0000000, 0x00000000c4300000, 0x00000000eab00000)
  object space 68608K, 93% used [0x00000000c0000000,0x00000000c3ee07c8,0x00000000c4300000)
 Metaspace       used 50241K, committed 51456K, reserved 1114112K
  class space    used 5274K, committed 5824K, reserved 1048576K
}
Event: 15.485 GC heap before
{Heap before GC invocations=50 (full 2):
 PSYoungGen      total 12800K, used 12460K [0x00000000eab00000, 0x00000000eb980000, 0x0000000100000000)
  eden space 10752K, 100% used [0x00000000eab00000,0x00000000eb580000,0x00000000eb580000)
  from space 2048K, 83% used [0x00000000eb680000,0x00000000eb82b208,0x00000000eb880000)
  to   space 1024K, 0% used [0x00000000eb880000,0x00000000eb880000,0x00000000eb980000)
 ParOldGen       total 68608K, used 64385K [0x00000000c0000000, 0x00000000c4300000, 0x00000000eab00000)
  object space 68608K, 93% used [0x00000000c0000000,0x00000000c3ee07c8,0x00000000c4300000)
 Metaspace       used 50523K, committed 51776K, reserved 1114112K
  class space    used 5308K, committed 5888K, reserved 1048576K
}
Event: 16.506 GC heap after
{Heap after GC invocations=50 (full 2):
 PSYoungGen      total 10752K, used 1018K [0x00000000eab00000, 0x00000000ebd80000, 0x0000000100000000)
  eden space 9728K, 0% used [0x00000000eab00000,0x00000000eab00000,0x00000000eb480000)
  from space 1024K, 99% used [0x00000000eb880000,0x00000000eb97ead8,0x00000000eb980000)
  to   space 4096K, 0% used [0x00000000eb480000,0x00000000eb480000,0x00000000eb880000)
 ParOldGen       total 68608K, used 66968K [0x00000000c0000000, 0x00000000c4300000, 0x00000000eab00000)
  object space 68608K, 97% used [0x00000000c0000000,0x00000000c41663a8,0x00000000c4300000)
 Metaspace       used 50523K, committed 51776K, reserved 1114112K
  class space    used 5308K, committed 5888K, reserved 1048576K
}

Dll operation events (10 events):
Event: 0.028 Loaded shared library c:\Users\DIEM MY\.vscode\extensions\redhat.java-1.42.0-win32-x64\jre\21.0.7-win32-x86_64\bin\java.dll
Event: 0.142 Loaded shared library c:\Users\DIEM MY\.vscode\extensions\redhat.java-1.42.0-win32-x64\jre\21.0.7-win32-x86_64\bin\zip.dll
Event: 0.168 Loaded shared library C:\Users\DIEM MY\.vscode\extensions\redhat.java-1.42.0-win32-x64\jre\21.0.7-win32-x86_64\bin\instrument.dll
Event: 0.178 Loaded shared library C:\Users\DIEM MY\.vscode\extensions\redhat.java-1.42.0-win32-x64\jre\21.0.7-win32-x86_64\bin\net.dll
Event: 0.182 Loaded shared library C:\Users\DIEM MY\.vscode\extensions\redhat.java-1.42.0-win32-x64\jre\21.0.7-win32-x86_64\bin\nio.dll
Event: 0.186 Loaded shared library C:\Users\DIEM MY\.vscode\extensions\redhat.java-1.42.0-win32-x64\jre\21.0.7-win32-x86_64\bin\zip.dll
Event: 0.212 Loaded shared library C:\Users\DIEM MY\.vscode\extensions\redhat.java-1.42.0-win32-x64\jre\21.0.7-win32-x86_64\bin\jimage.dll
Event: 0.309 Loaded shared library c:\Users\DIEM MY\.vscode\extensions\redhat.java-1.42.0-win32-x64\jre\21.0.7-win32-x86_64\bin\verify.dll
Event: 1.695 Loaded shared library C:\Users\DIEM MY\AppData\Roaming\Code\User\globalStorage\redhat.java\1.42.0\config_win\org.eclipse.equinox.launcher\org.eclipse.equinox.launcher.win32.win32.x86_64_1.2.1300.v20250331-1702\eclipse_11911.dll
Event: 6.451 Loaded shared library C:\Users\DIEM MY\AppData\Local\Temp\jna--1918281025\jna8565244316434351441.dll

Deoptimization events (20 events):
Event: 15.408 Thread 0x00000269e96cf010 Uncommon trap: trap_request=0xffffff45 fr.pc=0x0000026997c551f0 relative=0x0000000000000910
Event: 15.408 Thread 0x00000269e96cf010 Uncommon trap: reason=unstable_if action=reinterpret pc=0x0000026997c551f0 method=org.eclipse.jdt.internal.core.search.indexing.BinaryIndexer.decodeReturnType([C)[C @ 250 c2
Event: 15.408 Thread 0x00000269e96cf010 DEOPT PACKING pc=0x0000026997c551f0 sp=0x000000f801bfe670
Event: 15.408 Thread 0x00000269e96cf010 DEOPT UNPACKING pc=0x0000026997386da2 sp=0x000000f801bfe618 mode 2
Event: 16.506 Thread 0x00000269e96d2490 Uncommon trap: trap_request=0xffffffde fr.pc=0x0000026997b1a684 relative=0x0000000000001dc4
Event: 16.512 Thread 0x00000269e96d2490 Uncommon trap: reason=class_check action=maybe_recompile pc=0x0000026997b1a684 method=org.eclipse.core.internal.watson.ElementTreeIterator.doIteration(Lorg/eclipse/core/internal/dtree/DataTreeNode;Lorg/eclipse/core/internal/watson/IElementContentVisitor;)
Event: 16.512 Thread 0x00000269e96d2490 DEOPT PACKING pc=0x0000026997b1a684 sp=0x000000f801afe4f0
Event: 16.512 Thread 0x00000269e96d2490 DEOPT UNPACKING pc=0x0000026997386da2 sp=0x000000f801afe510 mode 2
Event: 16.513 Thread 0x00000269e96d2490 Uncommon trap: trap_request=0xffffffde fr.pc=0x0000026997b1a684 relative=0x0000000000001dc4
Event: 16.513 Thread 0x00000269e96d2490 Uncommon trap: reason=class_check action=maybe_recompile pc=0x0000026997b1a684 method=org.eclipse.core.internal.watson.ElementTreeIterator.doIteration(Lorg/eclipse/core/internal/dtree/DataTreeNode;Lorg/eclipse/core/internal/watson/IElementContentVisitor;)
Event: 16.513 Thread 0x00000269e96d2490 DEOPT PACKING pc=0x0000026997b1a684 sp=0x000000f801afe460
Event: 16.513 Thread 0x00000269e96d2490 DEOPT UNPACKING pc=0x0000026997386da2 sp=0x000000f801afe480 mode 2
Event: 16.513 Thread 0x00000269e96d2490 Uncommon trap: trap_request=0xffffffde fr.pc=0x0000026997b1a684 relative=0x0000000000001dc4
Event: 16.514 Thread 0x00000269e96d2490 Uncommon trap: reason=class_check action=maybe_recompile pc=0x0000026997b1a684 method=org.eclipse.core.internal.watson.ElementTreeIterator.doIteration(Lorg/eclipse/core/internal/dtree/DataTreeNode;Lorg/eclipse/core/internal/watson/IElementContentVisitor;)
Event: 16.514 Thread 0x00000269e96d2490 DEOPT PACKING pc=0x0000026997b1a684 sp=0x000000f801afe460
Event: 16.514 Thread 0x00000269e96d2490 DEOPT UNPACKING pc=0x0000026997386da2 sp=0x000000f801afe480 mode 2
Event: 16.514 Thread 0x00000269e96d2490 Uncommon trap: trap_request=0xffffffde fr.pc=0x0000026997b1a684 relative=0x0000000000001dc4
Event: 16.515 Thread 0x00000269e96d2490 Uncommon trap: reason=class_check action=maybe_recompile pc=0x0000026997b1a684 method=org.eclipse.core.internal.watson.ElementTreeIterator.doIteration(Lorg/eclipse/core/internal/dtree/DataTreeNode;Lorg/eclipse/core/internal/watson/IElementContentVisitor;)
Event: 16.515 Thread 0x00000269e96d2490 DEOPT PACKING pc=0x0000026997b1a684 sp=0x000000f801afe3d0
Event: 16.515 Thread 0x00000269e96d2490 DEOPT UNPACKING pc=0x0000026997386da2 sp=0x000000f801afe3f0 mode 2

Classes loaded (20 events):
Event: 12.411 Loading class java/nio/file/FileVisitResult
Event: 12.411 Loading class java/nio/file/FileVisitResult done
Event: 12.479 Loading class java/nio/channels/Channels$ReadableByteChannelImpl
Event: 12.479 Loading class java/nio/channels/Channels$ReadableByteChannelImpl done
Event: 12.479 Loading class java/nio/channels/NonWritableChannelException
Event: 12.479 Loading class java/nio/channels/NonWritableChannelException done
Event: 13.742 Loading class java/util/AbstractList$ListItr
Event: 13.742 Loading class java/util/AbstractList$ListItr done
Event: 14.667 Loading class java/util/WeakHashMap$KeyIterator
Event: 14.677 Loading class java/util/WeakHashMap$KeyIterator done
Event: 15.220 Loading class java/util/concurrent/CompletableFuture$AltResult
Event: 15.221 Loading class java/util/concurrent/CompletableFuture$AltResult done
Event: 15.221 Loading class java/util/concurrent/CompletableFuture$Completion
Event: 15.221 Loading class java/util/concurrent/CompletableFuture$AsynchronousCompletionTask
Event: 15.221 Loading class java/util/concurrent/CompletableFuture$AsynchronousCompletionTask done
Event: 15.223 Loading class java/util/concurrent/CompletableFuture$Completion done
Event: 15.273 Loading class sun/nio/ch/WindowsAsynchronousFileChannelImpl$WriteTask
Event: 15.273 Loading class sun/nio/ch/WindowsAsynchronousFileChannelImpl$WriteTask done
Event: 15.467 Loading class jdk/internal/math/FormattedFPDecimal
Event: 15.468 Loading class jdk/internal/math/FormattedFPDecimal done

Classes unloaded (7 events):
Event: 7.714 Thread 0x00000269a17425e0 Unloading class 0x00000269a31a4c00 'java/lang/invoke/LambdaForm$MH+0x00000269a31a4c00'
Event: 7.714 Thread 0x00000269a17425e0 Unloading class 0x00000269a31a4800 'java/lang/invoke/LambdaForm$MH+0x00000269a31a4800'
Event: 7.714 Thread 0x00000269a17425e0 Unloading class 0x00000269a31a4400 'java/lang/invoke/LambdaForm$MH+0x00000269a31a4400'
Event: 7.714 Thread 0x00000269a17425e0 Unloading class 0x00000269a31a4000 'java/lang/invoke/LambdaForm$MH+0x00000269a31a4000'
Event: 7.714 Thread 0x00000269a17425e0 Unloading class 0x00000269a31a3c00 'java/lang/invoke/LambdaForm$BMH+0x00000269a31a3c00'
Event: 7.714 Thread 0x00000269a17425e0 Unloading class 0x00000269a31a3800 'java/lang/invoke/LambdaForm$DMH+0x00000269a31a3800'
Event: 7.714 Thread 0x00000269a17425e0 Unloading class 0x00000269a31a2400 'java/lang/invoke/LambdaForm$DMH+0x00000269a31a2400'

Classes redefined (0 events):
No events

Internal exceptions (20 events):
Event: 14.838 Thread 0x00000269e96d2490 Exception <a 'sun/nio/fs/WindowsException'{0x00000000eabb2888}> (0x00000000eabb2888) 
thrown [s\src\hotspot\share\prims\jni.cpp, line 520]
Event: 14.838 Thread 0x00000269e96d2490 Exception <a 'sun/nio/fs/WindowsException'{0x00000000eabb3200}> (0x00000000eabb3200) 
thrown [s\src\hotspot\share\prims\jni.cpp, line 520]
Event: 14.840 Thread 0x00000269e96d2490 Exception <a 'sun/nio/fs/WindowsException'{0x00000000eabc6708}> (0x00000000eabc6708) 
thrown [s\src\hotspot\share\prims\jni.cpp, line 520]
Event: 14.840 Thread 0x00000269e96d2490 Exception <a 'sun/nio/fs/WindowsException'{0x00000000eabc6dd0}> (0x00000000eabc6dd0) 
thrown [s\src\hotspot\share\prims\jni.cpp, line 520]
Event: 14.842 Thread 0x00000269e96d2490 Exception <a 'sun/nio/fs/WindowsException'{0x00000000eabc8dd8}> (0x00000000eabc8dd8) 
thrown [s\src\hotspot\share\prims\jni.cpp, line 520]
Event: 14.843 Thread 0x00000269e96d2490 Exception <a 'sun/nio/fs/WindowsException'{0x00000000eabc9750}> (0x00000000eabc9750) 
thrown [s\src\hotspot\share\prims\jni.cpp, line 520]
Event: 14.843 Thread 0x00000269e96d2490 Exception <a 'sun/nio/fs/WindowsException'{0x00000000eabcb870}> (0x00000000eabcb870) 
thrown [s\src\hotspot\share\prims\jni.cpp, line 520]
Event: 14.844 Thread 0x00000269e96d2490 Exception <a 'sun/nio/fs/WindowsException'{0x00000000eabcbf38}> (0x00000000eabcbf38) 
thrown [s\src\hotspot\share\prims\jni.cpp, line 520]
Event: 14.844 Thread 0x00000269e96d2490 Exception <a 'sun/nio/fs/WindowsException'{0x00000000eabe9f38}> (0x00000000eabe9f38) 
thrown [s\src\hotspot\share\prims\jni.cpp, line 520]
Event: 14.844 Thread 0x00000269e96d2490 Exception <a 'sun/nio/fs/WindowsException'{0x00000000eabea8b0}> (0x00000000eabea8b0) 
thrown [s\src\hotspot\share\prims\jni.cpp, line 520]
Event: 14.879 Thread 0x00000269e96cf010 Implicit null exception at 0x0000026997b8615a to 0x0000026997b86258
Event: 14.928 Thread 0x00000269e96d2490 Exception <a 'java/io/FileNotFoundException'{0x00000000eb1b38a8}> (0x00000000eb1b38a8) 
thrown [s\src\hotspot\share\prims\jni.cpp, line 520]
Event: 14.928 Thread 0x00000269e96d2490 Exception <a 'java/io/FileNotFoundException'{0x00000000eb1b48b0}> (0x00000000eb1b48b0) 
thrown [s\src\hotspot\share\prims\jni.cpp, line 520]
Event: 14.929 Thread 0x00000269e96d2490 Exception <a 'java/io/FileNotFoundException'{0x00000000eb1b6060}> (0x00000000eb1b6060) 
thrown [s\src\hotspot\share\prims\jni.cpp, line 520]
Event: 14.929 Thread 0x00000269e96d2490 Exception <a 'java/io/FileNotFoundException'{0x00000000eb2093b0}> (0x00000000eb2093b0) 
thrown [s\src\hotspot\share\prims\jni.cpp, line 520]
Event: 14.929 Thread 0x00000269e96d2490 Exception <a 'java/io/FileNotFoundException'{0x00000000eb20a3d8}> (0x00000000eb20a3d8) 
thrown [s\src\hotspot\share\prims\jni.cpp, line 520]
Event: 15.290 Thread 0x00000269ea77afc0 Exception <a 'java/lang/IncompatibleClassChangeError'{0x00000000eaf88558}: Found class java.lang.Object, but interface was expected> (0x00000000eaf88558) 
thrown [s\src\hotspot\share\interpreter\linkResolver.cpp, line 840]
Event: 15.465 Thread 0x00000269e96d2490 Exception <a 'java/lang/NoSuchMethodError'{0x00000000eb3f9380}: 'int java.lang.invoke.DirectMethodHandle$Holder.invokeSpecialIFC(java.lang.Object, java.lang.Object, java.lang.Object, java.lang.Object)'> (0x00000000eb3f9380) 
thrown [s\src\hotspot\share\interpreter\linkResolver.cpp, line 773]
Event: 16.531 Thread 0x00000269e96d2490 Exception <a 'sun/nio/fs/WindowsException'{0x00000000eab03710}> (0x00000000eab03710) 
thrown [s\src\hotspot\share\prims\jni.cpp, line 520]
Event: 16.531 Thread 0x00000269e96d2490 Exception <a 'sun/nio/fs/WindowsException'{0x00000000eab03dd8}> (0x00000000eab03dd8) 
thrown [s\src\hotspot\share\prims\jni.cpp, line 520]

ZGC Phase Switch (0 events):
No events

VM Operations (20 events):
Event: 14.840 Executing VM operation: HandshakeAllThreads (Deoptimize)
Event: 14.855 Executing VM operation: HandshakeAllThreads (Deoptimize) done
Event: 14.878 Executing VM operation: HandshakeAllThreads (Deoptimize)
Event: 14.879 Executing VM operation: HandshakeAllThreads (Deoptimize) done
Event: 14.919 Executing VM operation: ICBufferFull
Event: 14.919 Executing VM operation: ICBufferFull done
Event: 15.027 Executing VM operation: ParallelGCFailedAllocation (Allocation Failure)
Event: 15.030 Executing VM operation: ParallelGCFailedAllocation (Allocation Failure) done
Event: 15.136 Executing VM operation: ParallelGCFailedAllocation (Allocation Failure)
Event: 15.143 Executing VM operation: ParallelGCFailedAllocation (Allocation Failure) done
Event: 15.246 Executing VM operation: ParallelGCFailedAllocation (Allocation Failure)
Event: 15.248 Executing VM operation: ParallelGCFailedAllocation (Allocation Failure) done
Event: 15.350 Executing VM operation: ParallelGCFailedAllocation (Allocation Failure)
Event: 15.352 Executing VM operation: ParallelGCFailedAllocation (Allocation Failure) done
Event: 15.447 Executing VM operation: HandshakeAllThreads (Deoptimize)
Event: 15.448 Executing VM operation: HandshakeAllThreads (Deoptimize) done
Event: 15.479 Executing VM operation: HandshakeAllThreads (Deoptimize)
Event: 15.484 Executing VM operation: HandshakeAllThreads (Deoptimize) done
Event: 15.485 Executing VM operation: ParallelGCFailedAllocation (Allocation Failure)
Event: 16.506 Executing VM operation: ParallelGCFailedAllocation (Allocation Failure) done

Memory protections (0 events):
No events

Nmethod flushes (20 events):
Event: 9.664 Thread 0x00000269a17425e0 flushing  nmethod 0x000002699050d710
Event: 9.664 Thread 0x00000269a17425e0 flushing  nmethod 0x000002699050f990
Event: 9.664 Thread 0x00000269a17425e0 flushing  nmethod 0x0000026990522c90
Event: 9.664 Thread 0x00000269a17425e0 flushing  nmethod 0x0000026990542f90
Event: 9.664 Thread 0x00000269a17425e0 flushing  nmethod 0x0000026990543390
Event: 9.664 Thread 0x00000269a17425e0 flushing  nmethod 0x0000026990543c90
Event: 9.664 Thread 0x00000269a17425e0 flushing  nmethod 0x0000026990544e90
Event: 9.664 Thread 0x00000269a17425e0 flushing  nmethod 0x0000026990545690
Event: 9.664 Thread 0x00000269a17425e0 flushing  nmethod 0x0000026990547390
Event: 9.664 Thread 0x00000269a17425e0 flushing  nmethod 0x0000026990548c10
Event: 9.664 Thread 0x00000269a17425e0 flushing  nmethod 0x0000026990549910
Event: 9.664 Thread 0x00000269a17425e0 flushing  nmethod 0x000002699054ab10
Event: 9.664 Thread 0x00000269a17425e0 flushing  nmethod 0x0000026990553e10
Event: 9.664 Thread 0x00000269a17425e0 flushing  nmethod 0x0000026990555d90
Event: 9.664 Thread 0x00000269a17425e0 flushing  nmethod 0x000002699059a390
Event: 9.664 Thread 0x00000269a17425e0 flushing  nmethod 0x000002699059af10
Event: 9.664 Thread 0x00000269a17425e0 flushing  nmethod 0x00000269905e4990
Event: 9.664 Thread 0x00000269a17425e0 flushing  nmethod 0x00000269905e5590
Event: 9.664 Thread 0x00000269a17425e0 flushing  nmethod 0x000002699061aa10
Event: 9.664 Thread 0x00000269a17425e0 flushing  nmethod 0x000002699064c110

Events (20 events):
Event: 8.865 Thread 0x00000269e96d2490 Thread added: 0x00000269e96cfd30
Event: 9.426 Thread 0x00000269e96d2490 Thread added: 0x00000269ea776100
Event: 9.704 Thread 0x00000269ea776100 Thread added: 0x00000269ea7781d0
Event: 9.764 Thread 0x000002698b01aaa0 Thread added: 0x00000269ea776e20
Event: 9.765 Thread 0x000002698b01aaa0 Thread added: 0x00000269ea777b40
Event: 9.765 Thread 0x000002698b01aaa0 Thread added: 0x00000269ea778860
Event: 9.765 Thread 0x000002698b01aaa0 Thread added: 0x00000269ea778ef0
Event: 9.765 Thread 0x000002698b01aaa0 Thread added: 0x00000269ea775a70
Event: 9.765 Thread 0x000002698b01aaa0 Thread added: 0x00000269ea779580
Event: 9.765 Thread 0x000002698b01aaa0 Thread added: 0x00000269ea779c10
Event: 9.765 Thread 0x000002698b01aaa0 Thread added: 0x00000269ea776790
Event: 9.765 Thread 0x000002698b01aaa0 Thread added: 0x00000269ea77a930
Event: 9.818 Thread 0x000002698b01aaa0 Thread added: 0x00000269ea77a2a0
Event: 10.067 Thread 0x000002698b01aaa0 Thread added: 0x00000269ea7774b0
Event: 10.068 Thread 0x000002698b01aaa0 Thread added: 0x00000269ea77afc0
Event: 12.593 Thread 0x00000269a17548e0 Thread added: 0x00000269eaa416b0
Event: 12.803 Thread 0x00000269eaa416b0 Thread exited: 0x00000269eaa416b0
Event: 12.803 Thread 0x00000269e96cf6a0 Thread exited: 0x00000269e96cf6a0
Event: 13.834 Thread 0x00000269e4267b60 Thread added: 0x00000269eaa416b0
Event: 14.550 Thread 0x00000269e4267b60 Thread added: 0x00000269eab52400


Dynamic libraries:
0x00007ff6d5430000 - 0x00007ff6d543e000 	c:\Users\DIEM MY\.vscode\extensions\redhat.java-1.42.0-win32-x64\jre\21.0.7-win32-x86_64\bin\java.exe
0x00007fff358c0000 - 0x00007fff35b25000 	C:\WINDOWS\SYSTEM32\ntdll.dll
0x00007fff33e60000 - 0x00007fff33f29000 	C:\WINDOWS\System32\KERNEL32.DLL
0x00007fff330f0000 - 0x00007fff334d8000 	C:\WINDOWS\System32\KERNELBASE.dll
0x00007fff32db0000 - 0x00007fff32efb000 	C:\WINDOWS\System32\ucrtbase.dll
0x00007fff08b90000 - 0x00007fff08ba8000 	c:\Users\DIEM MY\.vscode\extensions\redhat.java-1.42.0-win32-x64\jre\21.0.7-win32-x86_64\bin\jli.dll
0x00007fff344d0000 - 0x00007fff3469a000 	C:\WINDOWS\System32\USER32.dll
0x00007fff32a10000 - 0x00007fff32a37000 	C:\WINDOWS\System32\win32u.dll
0x00007fff35690000 - 0x00007fff356bb000 	C:\WINDOWS\System32\GDI32.dll
0x00007fff32fb0000 - 0x00007fff330e7000 	C:\WINDOWS\System32\gdi32full.dll
0x00007fff32f00000 - 0x00007fff32fa3000 	C:\WINDOWS\System32\msvcp_win.dll
0x00007fff103e0000 - 0x00007fff103fe000 	c:\Users\DIEM MY\.vscode\extensions\redhat.java-1.42.0-win32-x64\jre\21.0.7-win32-x86_64\bin\VCRUNTIME140.dll
0x00007fff13610000 - 0x00007fff138aa000 	C:\WINDOWS\WinSxS\amd64_microsoft.windows.common-controls_6595b64144ccf1df_6.0.26100.4202_none_3e0698d4e335f517\COMCTL32.dll
0x00007fff33cc0000 - 0x00007fff33d69000 	C:\WINDOWS\System32\msvcrt.dll
0x00007fff33950000 - 0x00007fff33980000 	C:\WINDOWS\System32\IMM32.DLL
0x00007fff15290000 - 0x00007fff1529c000 	c:\Users\DIEM MY\.vscode\extensions\redhat.java-1.42.0-win32-x64\jre\21.0.7-win32-x86_64\bin\vcruntime140_1.dll
0x00007ffef94a0000 - 0x00007ffef952d000 	c:\Users\DIEM MY\.vscode\extensions\redhat.java-1.42.0-win32-x64\jre\21.0.7-win32-x86_64\bin\msvcp140.dll
0x00007ffebde30000 - 0x00007ffebebc0000 	c:\Users\DIEM MY\.vscode\extensions\redhat.java-1.42.0-win32-x64\jre\21.0.7-win32-x86_64\bin\server\jvm.dll
0x00007fff34890000 - 0x00007fff34943000 	C:\WINDOWS\System32\ADVAPI32.dll
0x00007fff357d0000 - 0x00007fff35876000 	C:\WINDOWS\System32\sechost.dll
0x00007fff33680000 - 0x00007fff33795000 	C:\WINDOWS\System32\RPCRT4.dll
0x00007fff33990000 - 0x00007fff33a04000 	C:\WINDOWS\System32\WS2_32.dll
0x00007fff18b10000 - 0x00007fff18b45000 	C:\WINDOWS\SYSTEM32\WINMM.dll
0x00007fff21480000 - 0x00007fff2148b000 	C:\WINDOWS\SYSTEM32\VERSION.dll
0x00007fff32220000 - 0x00007fff3227e000 	C:\WINDOWS\SYSTEM32\POWRPROF.dll
0x00007fff321d0000 - 0x00007fff321e4000 	C:\WINDOWS\SYSTEM32\UMPDC.dll
0x00007fff317d0000 - 0x00007fff317eb000 	C:\WINDOWS\SYSTEM32\kernel.appcore.dll
0x00007fff15270000 - 0x00007fff1527a000 	c:\Users\DIEM MY\.vscode\extensions\redhat.java-1.42.0-win32-x64\jre\21.0.7-win32-x86_64\bin\jimage.dll
0x00007fff30170000 - 0x00007fff303b1000 	C:\WINDOWS\SYSTEM32\DBGHELP.DLL
0x00007fff34bb0000 - 0x00007fff34f35000 	C:\WINDOWS\System32\combase.dll
0x00007fff33d70000 - 0x00007fff33e51000 	C:\WINDOWS\System32\OLEAUT32.dll
0x00007fff0bdf0000 - 0x00007fff0be29000 	C:\WINDOWS\SYSTEM32\dbgcore.DLL
0x00007fff32b90000 - 0x00007fff32c29000 	C:\WINDOWS\System32\bcryptPrimitives.dll
0x00007fff14c50000 - 0x00007fff14c5f000 	c:\Users\DIEM MY\.vscode\extensions\redhat.java-1.42.0-win32-x64\jre\21.0.7-win32-x86_64\bin\instrument.dll
0x00007fff02d60000 - 0x00007fff02d7f000 	c:\Users\DIEM MY\.vscode\extensions\redhat.java-1.42.0-win32-x64\jre\21.0.7-win32-x86_64\bin\java.dll
0x00007fff34f40000 - 0x00007fff35682000 	C:\WINDOWS\System32\SHELL32.dll
0x00007fff334e0000 - 0x00007fff33654000 	C:\WINDOWS\System32\wintypes.dll
0x00007fff30670000 - 0x00007fff30ec8000 	C:\WINDOWS\SYSTEM32\windows.storage.dll
0x00007fff356d0000 - 0x00007fff357c1000 	C:\WINDOWS\System32\SHCORE.dll
0x00007fff346a0000 - 0x00007fff3470a000 	C:\WINDOWS\System32\shlwapi.dll
0x00007fff32920000 - 0x00007fff3294f000 	C:\WINDOWS\SYSTEM32\profapi.dll
0x00007fff00df0000 - 0x00007fff00e08000 	c:\Users\DIEM MY\.vscode\extensions\redhat.java-1.42.0-win32-x64\jre\21.0.7-win32-x86_64\bin\zip.dll
0x00007fff14e60000 - 0x00007fff14e70000 	C:\Users\DIEM MY\.vscode\extensions\redhat.java-1.42.0-win32-x64\jre\21.0.7-win32-x86_64\bin\net.dll
0x00007fff29220000 - 0x00007fff2933e000 	C:\WINDOWS\SYSTEM32\WINHTTP.dll
0x00007fff31d40000 - 0x00007fff31daa000 	C:\WINDOWS\system32\mswsock.dll
0x00007fff00b70000 - 0x00007fff00b86000 	C:\Users\DIEM MY\.vscode\extensions\redhat.java-1.42.0-win32-x64\jre\21.0.7-win32-x86_64\bin\nio.dll
0x00007fff14030000 - 0x00007fff14040000 	c:\Users\DIEM MY\.vscode\extensions\redhat.java-1.42.0-win32-x64\jre\21.0.7-win32-x86_64\bin\verify.dll
0x00007ffef92f0000 - 0x00007ffef9335000 	C:\Users\DIEM MY\AppData\Roaming\Code\User\globalStorage\redhat.java\1.42.0\config_win\org.eclipse.equinox.launcher\org.eclipse.equinox.launcher.win32.win32.x86_64_1.2.1300.v20250331-1702\eclipse_11911.dll
0x00007fff337a0000 - 0x00007fff3393e000 	C:\WINDOWS\System32\ole32.dll
0x00007fff32060000 - 0x00007fff3207b000 	C:\WINDOWS\SYSTEM32\CRYPTSP.dll
0x00007fff31730000 - 0x00007fff3176a000 	C:\WINDOWS\system32\rsaenh.dll
0x00007fff31de0000 - 0x00007fff31e0b000 	C:\WINDOWS\SYSTEM32\USERENV.dll
0x00007fff328f0000 - 0x00007fff32916000 	C:\WINDOWS\SYSTEM32\bcrypt.dll
0x00007fff32080000 - 0x00007fff3208c000 	C:\WINDOWS\SYSTEM32\CRYPTBASE.dll
0x00007fff31230000 - 0x00007fff31263000 	C:\WINDOWS\SYSTEM32\IPHLPAPI.DLL
0x00007fff356c0000 - 0x00007fff356ca000 	C:\WINDOWS\System32\NSI.dll
0x00007fff13b20000 - 0x00007fff13b69000 	C:\Users\DIEM MY\AppData\Local\Temp\jna--1918281025\jna8565244316434351441.dll
0x00007fff33660000 - 0x00007fff33668000 	C:\WINDOWS\System32\PSAPI.DLL
0x00007fff2cd80000 - 0x00007fff2cd9f000 	C:\WINDOWS\SYSTEM32\dhcpcsvc6.DLL
0x00007fff2cc30000 - 0x00007fff2cc55000 	C:\WINDOWS\SYSTEM32\dhcpcsvc.DLL

dbghelp: loaded successfully - version: 4.0.5 - missing functions: none
symbol engine: initialized successfully - sym options: 0x614 - pdb path: .;c:\Users\DIEM MY\.vscode\extensions\redhat.java-1.42.0-win32-x64\jre\21.0.7-win32-x86_64\bin;C:\WINDOWS\SYSTEM32;C:\WINDOWS\WinSxS\amd64_microsoft.windows.common-controls_6595b64144ccf1df_6.0.26100.4202_none_3e0698d4e335f517;c:\Users\DIEM MY\.vscode\extensions\redhat.java-1.42.0-win32-x64\jre\21.0.7-win32-x86_64\bin\server;C:\Users\DIEM MY\AppData\Roaming\Code\User\globalStorage\redhat.java\1.42.0\config_win\org.eclipse.equinox.launcher\org.eclipse.equinox.launcher.win32.win32.x86_64_1.2.1300.v20250331-1702;C:\Users\DIEM MY\AppData\Local\Temp\jna--1918281025

VM Arguments:
jvm_args: --add-modules=ALL-SYSTEM --add-opens=java.base/java.util=ALL-UNNAMED --add-opens=java.base/java.lang=ALL-UNNAMED --add-opens=java.base/sun.nio.fs=ALL-UNNAMED -Declipse.application=org.eclipse.jdt.ls.core.id1 -Dosgi.bundles.defaultStartLevel=4 -Declipse.product=org.eclipse.jdt.ls.core.product -Djava.import.generatesMetadataFilesAtProjectRoot=false -DDetectVMInstallationsJob.disabled=true -Dfile.encoding=utf8 -XX:+UseParallelGC -XX:GCTimeRatio=4 -XX:AdaptiveSizePolicyWeight=90 -Dsun.zip.disableMemoryMapping=true -Xmx1G -Xms100m -Xlog:disable -javaagent:c:\Users\DIEM MY\.vscode\extensions\redhat.java-1.42.0-win32-x64\lombok\lombok-1.18.36.jar -XX:+HeapDumpOnOutOfMemoryError -XX:HeapDumpPath=c:\Users\DIEM MY\AppData\Roaming\Code\User\workspaceStorage\e0fc29883c107ccbdd5b8a4f04aa8091\redhat.java -Daether.dependencyCollector.impl=bf 
java_command: c:\Users\DIEM MY\.vscode\extensions\redhat.java-1.42.0-win32-x64\server\plugins\org.eclipse.equinox.launcher_1.7.0.v20250424-1814.jar -configuration c:\Users\DIEM MY\AppData\Roaming\Code\User\globalStorage\redhat.java\1.42.0\config_win -data c:\Users\DIEM MY\AppData\Roaming\Code\User\workspaceStorage\e0fc29883c107ccbdd5b8a4f04aa8091\redhat.java\jdt_ws --pipe=\\.\pipe\lsp-af57744af7e2dbe29a67104b480b17ca-sock
java_class_path (initial): c:\Users\DIEM MY\.vscode\extensions\redhat.java-1.42.0-win32-x64\server\plugins\org.eclipse.equinox.launcher_1.7.0.v20250424-1814.jar
Launcher Type: SUN_STANDARD

[Global flags]
    uintx AdaptiveSizePolicyWeight                 = 90                                        {product} {command line}
     intx CICompilerCount                          = 4                                         {product} {ergonomic}
    uintx GCTimeRatio                              = 4                                         {product} {command line}
     bool HeapDumpOnOutOfMemoryError               = true                                   {manageable} {command line}
    ccstr HeapDumpPath                             = c:\Users\DIEM MY\AppData\Roaming\Code\User\workspaceStorage\e0fc29883c107ccbdd5b8a4f04aa8091\redhat.java         {manageable} {command line}
   size_t InitialHeapSize                          = 104857600                                 {product} {command line}
   size_t MaxHeapSize                              = 1073741824                                {product} {command line}
   size_t MaxNewSize                               = 357564416                                 {product} {ergonomic}
   size_t MinHeapDeltaBytes                        = 524288                                    {product} {ergonomic}
   size_t MinHeapSize                              = 104857600                                 {product} {command line}
   size_t NewSize                                  = 34603008                                  {product} {ergonomic}
    uintx NonNMethodCodeHeapSize                   = 5839372                                {pd product} {ergonomic}
    uintx NonProfiledCodeHeapSize                  = 122909434                              {pd product} {ergonomic}
   size_t OldSize                                  = 70254592                                  {product} {ergonomic}
    uintx ProfiledCodeHeapSize                     = 122909434                              {pd product} {ergonomic}
    uintx ReservedCodeCacheSize                    = 251658240                              {pd product} {ergonomic}
     bool SegmentedCodeCache                       = true                                      {product} {ergonomic}
   size_t SoftMaxHeapSize                          = 1073741824                             {manageable} {ergonomic}
     bool UseCompressedOops                        = true                           {product lp64_product} {ergonomic}
     bool UseLargePagesIndividualAllocation        = false                                  {pd product} {ergonomic}
     bool UseParallelGC                            = true                                      {product} {command line}

Logging:
Log output configuration:
 #0: stdout all=off uptime,level,tags foldmultilines=false
 #1: stderr all=off uptime,level,tags foldmultilines=false

Environment Variables:
JAVA_HOME=C:\Program Files\Microsoft\jdk-17.0.8.7-hotspot\
PATH=C:\Program Files\Microsoft\jdk-17.0.8.7-hotspot\bin;C:\Program Files\Microsoft MPI\Bin\;C:\Program Files\Common Files\Oracle\Java\javapath;C:\Program Files (x86)\Common Files\Oracle\Java\javapath;C:\windows\system32;C:\windows;C:\windows\System32\Wbem;C:\windows\System32\WindowsPowerShell\v1.0\;C:\windows\System32\OpenSSH\;C:\Program Files\Git\cmd;C:\Program Files\Azure Data Studio\bin;C:\WINDOWS\system32;C:\WINDOWS;C:\WINDOWS\System32\Wbem;C:\WINDOWS\System32\WindowsPowerShell\v1.0\;C:\WINDOWS\System32\OpenSSH\;F:\HK1\LTWeb\bin;F:\HK1\LTWeb\JDK\bin;%MAVEN_HOME\bin;%JAVA_HOME\bin;C:\Program Files\Java\jdk-17\bin;F:\HK1\LTWeb\TOMCAT\apache-tomcat-9.0.65-windows-x64\apache-tomcat-9.0.65\bin;F:\HK1\LTWeb\MAVEN\apache-maven-3.8.6-bin\apache-maven-3.8.6\bin;C:\Program Files\MySQL\MySQL Server 8.0\bin;%JAVA_HOME\lib\security\cacerts;C:\ProgramData\chocolatey\bin;C:\Program Files\nodejs\;C:\WINDOWS\system32\config\systemprofile\AppData\Local\Android\Sdk;C:\WINDOWS\system32\config\systemprofile\AppData\Local\Android\Sdk\platform-tools;C:\Program Files\HP\HP One Agent;F:\MuyXue\Sonar\sonar-scanner-cli-5.0.1.3006-windows\sonar-scanner-5.0.1.3006-windows\bin;c:\Users\DIEM MY\AppData\Local\Programs\cursor\resources\app\bin;C:\Program Files\Microsoft SQL Server\150\Tools\Binn\;C:\WINDOWS\system32;C:\WINDOWS;C:\WINDOWS\System32\Wbem;C:\WINDOWS\System32\WindowsPowerShell\v1.0\;C:\WINDOWS\System32\OpenSSH\;C:\Users\DIEM MY\AppData\Local\Android\Sdk\tools;C:\Program Files\MySQL\MySQL Shell 8.0\bin\;C:\Users\DIEM MY\AppData\Local\Programs\Python\Python311\Scripts\;C:\Users\DIEM MY\AppData\Local\Programs\Python\Python311\;C:\Users\DIEM MY\AppData\Local\Programs\Python\Python39\Scripts\;C:\Users\DIEM MY\AppData\Local\Programs\Python\Python39\;C:\Users\DIEM MY\AppData\Local\Microsoft\WindowsApps;C:\Users\DIEM MY\AppData\Local\Programs\Microsoft VS Code\bin;C:\Program Files\Azure Data Studio\bin;C:\Users\DIEM MY\AppData\Roaming\npm;C:\Users\DIEM MY\AppData\Local\Android\Sdk\platform-tools;C:\Users\DIEM MY\AppData\Local\Android\Sdk;;F:\InTellij\IntelliJ IDEA 2024.1.4\bin;
USERNAME=DIEM MY
OS=Windows_NT
PROCESSOR_IDENTIFIER=Intel64 Family 6 Model 140 Stepping 1, GenuineIntel
TMP=C:\Users\DIEMMY~1\AppData\Local\Temp
TEMP=C:\Users\DIEMMY~1\AppData\Local\Temp




Periodic native trim disabled

---------------  S Y S T E M  ---------------

OS:
 Windows 11 , 64 bit Build 26100 (10.0.26100.4202)
OS uptime: 5 days 2:23 hours
Hyper-V role detected

CPU: total 8 (initial active 8) (4 cores per cpu, 2 threads per core) family 6 model 140 stepping 1 microcode 0xbc, cx8, cmov, fxsr, ht, mmx, 3dnowpref, sse, sse2, sse3, ssse3, sse4.1, sse4.2, popcnt, lzcnt, tsc, tscinvbit, avx, avx2, aes, erms, clmul, bmi1, bmi2, adx, avx512f, avx512dq, avx512cd, avx512bw, avx512vl, sha, fma, vzeroupper, avx512_vpopcntdq, avx512_vpclmulqdq, avx512_vaes, avx512_vnni, clflush, clflushopt, clwb, avx512_vbmi2, avx512_vbmi, hv, rdtscp, rdpid, fsrm, gfni, avx512_bitalg, f16c, cet_ibt, cet_ss, avx512_ifma
Processor Information for the first 8 processors :
  Max Mhz: 2803, Current Mhz: 2803, Mhz Limit: 2803

Memory: 4k page, system-wide physical 7937M (1122M free)
TotalPageFile size 31937M (AvailPageFile size 76M)
current process WorkingSet (physical memory assigned to process): 269M, peak: 270M
current process commit charge ("private bytes"): 320M, peak: 320M

vm_info: OpenJDK 64-Bit Server VM (21.0.7+6-LTS) for windows-amd64 JRE (21.0.7+6-LTS), built on 2025-04-15T00:00:00Z by "admin" with MS VC++ 17.7 (VS2022)

END.
