#
# There is insufficient memory for the Java Runtime Environment to continue.
# Native memory allocation (malloc) failed to allocate 176192 bytes. Error detail: Chunk::new
# Possible reasons:
#   The system is out of physical RAM or swap space
#   This process is running with CompressedOops enabled, and the Java Heap may be blocking the growth of the native heap
# Possible solutions:
#   Reduce memory load on the system
#   Increase physical memory or swap space
#   Check if swap backing store is full
#   Decrease Java heap size (-Xmx/-Xms)
#   Decrease number of Java threads
#   Decrease Java thread stack sizes (-Xss)
#   Set larger code cache with -XX:ReservedCodeCacheSize=
#   JVM is running with Unscaled Compressed Oops mode in which the Java heap is
#     placed in the first 4GB address space. The Java Heap base address is the
#     maximum limit for the native heap growth. Please use -XX:HeapBaseMinAddress
#     to set the Java Heap base and to place the Java Heap above 4GB virtual address.
# This output file may be truncated or incomplete.
#
#  Out of Memory Error (arena.cpp:168), pid=9152, tid=17044
#
# JRE version: OpenJDK Runtime Environment Temurin-21.0.6+7 (21.0.6+7) (build 21.0.6+7-LTS)
# Java VM: OpenJDK 64-Bit Server VM Temurin-21.0.6+7 (21.0.6+7-LTS, mixed mode, sharing, tiered, compressed oops, compressed class ptrs, parallel gc, windows-amd64)
# No core dump will be written. Minidumps are not enabled by default on client versions of Windows
#

---------------  S U M M A R Y ------------

Command Line: --add-modules=ALL-SYSTEM --add-opens=java.base/java.util=ALL-UNNAMED --add-opens=java.base/java.lang=ALL-UNNAMED --add-opens=java.base/sun.nio.fs=ALL-UNNAMED -Declipse.application=org.eclipse.jdt.ls.core.id1 -Dosgi.bundles.defaultStartLevel=4 -Declipse.product=org.eclipse.jdt.ls.core.product -Djava.import.generatesMetadataFilesAtProjectRoot=false -DDetectVMInstallationsJob.disabled=true -Dfile.encoding=utf8 -XX:+UseParallelGC -XX:GCTimeRatio=4 -XX:AdaptiveSizePolicyWeight=90 -Dsun.zip.disableMemoryMapping=true -Xmx1G -Xms100m -Xlog:disable -javaagent:c:\Users\DIEM MY\.vscode\extensions\redhat.java-1.41.1-win32-x64\lombok\lombok-1.18.36.jar -XX:+HeapDumpOnOutOfMemoryError -XX:HeapDumpPath=c:\Users\DIEM MY\AppData\Roaming\Code\User\workspaceStorage\e0fc29883c107ccbdd5b8a4f04aa8091\redhat.java -Daether.dependencyCollector.impl=bf c:\Users\DIEM MY\.vscode\extensions\redhat.java-1.41.1-win32-x64\server\plugins\org.eclipse.equinox.launcher_1.7.0.v20250331-1702.jar -configuration c:\Users\DIEM MY\AppData\Roaming\Code\User\globalStorage\redhat.java\1.41.1\config_win -data c:\Users\DIEM MY\AppData\Roaming\Code\User\workspaceStorage\e0fc29883c107ccbdd5b8a4f04aa8091\redhat.java\jdt_ws --pipe=\\.\pipe\lsp-7dc6771a634ea08885d672f19d8c04f2-sock

Host: 11th Gen Intel(R) Core(TM) i7-1165G7 @ 2.80GHz, 8 cores, 7G,  Windows 11 , 64 bit Build 26100 (10.0.26100.3775)
Time: Sun Apr 27 21:32:31 2025 SE Asia Standard Time elapsed time: 5.561393 seconds (0d 0h 0m 5s)

---------------  T H R E A D  ---------------

Current thread (0x000002de1572cda0):  JavaThread "C2 CompilerThread0" daemon [_thread_in_native, id=17044, stack(0x000000ee86a00000,0x000000ee86b00000) (1024K)]


Current CompileTask:
C2:5561 2991   !   4       java.util.concurrent.ConcurrentHashMap::transfer (849 bytes)

Stack: [0x000000ee86a00000,0x000000ee86b00000]
Native frames: (J=compiled Java code, j=interpreted, Vv=VM code, C=native code)
V  [jvm.dll+0x6cdee9]
V  [jvm.dll+0x8a83d1]
V  [jvm.dll+0x8aa8fe]
V  [jvm.dll+0x8aafe3]
V  [jvm.dll+0x27f706]
V  [jvm.dll+0xc500d]
V  [jvm.dll+0xc5543]
V  [jvm.dll+0x3b678c]
V  [jvm.dll+0x382935]
V  [jvm.dll+0x381d9a]
V  [jvm.dll+0x2479f0]
V  [jvm.dll+0x246fcf]
V  [jvm.dll+0x1c75ee]
V  [jvm.dll+0x25685a]
V  [jvm.dll+0x254dfa]
V  [jvm.dll+0x3f0256]
V  [jvm.dll+0x851f8b]
V  [jvm.dll+0x6cc5ed]
C  [ucrtbase.dll+0x37b0]
C  [KERNEL32.DLL+0x2e8d7]
C  [ntdll.dll+0xb14fc]


---------------  P R O C E S S  ---------------

Threads class SMR info:
_java_thread_list=0x000002de5d6446e0, length=19, elements={
0x000002de7edbbb80, 0x000002de7fe1dde0, 0x000002de15703fb0, 0x000002de157134a0,
0x000002de15714250, 0x000002de15716360, 0x000002de1571e220, 0x000002de1572cda0,
0x000002de58120090, 0x000002de581debd0, 0x000002de58453bd0, 0x000002de5d405ad0,
0x000002de58358770, 0x000002de58b7dbc0, 0x000002de586e2070, 0x000002de5d878810,
0x000002de5d8c5610, 0x000002de5d3b9c00, 0x000002de5d3b74a0
}

Java Threads: ( => current thread )
  0x000002de7edbbb80 JavaThread "main"                              [_thread_blocked, id=8876, stack(0x000000ee86000000,0x000000ee86100000) (1024K)]
  0x000002de7fe1dde0 JavaThread "Reference Handler"          daemon [_thread_blocked, id=15708, stack(0x000000ee86400000,0x000000ee86500000) (1024K)]
  0x000002de15703fb0 JavaThread "Finalizer"                  daemon [_thread_blocked, id=12572, stack(0x000000ee86500000,0x000000ee86600000) (1024K)]
  0x000002de157134a0 JavaThread "Signal Dispatcher"          daemon [_thread_blocked, id=9536, stack(0x000000ee86600000,0x000000ee86700000) (1024K)]
  0x000002de15714250 JavaThread "Attach Listener"            daemon [_thread_blocked, id=280, stack(0x000000ee86700000,0x000000ee86800000) (1024K)]
  0x000002de15716360 JavaThread "Service Thread"             daemon [_thread_blocked, id=12208, stack(0x000000ee86800000,0x000000ee86900000) (1024K)]
  0x000002de1571e220 JavaThread "Monitor Deflation Thread"   daemon [_thread_blocked, id=15672, stack(0x000000ee86900000,0x000000ee86a00000) (1024K)]
=>0x000002de1572cda0 JavaThread "C2 CompilerThread0"         daemon [_thread_in_native, id=17044, stack(0x000000ee86a00000,0x000000ee86b00000) (1024K)]
  0x000002de58120090 JavaThread "C1 CompilerThread0"         daemon [_thread_blocked, id=5384, stack(0x000000ee86b00000,0x000000ee86c00000) (1024K)]
  0x000002de581debd0 JavaThread "Common-Cleaner"             daemon [_thread_blocked, id=3848, stack(0x000000ee86c00000,0x000000ee86d00000) (1024K)]
  0x000002de58453bd0 JavaThread "Notification Thread"        daemon [_thread_blocked, id=9576, stack(0x000000ee86f00000,0x000000ee87000000) (1024K)]
  0x000002de5d405ad0 JavaThread "Active Thread: Equinox Container: f7c1f742-2bb1-4ef1-8511-2493bf04d3c0"        [_thread_blocked, id=12956, stack(0x000000ee87600000,0x000000ee87700000) (1024K)]
  0x000002de58358770 JavaThread "Refresh Thread: Equinox Container: f7c1f742-2bb1-4ef1-8511-2493bf04d3c0" daemon [_thread_blocked, id=4240, stack(0x000000ee86e00000,0x000000ee86f00000) (1024K)]
  0x000002de58b7dbc0 JavaThread "Framework Event Dispatcher: Equinox Container: f7c1f742-2bb1-4ef1-8511-2493bf04d3c0" daemon [_thread_blocked, id=15472, stack(0x000000ee87800000,0x000000ee87900000) (1024K)]
  0x000002de586e2070 JavaThread "Start Level: Equinox Container: f7c1f742-2bb1-4ef1-8511-2493bf04d3c0" daemon [_thread_in_native, id=5564, stack(0x000000ee87900000,0x000000ee87a00000) (1024K)]
  0x000002de5d878810 JavaThread "Bundle File Closer"         daemon [_thread_blocked, id=1064, stack(0x000000ee87b00000,0x000000ee87c00000) (1024K)]
  0x000002de5d8c5610 JavaThread "SCR Component Actor"        daemon [_thread_blocked, id=17148, stack(0x000000ee87c00000,0x000000ee87d00000) (1024K)]
  0x000002de5d3b9c00 JavaThread "SCR Component Registry"     daemon [_thread_blocked, id=18308, stack(0x000000ee87d00000,0x000000ee87e00000) (1024K)]
  0x000002de5d3b74a0 JavaThread "Worker-JM"                         [_thread_blocked, id=18940, stack(0x000000ee86d00000,0x000000ee86e00000) (1024K)]
Total: 19

Other Threads:
  0x000002de7fe00870 VMThread "VM Thread"                           [id=2656, stack(0x000000ee86300000,0x000000ee86400000) (1024K)]
  0x000002de1561c7e0 WatcherThread "VM Periodic Task Thread"        [id=13004, stack(0x000000ee86200000,0x000000ee86300000) (1024K)]
  0x000002de7fd7ebe0 WorkerThread "GC Thread#0"                     [id=13860, stack(0x000000ee86100000,0x000000ee86200000) (1024K)]
  0x000002de58b6ee40 WorkerThread "GC Thread#1"                     [id=7772, stack(0x000000ee87000000,0x000000ee87100000) (1024K)]
  0x000002de58b6f1e0 WorkerThread "GC Thread#2"                     [id=8664, stack(0x000000ee87100000,0x000000ee87200000) (1024K)]
  0x000002de58b409b0 WorkerThread "GC Thread#3"                     [id=11632, stack(0x000000ee87200000,0x000000ee87300000) (1024K)]
  0x000002de58b40d50 WorkerThread "GC Thread#4"                     [id=9180, stack(0x000000ee87300000,0x000000ee87400000) (1024K)]
  0x000002de58b410f0 WorkerThread "GC Thread#5"                     [id=8036, stack(0x000000ee87400000,0x000000ee87500000) (1024K)]
  0x000002de58acb340 WorkerThread "GC Thread#6"                     [id=18164, stack(0x000000ee87500000,0x000000ee87600000) (1024K)]
  0x000002de58a095c0 WorkerThread "GC Thread#7"                     [id=16512, stack(0x000000ee87700000,0x000000ee87800000) (1024K)]
Total: 10

Threads with active compile tasks:
C2 CompilerThread0  5583 2991   !   4       java.util.concurrent.ConcurrentHashMap::transfer (849 bytes)
Total: 1

VM state: not at safepoint (normal execution)

VM Mutex/Monitor currently owned by a thread: None

Heap address: 0x00000000c0000000, size: 1024 MB, Compressed Oops mode: 32-bit

CDS archive(s) mapped at: [0x000002de16000000-0x000002de16ba0000-0x000002de16ba0000), size 12189696, SharedBaseAddress: 0x000002de16000000, ArchiveRelocationMode: 1.
Compressed class space mapped at: 0x000002de17000000-0x000002de57000000, reserved size: 1073741824
Narrow klass base: 0x000002de16000000, Narrow klass shift: 0, Narrow klass range: 0x100000000

GC Precious Log:
 CardTable entry size: 512
 CPUs: 8 total, 8 available
 Memory: 7937M
 Large Page Support: Disabled
 NUMA Support: Disabled
 Compressed Oops: Enabled (32-bit)
 Alignments: Space 512K, Generation 512K, Heap 2M
 Heap Min Capacity: 100M
 Heap Initial Capacity: 100M
 Heap Max Capacity: 1G
 Pre-touch: Disabled
 Parallel Workers: 8

Heap:
 PSYoungGen      total 29696K, used 15370K [0x00000000eab00000, 0x00000000ecc00000, 0x0000000100000000)
  eden space 25600K, 44% used [0x00000000eab00000,0x00000000eb604890,0x00000000ec400000)
  from space 4096K, 99% used [0x00000000ec800000,0x00000000ecbfe198,0x00000000ecc00000)
  to   space 4096K, 0% used [0x00000000ec400000,0x00000000ec400000,0x00000000ec800000)
 ParOldGen       total 68608K, used 6669K [0x00000000c0000000, 0x00000000c4300000, 0x00000000eab00000)
  object space 68608K, 9% used [0x00000000c0000000,0x00000000c06837c0,0x00000000c4300000)
 Metaspace       used 14062K, committed 14656K, reserved 1114112K
  class space    used 1382K, committed 1664K, reserved 1048576K

Card table byte_map: [0x000002de7f700000,0x000002de7f910000] _byte_map_base: 0x000002de7f100000

Marking Bits: (ParMarkBitMap*) 0x00007ffde6b53260
 Begin Bits: [0x000002de13540000, 0x000002de14540000)
 End Bits:   [0x000002de14540000, 0x000002de15540000)

Polling page: 0x000002de7f000000

Metaspace:

Usage:
  Non-class:     12.38 MB used.
      Class:      1.35 MB used.
       Both:     13.73 MB used.

Virtual space:
  Non-class space:       64.00 MB reserved,      12.69 MB ( 20%) committed,  1 nodes.
      Class space:        1.00 GB reserved,       1.62 MB ( <1%) committed,  1 nodes.
             Both:        1.06 GB reserved,      14.31 MB (  1%) committed. 

Chunk freelists:
   Non-Class:  2.72 MB
       Class:  14.42 MB
        Both:  17.14 MB

MaxMetaspaceSize: unlimited
CompressedClassSpaceSize: 1.00 GB
Initial GC threshold: 21.00 MB
Current GC threshold: 21.00 MB
CDS: on
 - commit_granule_bytes: 65536.
 - commit_granule_words: 8192.
 - virtual_space_node_default_size: 8388608.
 - enlarge_chunks_in_place: 1.
 - use_allocation_guard: 0.


Internal statistics:

num_allocs_failed_limit: 0.
num_arena_births: 352.
num_arena_deaths: 0.
num_vsnodes_births: 2.
num_vsnodes_deaths: 0.
num_space_committed: 229.
num_space_uncommitted: 0.
num_chunks_returned_to_freelist: 0.
num_chunks_taken_from_freelist: 808.
num_chunk_merges: 0.
num_chunk_splits: 525.
num_chunks_enlarged: 347.
num_inconsistent_stats: 0.

CodeHeap 'non-profiled nmethods': size=120000Kb used=1351Kb max_used=1351Kb free=118648Kb
 bounds [0x000002de0c010000, 0x000002de0c280000, 0x000002de13540000]
CodeHeap 'profiled nmethods': size=120000Kb used=6045Kb max_used=6045Kb free=113954Kb
 bounds [0x000002de04540000, 0x000002de04b30000, 0x000002de0ba70000]
CodeHeap 'non-nmethods': size=5760Kb used=1258Kb max_used=1280Kb free=4501Kb
 bounds [0x000002de0ba70000, 0x000002de0bce0000, 0x000002de0c010000]
 total_blobs=3525 nmethods=3008 adapters=423
 compilation: enabled
              stopped_count=0, restarted_count=0
 full_count=0

Compilation events (20 events):
Event: 3.534 Thread 0x000002de58120090 nmethod 2983 0x000002de04b1a790 code [0x000002de04b1a940, 0x000002de04b1ab10]
Event: 3.535 Thread 0x000002de58120090 2984       3       java.lang.invoke.MethodType::methodType (44 bytes)
Event: 3.535 Thread 0x000002de58120090 nmethod 2984 0x000002de04b1ac10 code [0x000002de04b1ae00, 0x000002de04b1b270]
Event: 3.535 Thread 0x000002de58120090 2986       3       java.lang.invoke.MethodHandle::asTypeUncached (54 bytes)
Event: 3.536 Thread 0x000002de58120090 nmethod 2986 0x000002de04b1b390 code [0x000002de04b1b660, 0x000002de04b1c158]
Event: 3.536 Thread 0x000002de58120090 2985       3       java.lang.invoke.MemberName::hashCode (43 bytes)
Event: 3.536 Thread 0x000002de58120090 nmethod 2985 0x000002de04b1c610 code [0x000002de04b1c860, 0x000002de04b1d3a0]
Event: 3.536 Thread 0x000002de58120090 2987       3       java.lang.invoke.MethodType::isConvertibleTo (164 bytes)
Event: 3.537 Thread 0x000002de58120090 nmethod 2987 0x000002de04b1d710 code [0x000002de04b1d960, 0x000002de04b1e238]
Event: 3.537 Thread 0x000002de58120090 2988       3       java.lang.invoke.MethodHandleImpl::makePairwiseConvert (8 bytes)
Event: 3.537 Thread 0x000002de58120090 nmethod 2988 0x000002de04b1e510 code [0x000002de04b1e6c0, 0x000002de04b1e7e0]
Event: 3.537 Thread 0x000002de58120090 2989       3       java.lang.invoke.MethodHandleImpl::makePairwiseConvert (22 bytes)
Event: 3.537 Thread 0x000002de58120090 nmethod 2989 0x000002de04b1e890 code [0x000002de04b1ea40, 0x000002de04b1ec50]
Event: 3.540 Thread 0x000002de58120090 2990       3       org.eclipse.osgi.internal.container.InternalUtils$CopyOnFirstWriteList::<init> (18 bytes)
Event: 3.540 Thread 0x000002de58120090 nmethod 2990 0x000002de04b1ed90 code [0x000002de04b1ef40, 0x000002de04b1f1e8]
Event: 3.548 Thread 0x000002de1572cda0 2991   !   4       java.util.concurrent.ConcurrentHashMap::transfer (849 bytes)
Event: 3.550 Thread 0x000002de58120090 2993       3       org.eclipse.osgi.internal.loader.classpath.ClasspathManager::findLocalClassImpl (55 bytes)
Event: 3.551 Thread 0x000002de58120090 nmethod 2993 0x000002de04b1f310 code [0x000002de04b1f4e0, 0x000002de04b1f7c8]
Event: 3.938 Thread 0x000002de58120090 2994       3       java.util.concurrent.Semaphore$NonfairSync::tryAcquireShared (6 bytes)
Event: 3.939 Thread 0x000002de58120090 nmethod 2994 0x000002de04b1f910 code [0x000002de04b1fac0, 0x000002de04b1fbf8]

GC Heap History (8 events):
Event: 0.660 GC heap before
{Heap before GC invocations=1 (full 0):
 PSYoungGen      total 29696K, used 25600K [0x00000000eab00000, 0x00000000ecc00000, 0x0000000100000000)
  eden space 25600K, 100% used [0x00000000eab00000,0x00000000ec400000,0x00000000ec400000)
  from space 4096K, 0% used [0x00000000ec800000,0x00000000ec800000,0x00000000ecc00000)
  to   space 4096K, 0% used [0x00000000ec400000,0x00000000ec400000,0x00000000ec800000)
 ParOldGen       total 68608K, used 0K [0x00000000c0000000, 0x00000000c4300000, 0x00000000eab00000)
  object space 68608K, 0% used [0x00000000c0000000,0x00000000c0000000,0x00000000c4300000)
 Metaspace       used 4289K, committed 4544K, reserved 1114112K
  class space    used 431K, committed 512K, reserved 1048576K
}
Event: 0.667 GC heap after
{Heap after GC invocations=1 (full 0):
 PSYoungGen      total 29696K, used 3230K [0x00000000eab00000, 0x00000000ecc00000, 0x0000000100000000)
  eden space 25600K, 0% used [0x00000000eab00000,0x00000000eab00000,0x00000000ec400000)
  from space 4096K, 78% used [0x00000000ec400000,0x00000000ec727a90,0x00000000ec800000)
  to   space 4096K, 0% used [0x00000000ec800000,0x00000000ec800000,0x00000000ecc00000)
 ParOldGen       total 68608K, used 16K [0x00000000c0000000, 0x00000000c4300000, 0x00000000eab00000)
  object space 68608K, 0% used [0x00000000c0000000,0x00000000c0004000,0x00000000c4300000)
 Metaspace       used 4289K, committed 4544K, reserved 1114112K
  class space    used 431K, committed 512K, reserved 1048576K
}
Event: 1.344 GC heap before
{Heap before GC invocations=2 (full 0):
 PSYoungGen      total 29696K, used 28830K [0x00000000eab00000, 0x00000000ecc00000, 0x0000000100000000)
  eden space 25600K, 100% used [0x00000000eab00000,0x00000000ec400000,0x00000000ec400000)
  from space 4096K, 78% used [0x00000000ec400000,0x00000000ec727a90,0x00000000ec800000)
  to   space 4096K, 0% used [0x00000000ec800000,0x00000000ec800000,0x00000000ecc00000)
 ParOldGen       total 68608K, used 16K [0x00000000c0000000, 0x00000000c4300000, 0x00000000eab00000)
  object space 68608K, 0% used [0x00000000c0000000,0x00000000c0004000,0x00000000c4300000)
 Metaspace       used 8005K, committed 8320K, reserved 1114112K
  class space    used 786K, committed 960K, reserved 1048576K
}
Event: 1.350 GC heap after
{Heap after GC invocations=2 (full 0):
 PSYoungGen      total 29696K, used 4091K [0x00000000eab00000, 0x00000000ecc00000, 0x0000000100000000)
  eden space 25600K, 0% used [0x00000000eab00000,0x00000000eab00000,0x00000000ec400000)
  from space 4096K, 99% used [0x00000000ec800000,0x00000000ecbfeea8,0x00000000ecc00000)
  to   space 4096K, 0% used [0x00000000ec400000,0x00000000ec400000,0x00000000ec800000)
 ParOldGen       total 68608K, used 1694K [0x00000000c0000000, 0x00000000c4300000, 0x00000000eab00000)
  object space 68608K, 2% used [0x00000000c0000000,0x00000000c01a7a10,0x00000000c4300000)
 Metaspace       used 8005K, committed 8320K, reserved 1114112K
  class space    used 786K, committed 960K, reserved 1048576K
}
Event: 1.840 GC heap before
{Heap before GC invocations=3 (full 0):
 PSYoungGen      total 29696K, used 29691K [0x00000000eab00000, 0x00000000ecc00000, 0x0000000100000000)
  eden space 25600K, 100% used [0x00000000eab00000,0x00000000ec400000,0x00000000ec400000)
  from space 4096K, 99% used [0x00000000ec800000,0x00000000ecbfeea8,0x00000000ecc00000)
  to   space 4096K, 0% used [0x00000000ec400000,0x00000000ec400000,0x00000000ec800000)
 ParOldGen       total 68608K, used 1694K [0x00000000c0000000, 0x00000000c4300000, 0x00000000eab00000)
  object space 68608K, 2% used [0x00000000c0000000,0x00000000c01a7a10,0x00000000c4300000)
 Metaspace       used 9205K, committed 9536K, reserved 1114112K
  class space    used 919K, committed 1088K, reserved 1048576K
}
Event: 1.846 GC heap after
{Heap after GC invocations=3 (full 0):
 PSYoungGen      total 29696K, used 4075K [0x00000000eab00000, 0x00000000ecc00000, 0x0000000100000000)
  eden space 25600K, 0% used [0x00000000eab00000,0x00000000eab00000,0x00000000ec400000)
  from space 4096K, 99% used [0x00000000ec400000,0x00000000ec7fac28,0x00000000ec800000)
  to   space 4096K, 0% used [0x00000000ec800000,0x00000000ec800000,0x00000000ecc00000)
 ParOldGen       total 68608K, used 5735K [0x00000000c0000000, 0x00000000c4300000, 0x00000000eab00000)
  object space 68608K, 8% used [0x00000000c0000000,0x00000000c0599c00,0x00000000c4300000)
 Metaspace       used 9205K, committed 9536K, reserved 1114112K
  class space    used 919K, committed 1088K, reserved 1048576K
}
Event: 2.366 GC heap before
{Heap before GC invocations=4 (full 0):
 PSYoungGen      total 29696K, used 29675K [0x00000000eab00000, 0x00000000ecc00000, 0x0000000100000000)
  eden space 25600K, 100% used [0x00000000eab00000,0x00000000ec400000,0x00000000ec400000)
  from space 4096K, 99% used [0x00000000ec400000,0x00000000ec7fac28,0x00000000ec800000)
  to   space 4096K, 0% used [0x00000000ec800000,0x00000000ec800000,0x00000000ecc00000)
 ParOldGen       total 68608K, used 5735K [0x00000000c0000000, 0x00000000c4300000, 0x00000000eab00000)
  object space 68608K, 8% used [0x00000000c0000000,0x00000000c0599c00,0x00000000c4300000)
 Metaspace       used 12467K, committed 12864K, reserved 1114112K
  class space    used 1239K, committed 1408K, reserved 1048576K
}
Event: 2.370 GC heap after
{Heap after GC invocations=4 (full 0):
 PSYoungGen      total 29696K, used 4088K [0x00000000eab00000, 0x00000000ecc00000, 0x0000000100000000)
  eden space 25600K, 0% used [0x00000000eab00000,0x00000000eab00000,0x00000000ec400000)
  from space 4096K, 99% used [0x00000000ec800000,0x00000000ecbfe198,0x00000000ecc00000)
  to   space 4096K, 0% used [0x00000000ec400000,0x00000000ec400000,0x00000000ec800000)
 ParOldGen       total 68608K, used 6669K [0x00000000c0000000, 0x00000000c4300000, 0x00000000eab00000)
  object space 68608K, 9% used [0x00000000c0000000,0x00000000c06837c0,0x00000000c4300000)
 Metaspace       used 12467K, committed 12864K, reserved 1114112K
  class space    used 1239K, committed 1408K, reserved 1048576K
}

Dll operation events (9 events):
Event: 0.010 Loaded shared library c:\Users\DIEM MY\.vscode\extensions\redhat.java-1.41.1-win32-x64\jre\21.0.6-win32-x86_64\bin\java.dll
Event: 0.066 Loaded shared library c:\Users\DIEM MY\.vscode\extensions\redhat.java-1.41.1-win32-x64\jre\21.0.6-win32-x86_64\bin\zip.dll
Event: 0.083 Loaded shared library C:\Users\DIEM MY\.vscode\extensions\redhat.java-1.41.1-win32-x64\jre\21.0.6-win32-x86_64\bin\instrument.dll
Event: 0.088 Loaded shared library C:\Users\DIEM MY\.vscode\extensions\redhat.java-1.41.1-win32-x64\jre\21.0.6-win32-x86_64\bin\net.dll
Event: 0.090 Loaded shared library C:\Users\DIEM MY\.vscode\extensions\redhat.java-1.41.1-win32-x64\jre\21.0.6-win32-x86_64\bin\nio.dll
Event: 0.093 Loaded shared library C:\Users\DIEM MY\.vscode\extensions\redhat.java-1.41.1-win32-x64\jre\21.0.6-win32-x86_64\bin\zip.dll
Event: 0.107 Loaded shared library C:\Users\DIEM MY\.vscode\extensions\redhat.java-1.41.1-win32-x64\jre\21.0.6-win32-x86_64\bin\jimage.dll
Event: 0.175 Loaded shared library c:\Users\DIEM MY\.vscode\extensions\redhat.java-1.41.1-win32-x64\jre\21.0.6-win32-x86_64\bin\verify.dll
Event: 1.324 Loaded shared library C:\Users\DIEM MY\AppData\Roaming\Code\User\globalStorage\redhat.java\1.41.1\config_win\org.eclipse.equinox.launcher\org.eclipse.equinox.launcher.win32.win32.x86_64_1.2.1300.v20250331-1702\eclipse_11911.dll

Deoptimization events (20 events):
Event: 2.277 Thread 0x000002de586e2070 DEOPT PACKING pc=0x000002de04a22ba8 sp=0x000000ee879f85c0
Event: 2.277 Thread 0x000002de586e2070 DEOPT UNPACKING pc=0x000002de0bac78e2 sp=0x000000ee879f7a80 mode 0
Event: 2.320 Thread 0x000002de586e2070 Uncommon trap: trap_request=0xffffff45 fr.pc=0x000002de0c13e398 relative=0x0000000000000378
Event: 2.320 Thread 0x000002de586e2070 Uncommon trap: reason=unstable_if action=reinterpret pc=0x000002de0c13e398 method=com.sun.org.apache.xerces.internal.impl.XMLEntityScanner.skipSpaces()Z @ 88 c2
Event: 2.320 Thread 0x000002de586e2070 DEOPT PACKING pc=0x000002de0c13e398 sp=0x000000ee879f8790
Event: 2.320 Thread 0x000002de586e2070 DEOPT UNPACKING pc=0x000002de0bac6da2 sp=0x000000ee879f8728 mode 2
Event: 2.320 Thread 0x000002de586e2070 Uncommon trap: trap_request=0xffffff45 fr.pc=0x000002de0c13d6fc relative=0x00000000000000dc
Event: 2.320 Thread 0x000002de586e2070 Uncommon trap: reason=unstable_if action=reinterpret pc=0x000002de0c13d6fc method=com.sun.org.apache.xerces.internal.impl.XMLEntityScanner.peekChar()I @ 51 c2
Event: 2.320 Thread 0x000002de586e2070 DEOPT PACKING pc=0x000002de0c13d6fc sp=0x000000ee879f86e0
Event: 2.320 Thread 0x000002de586e2070 DEOPT UNPACKING pc=0x000002de0bac6da2 sp=0x000000ee879f8668 mode 2
Event: 2.340 Thread 0x000002de586e2070 Uncommon trap: trap_request=0xffffffcc fr.pc=0x000002de0c13a04c relative=0x000000000000020c
Event: 2.340 Thread 0x000002de586e2070 Uncommon trap: reason=intrinsic_or_type_checked_inlining action=make_not_entrant pc=0x000002de0c13a04c method=java.util.Arrays.copyOf([Ljava/lang/Object;ILjava/lang/Class;)[Ljava/lang/Object; @ 35 c2
Event: 2.340 Thread 0x000002de586e2070 DEOPT PACKING pc=0x000002de0c13a04c sp=0x000000ee879fbb20
Event: 2.340 Thread 0x000002de586e2070 DEOPT UNPACKING pc=0x000002de0bac6da2 sp=0x000000ee879fbab0 mode 2
Event: 2.395 Thread 0x000002de586e2070 Uncommon trap: trap_request=0xffffff45 fr.pc=0x000002de0c142f28 relative=0x0000000000000428
Event: 2.395 Thread 0x000002de586e2070 Uncommon trap: reason=unstable_if action=reinterpret pc=0x000002de0c142f28 method=com.sun.org.apache.xerces.internal.impl.XMLEntityScanner.scanLiteral(ILcom/sun/org/apache/xerces/internal/xni/XMLString;Z)I @ 299 c2
Event: 2.395 Thread 0x000002de586e2070 DEOPT PACKING pc=0x000002de0c142f28 sp=0x000000ee879fd7e0
Event: 2.395 Thread 0x000002de586e2070 DEOPT UNPACKING pc=0x000002de0bac6da2 sp=0x000000ee879fd770 mode 2
Event: 3.548 Thread 0x000002de586e2070 DEOPT PACKING pc=0x000002de048e6e56 sp=0x000000ee879f34d0
Event: 3.548 Thread 0x000002de586e2070 DEOPT UNPACKING pc=0x000002de0bac78e2 sp=0x000000ee879f29e0 mode 0

Classes loaded (20 events):
Event: 2.070 Loading class java/util/TimerThread
Event: 2.070 Loading class java/util/TimerThread done
Event: 2.070 Loading class java/util/Timer$ThreadReaper
Event: 2.070 Loading class java/util/Timer$ThreadReaper done
Event: 2.082 Loading class java/util/concurrent/locks/ReentrantLock$FairSync
Event: 2.082 Loading class java/util/concurrent/locks/ReentrantLock$FairSync done
Event: 2.160 Loading class java/lang/IllegalCallerException
Event: 2.160 Loading class java/lang/IllegalCallerException done
Event: 2.164 Loading class java/lang/invoke/DirectMethodHandle$1
Event: 2.164 Loading class java/lang/invoke/DirectMethodHandle$1 done
Event: 2.166 Loading class org/xml/sax/SAXParseException
Event: 2.166 Loading class org/xml/sax/SAXParseException done
Event: 2.347 Loading class java/nio/file/NoSuchFileException
Event: 2.347 Loading class java/nio/file/FileSystemException
Event: 2.347 Loading class java/nio/file/FileSystemException done
Event: 2.347 Loading class java/nio/file/NoSuchFileException done
Event: 2.410 Loading class java/lang/Process
Event: 2.410 Loading class java/lang/Process done
Event: 3.533 Loading class java/util/concurrent/TimeoutException
Event: 3.533 Loading class java/util/concurrent/TimeoutException done

Classes unloaded (0 events):
No events

Classes redefined (0 events):
No events

Internal exceptions (20 events):
Event: 0.723 Thread 0x000002de7edbbb80 Exception <a 'java/lang/NoSuchMethodError'{0x00000000eada0be0}: 'java.lang.Object java.lang.invoke.Invokers$Holder.invokeExact_MT(java.lang.Object, java.lang.Object, java.lang.Object, java.lang.Object, java.lang.Object, java.lang.Object)'> (0x00000000eada0be0) 
thrown [s\src\hotspot\share\interpreter\linkResolver.cpp, line 773]
Event: 0.726 Thread 0x000002de7edbbb80 Exception <a 'java/lang/NoSuchMethodError'{0x00000000eadba4b8}: 'int java.lang.invoke.DirectMethodHandle$Holder.invokeStaticInit(java.lang.Object, java.lang.Object, java.lang.Object, java.lang.Object)'> (0x00000000eadba4b8) 
thrown [s\src\hotspot\share\interpreter\linkResolver.cpp, line 773]
Event: 0.727 Thread 0x000002de7edbbb80 Exception <a 'java/lang/NoSuchMethodError'{0x00000000eadc2c70}: 'java.lang.Object java.lang.invoke.DirectMethodHandle$Holder.invokeInterface(java.lang.Object, java.lang.Object)'> (0x00000000eadc2c70) 
thrown [s\src\hotspot\share\interpreter\linkResolver.cpp, line 773]
Event: 0.727 Thread 0x000002de7edbbb80 Exception <a 'java/lang/IncompatibleClassChangeError'{0x00000000eadc61a8}: Found class java.lang.Object, but interface was expected> (0x00000000eadc61a8) 
thrown [s\src\hotspot\share\interpreter\linkResolver.cpp, line 840]
Event: 0.728 Thread 0x000002de7edbbb80 Exception <a 'java/lang/NoSuchMethodError'{0x00000000eadca360}: 'void java.lang.invoke.DirectMethodHandle$Holder.invokeStatic(java.lang.Object, java.lang.Object)'> (0x00000000eadca360) 
thrown [s\src\hotspot\share\interpreter\linkResolver.cpp, line 773]
Event: 0.728 Thread 0x000002de7edbbb80 Exception <a 'java/lang/NoSuchMethodError'{0x00000000eadcd708}: 'void java.lang.invoke.DirectMethodHandle$Holder.invokeStaticInit(java.lang.Object, java.lang.Object)'> (0x00000000eadcd708) 
thrown [s\src\hotspot\share\interpreter\linkResolver.cpp, line 773]
Event: 0.729 Thread 0x000002de7edbbb80 Exception <a 'java/lang/NoSuchMethodError'{0x00000000eadd4728}: 'int java.lang.invoke.DirectMethodHandle$Holder.invokeStaticInit(java.lang.Object, java.lang.Object)'> (0x00000000eadd4728) 
thrown [s\src\hotspot\share\interpreter\linkResolver.cpp, line 773]
Event: 0.776 Thread 0x000002de7edbbb80 Exception <a 'java/lang/NoSuchMethodError'{0x00000000eaf37758}: 'void java.lang.invoke.DirectMethodHandle$Holder.invokeSpecial(java.lang.Object, java.lang.Object, java.lang.Object)'> (0x00000000eaf37758) 
thrown [s\src\hotspot\share\interpreter\linkResolver.cpp, line 773]
Event: 0.980 Thread 0x000002de7edbbb80 Exception <a 'java/lang/NoSuchMethodError'{0x00000000eb932f60}: 'int java.lang.invoke.DirectMethodHandle$Holder.invokeVirtual(java.lang.Object, java.lang.Object)'> (0x00000000eb932f60) 
thrown [s\src\hotspot\share\interpreter\linkResolver.cpp, line 773]
Event: 1.051 Thread 0x000002de7edbbb80 Exception <a 'java/lang/NoSuchMethodError'{0x00000000ebc6e058}: 'java.lang.Object java.lang.invoke.DirectMethodHandle$Holder.newInvokeSpecial(java.lang.Object, int, java.lang.Object)'> (0x00000000ebc6e058) 
thrown [s\src\hotspot\share\interpreter\linkResolver.cpp, line 773]
Event: 1.074 Thread 0x000002de7edbbb80 Exception <a 'java/lang/NoSuchMethodError'{0x00000000ebe01518}: 'java.lang.Object java.lang.invoke.DirectMethodHandle$Holder.newInvokeSpecial(java.lang.Object, java.lang.Object, java.lang.Object, java.lang.Object, int, java.lang.Object)'> (0x00000000ebe01518) 
thrown [s\src\hotspot\share\interpreter\linkResolver.cpp, line 773]
Event: 1.320 Thread 0x000002de7edbbb80 Exception <a 'java/lang/UnsatisfiedLinkError'{0x00000000ec2a60b8}: 'void org.eclipse.equinox.launcher.JNIBridge._update_splash()'> (0x00000000ec2a60b8) 
thrown [s\src\hotspot\share\prims\nativeLookup.cpp, line 415]
Event: 1.437 Thread 0x000002de586e2070 Exception <a 'java/lang/NoSuchMethodError'{0x00000000eaffb358}: 'java.lang.Object java.lang.invoke.DirectMethodHandle$Holder.newInvokeSpecial(java.lang.Object, java.lang.Object, int, java.lang.Object)'> (0x00000000eaffb358) 
thrown [s\src\hotspot\share\interpreter\linkResolver.cpp, line 773]
Event: 1.469 Thread 0x000002de586e2070 Exception <a 'java/lang/ClassNotFoundException'{0x00000000eb1bf2c8}: sun/util/logging/resources/spi/loggingProvider> (0x00000000eb1bf2c8) 
thrown [s\src\hotspot\share\classfile\systemDictionary.cpp, line 312]
Event: 1.986 Thread 0x000002de586e2070 Exception <a 'java/lang/NullPointerException'{0x00000000eb174fe0}> (0x00000000eb174fe0) 
thrown [s\src\hotspot\share\interpreter\linkResolver.cpp, line 1372]
Event: 1.986 Thread 0x000002de586e2070 Exception <a 'java/lang/NullPointerException'{0x00000000eb1752c0}> (0x00000000eb1752c0) 
thrown [s\src\hotspot\share\interpreter\linkResolver.cpp, line 1372]
Event: 2.154 Thread 0x000002de586e2070 Exception <a 'java/lang/NoSuchMethodError'{0x00000000ebb3b770}: 'void java.lang.invoke.Invokers$Holder.invokeExact_MT(java.lang.Object, java.lang.Object, java.lang.Object)'> (0x00000000ebb3b770) 
thrown [s\src\hotspot\share\interpreter\linkResolver.cpp, line 773]
Event: 2.358 Thread 0x000002de586e2070 Exception <a 'java/io/FileNotFoundException'{0x00000000ec3bdba0}> (0x00000000ec3bdba0) 
thrown [s\src\hotspot\share\prims\jni.cpp, line 520]
Event: 3.488 Thread 0x000002de586e2070 Exception <a 'java/lang/NoSuchMethodError'{0x00000000eafc3c60}: 'java.lang.Object java.lang.invoke.Invokers$Holder.linkToTargetMethod(java.lang.Object, long, java.lang.Object)'> (0x00000000eafc3c60) 
thrown [s\src\hotspot\share\interpreter\linkResolver.cpp, line 773]
Event: 3.534 Thread 0x000002de586e2070 Exception <a 'java/lang/NoSuchMethodError'{0x00000000eb2df880}: 'void java.lang.invoke.DirectMethodHandle$Holder.invokeInterface(java.lang.Object, java.lang.Object, java.lang.Object)'> (0x00000000eb2df880) 
thrown [s\src\hotspot\share\interpreter\linkResolver.cpp, line 773]

ZGC Phase Switch (0 events):
No events

VM Operations (20 events):
Event: 1.410 Executing VM operation: HandshakeAllThreads (Deoptimize)
Event: 1.410 Executing VM operation: HandshakeAllThreads (Deoptimize) done
Event: 1.460 Executing VM operation: HandshakeAllThreads (Deoptimize)
Event: 1.460 Executing VM operation: HandshakeAllThreads (Deoptimize) done
Event: 1.475 Executing VM operation: HandshakeAllThreads (Deoptimize)
Event: 1.475 Executing VM operation: HandshakeAllThreads (Deoptimize) done
Event: 1.491 Executing VM operation: HandshakeAllThreads (Deoptimize)
Event: 1.491 Executing VM operation: HandshakeAllThreads (Deoptimize) done
Event: 1.507 Executing VM operation: HandshakeAllThreads (Deoptimize)
Event: 1.507 Executing VM operation: HandshakeAllThreads (Deoptimize) done
Event: 1.840 Executing VM operation: ParallelGCFailedAllocation (Allocation Failure)
Event: 1.846 Executing VM operation: ParallelGCFailedAllocation (Allocation Failure) done
Event: 1.983 Executing VM operation: HandshakeAllThreads (Deoptimize)
Event: 1.983 Executing VM operation: HandshakeAllThreads (Deoptimize) done
Event: 2.083 Executing VM operation: HandshakeAllThreads (Deoptimize)
Event: 2.083 Executing VM operation: HandshakeAllThreads (Deoptimize) done
Event: 2.365 Executing VM operation: ParallelGCFailedAllocation (Allocation Failure)
Event: 2.370 Executing VM operation: ParallelGCFailedAllocation (Allocation Failure) done
Event: 4.370 Executing VM operation: Cleanup
Event: 4.370 Executing VM operation: Cleanup done

Memory protections (0 events):
No events

Nmethod flushes (0 events):
No events

Events (20 events):
Event: 0.036 Thread 0x000002de7edbbb80 Thread added: 0x000002de15716360
Event: 0.036 Thread 0x000002de7edbbb80 Thread added: 0x000002de1571e220
Event: 0.036 Thread 0x000002de7edbbb80 Thread added: 0x000002de1572cda0
Event: 0.036 Thread 0x000002de7edbbb80 Thread added: 0x000002de58120090
Event: 0.057 Thread 0x000002de7edbbb80 Thread added: 0x000002de581debd0
Event: 0.160 Thread 0x000002de1572cda0 Thread added: 0x000002de5841e600
Event: 0.172 Thread 0x000002de1572cda0 Thread added: 0x000002de58358770
Event: 0.249 Thread 0x000002de7edbbb80 Thread added: 0x000002de58453bd0
Event: 1.022 Thread 0x000002de7edbbb80 Thread added: 0x000002de5d405ad0
Event: 1.301 Thread 0x000002de58358770 Thread exited: 0x000002de58358770
Event: 1.318 Thread 0x000002de7edbbb80 Thread added: 0x000002de58358770
Event: 1.358 Thread 0x000002de58358770 Thread added: 0x000002de58b7dbc0
Event: 1.364 Thread 0x000002de7edbbb80 Thread added: 0x000002de586e2070
Event: 1.520 Thread 0x000002de5841e600 Thread added: 0x000002de5d5b5850
Event: 1.717 Thread 0x000002de586e2070 Thread added: 0x000002de5d878810
Event: 1.958 Thread 0x000002de586e2070 Thread added: 0x000002de5d8c5610
Event: 2.070 Thread 0x000002de586e2070 Thread added: 0x000002de5d3b9c00
Event: 3.479 Thread 0x000002de5d5b5850 Thread exited: 0x000002de5d5b5850
Event: 3.479 Thread 0x000002de5841e600 Thread exited: 0x000002de5841e600
Event: 3.540 Thread 0x000002de586e2070 Thread added: 0x000002de5d3b74a0


Dynamic libraries:
0x00007ff6fbd20000 - 0x00007ff6fbd2e000 	c:\Users\DIEM MY\.vscode\extensions\redhat.java-1.41.1-win32-x64\jre\21.0.6-win32-x86_64\bin\java.exe
0x00007ffe36ce0000 - 0x00007ffe36f40000 	C:\WINDOWS\SYSTEM32\ntdll.dll
0x00007ffe35720000 - 0x00007ffe357e7000 	C:\WINDOWS\System32\KERNEL32.DLL
0x00007ffe34300000 - 0x00007ffe346ca000 	C:\WINDOWS\System32\KERNELBASE.dll
0x00007ffe34850000 - 0x00007ffe3499b000 	C:\WINDOWS\System32\ucrtbase.dll
0x00007ffe307d0000 - 0x00007ffe307e8000 	c:\Users\DIEM MY\.vscode\extensions\redhat.java-1.41.1-win32-x64\jre\21.0.6-win32-x86_64\bin\jli.dll
0x00007ffe24940000 - 0x00007ffe2495e000 	c:\Users\DIEM MY\.vscode\extensions\redhat.java-1.41.1-win32-x64\jre\21.0.6-win32-x86_64\bin\VCRUNTIME140.dll
0x00007ffe35b10000 - 0x00007ffe35cdc000 	C:\WINDOWS\System32\USER32.dll
0x00007ffe1af90000 - 0x00007ffe1b227000 	C:\WINDOWS\WinSxS\amd64_microsoft.windows.common-controls_6595b64144ccf1df_6.0.26100.3624_none_3e086962e3345f24\COMCTL32.dll
0x00007ffe34180000 - 0x00007ffe341a7000 	C:\WINDOWS\System32\win32u.dll
0x00007ffe35670000 - 0x00007ffe35719000 	C:\WINDOWS\System32\msvcrt.dll
0x00007ffe35990000 - 0x00007ffe359ba000 	C:\WINDOWS\System32\GDI32.dll
0x00007ffe349a0000 - 0x00007ffe34ad1000 	C:\WINDOWS\System32\gdi32full.dll
0x00007ffe34030000 - 0x00007ffe340d3000 	C:\WINDOWS\System32\msvcp_win.dll
0x00007ffe36b60000 - 0x00007ffe36b8f000 	C:\WINDOWS\System32\IMM32.DLL
0x00007ffe25120000 - 0x00007ffe2512c000 	c:\Users\DIEM MY\.vscode\extensions\redhat.java-1.41.1-win32-x64\jre\21.0.6-win32-x86_64\bin\vcruntime140_1.dll
0x00007ffe10f20000 - 0x00007ffe10fad000 	c:\Users\DIEM MY\.vscode\extensions\redhat.java-1.41.1-win32-x64\jre\21.0.6-win32-x86_64\bin\msvcp140.dll
0x00007ffde5ea0000 - 0x00007ffde6c30000 	c:\Users\DIEM MY\.vscode\extensions\redhat.java-1.41.1-win32-x64\jre\21.0.6-win32-x86_64\bin\server\jvm.dll
0x00007ffe35ed0000 - 0x00007ffe35f82000 	C:\WINDOWS\System32\ADVAPI32.dll
0x00007ffe35a40000 - 0x00007ffe35ae6000 	C:\WINDOWS\System32\sechost.dll
0x00007ffe35060000 - 0x00007ffe35176000 	C:\WINDOWS\System32\RPCRT4.dll
0x00007ffe359c0000 - 0x00007ffe35a34000 	C:\WINDOWS\System32\WS2_32.dll
0x00007ffe32c80000 - 0x00007ffe32cde000 	C:\WINDOWS\SYSTEM32\POWRPROF.dll
0x00007ffe30750000 - 0x00007ffe3075b000 	C:\WINDOWS\SYSTEM32\VERSION.dll
0x00007ffe1b2a0000 - 0x00007ffe1b2d6000 	C:\WINDOWS\SYSTEM32\WINMM.dll
0x00007ffe32c60000 - 0x00007ffe32c74000 	C:\WINDOWS\SYSTEM32\UMPDC.dll
0x00007ffe32df0000 - 0x00007ffe32e0a000 	C:\WINDOWS\SYSTEM32\kernel.appcore.dll
0x00007ffe220c0000 - 0x00007ffe220ca000 	c:\Users\DIEM MY\.vscode\extensions\redhat.java-1.41.1-win32-x64\jre\21.0.6-win32-x86_64\bin\jimage.dll
0x00007ffe31670000 - 0x00007ffe318b1000 	C:\WINDOWS\SYSTEM32\DBGHELP.DLL
0x00007ffe34af0000 - 0x00007ffe34e72000 	C:\WINDOWS\System32\combase.dll
0x00007ffe35df0000 - 0x00007ffe35ec6000 	C:\WINDOWS\System32\OLEAUT32.dll
0x00007ffe19450000 - 0x00007ffe19489000 	C:\WINDOWS\SYSTEM32\dbgcore.DLL
0x00007ffe340e0000 - 0x00007ffe34179000 	C:\WINDOWS\System32\bcryptPrimitives.dll
0x00007ffe13a90000 - 0x00007ffe13a9f000 	c:\Users\DIEM MY\.vscode\extensions\redhat.java-1.41.1-win32-x64\jre\21.0.6-win32-x86_64\bin\instrument.dll
0x00007ffe220a0000 - 0x00007ffe220bf000 	c:\Users\DIEM MY\.vscode\extensions\redhat.java-1.41.1-win32-x64\jre\21.0.6-win32-x86_64\bin\java.dll
0x00007ffe35fa0000 - 0x00007ffe366c9000 	C:\WINDOWS\System32\SHELL32.dll
0x00007ffe33ec0000 - 0x00007ffe34028000 	C:\WINDOWS\System32\wintypes.dll
0x00007ffe31b40000 - 0x00007ffe32392000 	C:\WINDOWS\SYSTEM32\windows.storage.dll
0x00007ffe35ce0000 - 0x00007ffe35dcd000 	C:\WINDOWS\System32\SHCORE.dll
0x00007ffe35390000 - 0x00007ffe353f4000 	C:\WINDOWS\System32\shlwapi.dll
0x00007ffe33dd0000 - 0x00007ffe33dff000 	C:\WINDOWS\SYSTEM32\profapi.dll
0x00007ffe14640000 - 0x00007ffe14658000 	c:\Users\DIEM MY\.vscode\extensions\redhat.java-1.41.1-win32-x64\jre\21.0.6-win32-x86_64\bin\zip.dll
0x00007ffe218b0000 - 0x00007ffe218c0000 	C:\Users\DIEM MY\.vscode\extensions\redhat.java-1.41.1-win32-x64\jre\21.0.6-win32-x86_64\bin\net.dll
0x00007ffe244d0000 - 0x00007ffe245ed000 	C:\WINDOWS\SYSTEM32\WINHTTP.dll
0x00007ffe33310000 - 0x00007ffe3337a000 	C:\WINDOWS\system32\mswsock.dll
0x00007ffe13b10000 - 0x00007ffe13b26000 	C:\Users\DIEM MY\.vscode\extensions\redhat.java-1.41.1-win32-x64\jre\21.0.6-win32-x86_64\bin\nio.dll
0x00007ffe135f0000 - 0x00007ffe13600000 	c:\Users\DIEM MY\.vscode\extensions\redhat.java-1.41.1-win32-x64\jre\21.0.6-win32-x86_64\bin\verify.dll
0x00007ffe26390000 - 0x00007ffe263d5000 	C:\Users\DIEM MY\AppData\Roaming\Code\User\globalStorage\redhat.java\1.41.1\config_win\org.eclipse.equinox.launcher\org.eclipse.equinox.launcher.win32.win32.x86_64_1.2.1300.v20250331-1702\eclipse_11911.dll
0x00007ffe357f0000 - 0x00007ffe35986000 	C:\WINDOWS\System32\ole32.dll

dbghelp: loaded successfully - version: 4.0.5 - missing functions: none
symbol engine: initialized successfully - sym options: 0x614 - pdb path: .;c:\Users\DIEM MY\.vscode\extensions\redhat.java-1.41.1-win32-x64\jre\21.0.6-win32-x86_64\bin;C:\WINDOWS\SYSTEM32;C:\WINDOWS\WinSxS\amd64_microsoft.windows.common-controls_6595b64144ccf1df_6.0.26100.3624_none_3e086962e3345f24;c:\Users\DIEM MY\.vscode\extensions\redhat.java-1.41.1-win32-x64\jre\21.0.6-win32-x86_64\bin\server;C:\Users\DIEM MY\AppData\Roaming\Code\User\globalStorage\redhat.java\1.41.1\config_win\org.eclipse.equinox.launcher\org.eclipse.equinox.launcher.win32.win32.x86_64_1.2.1300.v20250331-1702

VM Arguments:
jvm_args: --add-modules=ALL-SYSTEM --add-opens=java.base/java.util=ALL-UNNAMED --add-opens=java.base/java.lang=ALL-UNNAMED --add-opens=java.base/sun.nio.fs=ALL-UNNAMED -Declipse.application=org.eclipse.jdt.ls.core.id1 -Dosgi.bundles.defaultStartLevel=4 -Declipse.product=org.eclipse.jdt.ls.core.product -Djava.import.generatesMetadataFilesAtProjectRoot=false -DDetectVMInstallationsJob.disabled=true -Dfile.encoding=utf8 -XX:+UseParallelGC -XX:GCTimeRatio=4 -XX:AdaptiveSizePolicyWeight=90 -Dsun.zip.disableMemoryMapping=true -Xmx1G -Xms100m -Xlog:disable -javaagent:c:\Users\DIEM MY\.vscode\extensions\redhat.java-1.41.1-win32-x64\lombok\lombok-1.18.36.jar -XX:+HeapDumpOnOutOfMemoryError -XX:HeapDumpPath=c:\Users\DIEM MY\AppData\Roaming\Code\User\workspaceStorage\e0fc29883c107ccbdd5b8a4f04aa8091\redhat.java -Daether.dependencyCollector.impl=bf 
java_command: c:\Users\DIEM MY\.vscode\extensions\redhat.java-1.41.1-win32-x64\server\plugins\org.eclipse.equinox.launcher_1.7.0.v20250331-1702.jar -configuration c:\Users\DIEM MY\AppData\Roaming\Code\User\globalStorage\redhat.java\1.41.1\config_win -data c:\Users\DIEM MY\AppData\Roaming\Code\User\workspaceStorage\e0fc29883c107ccbdd5b8a4f04aa8091\redhat.java\jdt_ws --pipe=\\.\pipe\lsp-7dc6771a634ea08885d672f19d8c04f2-sock
java_class_path (initial): c:\Users\DIEM MY\.vscode\extensions\redhat.java-1.41.1-win32-x64\server\plugins\org.eclipse.equinox.launcher_1.7.0.v20250331-1702.jar
Launcher Type: SUN_STANDARD

[Global flags]
    uintx AdaptiveSizePolicyWeight                 = 90                                        {product} {command line}
     intx CICompilerCount                          = 4                                         {product} {ergonomic}
    uintx GCTimeRatio                              = 4                                         {product} {command line}
     bool HeapDumpOnOutOfMemoryError               = true                                   {manageable} {command line}
    ccstr HeapDumpPath                             = c:\Users\DIEM MY\AppData\Roaming\Code\User\workspaceStorage\e0fc29883c107ccbdd5b8a4f04aa8091\redhat.java         {manageable} {command line}
   size_t InitialHeapSize                          = 104857600                                 {product} {command line}
   size_t MaxHeapSize                              = 1073741824                                {product} {command line}
   size_t MaxNewSize                               = 357564416                                 {product} {ergonomic}
   size_t MinHeapDeltaBytes                        = 524288                                    {product} {ergonomic}
   size_t MinHeapSize                              = 104857600                                 {product} {command line}
   size_t NewSize                                  = 34603008                                  {product} {ergonomic}
    uintx NonNMethodCodeHeapSize                   = 5839372                                {pd product} {ergonomic}
    uintx NonProfiledCodeHeapSize                  = 122909434                              {pd product} {ergonomic}
   size_t OldSize                                  = 70254592                                  {product} {ergonomic}
    uintx ProfiledCodeHeapSize                     = 122909434                              {pd product} {ergonomic}
    uintx ReservedCodeCacheSize                    = 251658240                              {pd product} {ergonomic}
     bool SegmentedCodeCache                       = true                                      {product} {ergonomic}
   size_t SoftMaxHeapSize                          = 1073741824                             {manageable} {ergonomic}
     bool UseCompressedOops                        = true                           {product lp64_product} {ergonomic}
     bool UseLargePagesIndividualAllocation        = false                                  {pd product} {ergonomic}
     bool UseParallelGC                            = true                                      {product} {command line}

Logging:
Log output configuration:
 #0: stdout all=off uptime,level,tags foldmultilines=false
 #1: stderr all=off uptime,level,tags foldmultilines=false

Environment Variables:
JAVA_HOME=C:\Program Files\Microsoft\jdk-17.0.8.7-hotspot\
PATH=C:\Program Files\Microsoft\jdk-17.0.8.7-hotspot\bin;C:\Program Files\Microsoft MPI\Bin\;C:\Program Files\Common Files\Oracle\Java\javapath;C:\Program Files (x86)\Common Files\Oracle\Java\javapath;C:\windows\system32;C:\windows;C:\windows\System32\Wbem;C:\windows\System32\WindowsPowerShell\v1.0\;C:\windows\System32\OpenSSH\;C:\Program Files\Git\cmd;C:\Program Files\Azure Data Studio\bin;C:\WINDOWS\system32;C:\WINDOWS;C:\WINDOWS\System32\Wbem;C:\WINDOWS\System32\WindowsPowerShell\v1.0\;C:\WINDOWS\System32\OpenSSH\;F:\HK1\LTWeb\bin;F:\HK1\LTWeb\JDK\bin;%MAVEN_HOME\bin;%JAVA_HOME\bin;C:\Program Files\Java\jdk-17\bin;F:\HK1\LTWeb\TOMCAT\apache-tomcat-9.0.65-windows-x64\apache-tomcat-9.0.65\bin;F:\HK1\LTWeb\MAVEN\apache-maven-3.8.6-bin\apache-maven-3.8.6\bin;C:\Program Files\MySQL\MySQL Server 8.0\bin;%JAVA_HOME\lib\security\cacerts;C:\ProgramData\chocolatey\bin;C:\Program Files\nodejs\;C:\WINDOWS\system32\config\systemprofile\AppData\Local\Android\Sdk;C:\WINDOWS\system32\config\systemprofile\AppData\Local\Android\Sdk\platform-tools;C:\Program Files\HP\HP One Agent;F:\MuyXue\Sonar\sonar-scanner-cli-5.0.1.3006-windows\sonar-scanner-5.0.1.3006-windows\bin;c:\Users\DIEM MY\AppData\Local\Programs\cursor\resources\app\bin;C:\Program Files\Microsoft SQL Server\150\Tools\Binn\;C:\WINDOWS\system32;C:\WINDOWS;C:\WINDOWS\System32\Wbem;C:\WINDOWS\System32\WindowsPowerShell\v1.0\;C:\WINDOWS\System32\OpenSSH\;C:\Users\DIEM MY\AppData\Local\Android\Sdk\tools;C:\Program Files\MySQL\MySQL Shell 8.0\bin\;C:\Users\DIEM MY\AppData\Local\Programs\Python\Python311\Scripts\;C:\Users\DIEM MY\AppData\Local\Programs\Python\Python311\;C:\Users\DIEM MY\AppData\Local\Programs\Python\Python39\Scripts\;C:\Users\DIEM MY\AppData\Local\Programs\Python\Python39\;C:\Users\DIEM MY\AppData\Local\Microsoft\WindowsApps;C:\Users\DIEM MY\AppData\Local\Programs\Microsoft VS Code\bin;C:\Program Files\Azure Data Studio\bin;C:\Users\DIEM MY\AppData\Roaming\npm;C:\Users\DIEM MY\AppData\Local\Android\Sdk\platform-tools;C:\Users\DIEM MY\AppData\Local\Android\Sdk;;F:\InTellij\IntelliJ IDEA 2024.1.4\bin;
USERNAME=DIEM MY
OS=Windows_NT
PROCESSOR_IDENTIFIER=Intel64 Family 6 Model 140 Stepping 1, GenuineIntel
TMP=C:\Users\DIEMMY~1\AppData\Local\Temp
TEMP=C:\Users\DIEMMY~1\AppData\Local\Temp




Periodic native trim disabled

---------------  S Y S T E M  ---------------

OS:
 Windows 11 , 64 bit Build 26100 (10.0.26100.3775)
OS uptime: 0 days 15:05 hours
Hyper-V role detected

CPU: total 8 (initial active 8) (4 cores per cpu, 2 threads per core) family 6 model 140 stepping 1 microcode 0xa4, cx8, cmov, fxsr, ht, mmx, 3dnowpref, sse, sse2, sse3, ssse3, sse4.1, sse4.2, popcnt, lzcnt, tsc, tscinvbit, avx, avx2, aes, erms, clmul, bmi1, bmi2, adx, avx512f, avx512dq, avx512cd, avx512bw, avx512vl, sha, fma, vzeroupper, avx512_vpopcntdq, avx512_vpclmulqdq, avx512_vaes, avx512_vnni, clflush, clflushopt, clwb, avx512_vbmi2, avx512_vbmi, hv, rdtscp, rdpid, fsrm, gfni, avx512_bitalg, f16c, cet_ibt, cet_ss, avx512_ifma
Processor Information for processor 0
  Max Mhz: 2803, Current Mhz: 2803, Mhz Limit: 2803
Processor Information for processor 1
  Max Mhz: 2803, Current Mhz: 1201, Mhz Limit: 2803
Processor Information for processor 2
  Max Mhz: 2803, Current Mhz: 2803, Mhz Limit: 2803
Processor Information for processor 3
  Max Mhz: 2803, Current Mhz: 1201, Mhz Limit: 2803
Processor Information for processor 4
  Max Mhz: 2803, Current Mhz: 1201, Mhz Limit: 2803
Processor Information for processor 5
  Max Mhz: 2803, Current Mhz: 2803, Mhz Limit: 2803
Processor Information for processor 6
  Max Mhz: 2803, Current Mhz: 2803, Mhz Limit: 2803
Processor Information for processor 7
  Max Mhz: 2803, Current Mhz: 1201, Mhz Limit: 2803

Memory: 4k page, system-wide physical 7937M (770M free)
TotalPageFile size 16129M (AvailPageFile size 8M)
current process WorkingSet (physical memory assigned to process): 116M, peak: 122M
current process commit charge ("private bytes"): 220M, peak: 225M

vm_info: OpenJDK 64-Bit Server VM (21.0.6+7-LTS) for windows-amd64 JRE (21.0.6+7-LTS), built on 2025-01-21T00:00:00Z by "admin" with MS VC++ 17.7 (VS2022)

END.
