#
# There is insufficient memory for the Java Runtime Environment to continue.
# Native memory allocation (mmap) failed to map 132120576 bytes for G1 virtual space
# Possible reasons:
#   The system is out of physical RAM or swap space
#   The process is running with CompressedOops enabled, and the Java Heap may be blocking the growth of the native heap
# Possible solutions:
#   Reduce memory load on the system
#   Increase physical memory or swap space
#   Check if swap backing store is full
#   Decrease Java heap size (-Xmx/-Xms)
#   Decrease number of Java threads
#   Decrease Java thread stack sizes (-Xss)
#   Set larger code cache with -XX:ReservedCodeCacheSize=
#   JVM is running with Unscaled Compressed Oops mode in which the Java heap is
#     placed in the first 4GB address space. The Java Heap base address is the
#     maximum limit for the native heap growth. Please use -XX:HeapBaseMinAddress
#     to set the Java Heap base and to place the Java Heap above 4GB virtual address.
# This output file may be truncated or incomplete.
#
#  Out of Memory Error (os_windows.cpp:3617), pid=14656, tid=25420
#
# JRE version:  (17.0.8+7) (build )
# Java VM: OpenJDK 64-Bit Server VM (17.0.8+7-LTS, mixed mode, sharing, tiered, compressed oops, compressed class ptrs, g1 gc, windows-amd64)
# No core dump will be written. Minidumps are not enabled by default on client versions of Windows
#

---------------  S U M M A R Y ------------

Command Line: org.jetbrains.kotlin.cli.jvm.K2JVMCompiler @F:\Nam_4\HMDrinks\hmdrinks_app_shipper\hmdrinks_shipper\node_modules\lottie-react-native\android\build\20250427_5943672486517119365.compiler.options

Host: 11th Gen Intel(R) Core(TM) i7-1165G7 @ 2.80GHz, 8 cores, 7G,  Windows 11 , 64 bit Build 22621 (10.0.22621.5124)
Time: Sun Apr 27 05:01:35 2025 SE Asia Standard Time elapsed time: 0.011460 seconds (0d 0h 0m 0s)

---------------  T H R E A D  ---------------

Current thread (0x0000020054515760):  JavaThread "Unknown thread" [_thread_in_vm, id=25420, stack(0x0000000cccf00000,0x0000000ccd000000)]

Stack: [0x0000000cccf00000,0x0000000ccd000000]
Native frames: (J=compiled Java code, j=interpreted, Vv=VM code, C=native code)
V  [jvm.dll+0x67bf3a]
V  [jvm.dll+0x83a024]
V  [jvm.dll+0x83b7ce]
V  [jvm.dll+0x83be33]
V  [jvm.dll+0x24785f]
V  [jvm.dll+0x678cb9]
V  [jvm.dll+0x66d54a]
V  [jvm.dll+0x308feb]
V  [jvm.dll+0x310496]
V  [jvm.dll+0x36019e]
V  [jvm.dll+0x3603cf]
V  [jvm.dll+0x2dff38]
V  [jvm.dll+0x2e0ea4]
V  [jvm.dll+0x80bca1]
V  [jvm.dll+0x36df61]
V  [jvm.dll+0x7eafac]
V  [jvm.dll+0x3f0c8f]
V  [jvm.dll+0x3f28a1]
C  [jli.dll+0x528f]
C  [ucrtbase.dll+0x29333]
C  [KERNEL32.DLL+0x1259d]
C  [ntdll.dll+0x5af38]


---------------  P R O C E S S  ---------------

Threads class SMR info:
_java_thread_list=0x00007ffb155b3058, length=0, elements={
}

Java Threads: ( => current thread )

Other Threads:
  0x000002005456e3d0 GCTaskThread "GC Thread#0" [stack: 0x0000000ccd000000,0x0000000ccd100000] [id=2108]
  0x000002005457eb60 ConcurrentGCThread "G1 Main Marker" [stack: 0x0000000ccd100000,0x0000000ccd200000] [id=33860]
  0x000002005457f570 ConcurrentGCThread "G1 Conc#0" [stack: 0x0000000ccd200000,0x0000000ccd300000] [id=17712]

[error occurred during error reporting (printing all threads), id 0xc0000005, EXCEPTION_ACCESS_VIOLATION (0xc0000005) at pc=0x00007ffb14d70927]

VM state: not at safepoint (not fully initialized)

VM Mutex/Monitor currently owned by a thread:  ([mutex/lock_event])
[0x00000200545106e0] Heap_lock - owner thread: 0x0000020054515760

Heap address: 0x0000000083e00000, size: 1986 MB, Compressed Oops mode: 32-bit

CDS archive(s) mapped at: [0x0000000000000000-0x0000000000000000-0x0000000000000000), size 0, SharedBaseAddress: 0x0000000800000000, ArchiveRelocationMode: 1.
Narrow klass base: 0x0000000000000000, Narrow klass shift: 0, Narrow klass range: 0x0

GC Precious Log:
<Empty>

Heap:
 garbage-first heap   total 0K, used 0K [0x0000000083e00000, 0x0000000100000000)
  region size 1024K, 0 young (0K), 0 survivors (0K)

[error occurred during error reporting (printing heap information), id 0xc0000005, EXCEPTION_ACCESS_VIOLATION (0xc0000005) at pc=0x00007ffb15155fc9]

GC Heap History (0 events):
No events

Dll operation events (1 events):
Event: 0.006 Loaded shared library C:\Program Files\Microsoft\jdk-17.0.8.7-hotspot\bin\java.dll

Deoptimization events (0 events):
No events

Classes unloaded (0 events):
No events

Classes redefined (0 events):
No events

Internal exceptions (0 events):
No events

VM Operations (0 events):
No events

Events (0 events):
No events


Dynamic libraries:
0x00007ff637030000 - 0x00007ff63703e000 	C:\Program Files\Microsoft\jdk-17.0.8.7-hotspot\bin\java.exe
0x00007ffc0be70000 - 0x00007ffc0c087000 	C:\WINDOWS\SYSTEM32\ntdll.dll
0x00007ffc0aab0000 - 0x00007ffc0ab74000 	C:\WINDOWS\System32\KERNEL32.DLL
0x00007ffc09400000 - 0x00007ffc097d3000 	C:\WINDOWS\System32\KERNELBASE.dll
0x00007ffc09900000 - 0x00007ffc09a11000 	C:\WINDOWS\System32\ucrtbase.dll
0x00007ffbd7d40000 - 0x00007ffbd7d5b000 	C:\Program Files\Microsoft\jdk-17.0.8.7-hotspot\bin\VCRUNTIME140.dll
0x00007ffbc6ed0000 - 0x00007ffbc6ee7000 	C:\Program Files\Microsoft\jdk-17.0.8.7-hotspot\bin\jli.dll
0x00007ffc0b6a0000 - 0x00007ffc0b851000 	C:\WINDOWS\System32\USER32.dll
0x00007ffbe9880000 - 0x00007ffbe9b18000 	C:\WINDOWS\WinSxS\amd64_microsoft.windows.common-controls_6595b64144ccf1df_6.0.22621.5124_none_270e8f4f7386d69d\COMCTL32.dll
0x00007ffc09ae0000 - 0x00007ffc09b06000 	C:\WINDOWS\System32\win32u.dll
0x00007ffc0a740000 - 0x00007ffc0a769000 	C:\WINDOWS\System32\GDI32.dll
0x00007ffc0b870000 - 0x00007ffc0b917000 	C:\WINDOWS\System32\msvcrt.dll
0x00007ffc097e0000 - 0x00007ffc098fb000 	C:\WINDOWS\System32\gdi32full.dll
0x00007ffc09000000 - 0x00007ffc0909a000 	C:\WINDOWS\System32\msvcp_win.dll
0x00007ffc0b100000 - 0x00007ffc0b131000 	C:\WINDOWS\System32\IMM32.DLL
0x00007ffbd7e00000 - 0x00007ffbd7e0c000 	C:\Program Files\Microsoft\jdk-17.0.8.7-hotspot\bin\vcruntime140_1.dll
0x00007ffbc58c0000 - 0x00007ffbc594d000 	C:\Program Files\Microsoft\jdk-17.0.8.7-hotspot\bin\msvcp140.dll
0x00007ffb14a80000 - 0x00007ffb156e5000 	C:\Program Files\Microsoft\jdk-17.0.8.7-hotspot\bin\server\jvm.dll
0x00007ffc0bd70000 - 0x00007ffc0be21000 	C:\WINDOWS\System32\ADVAPI32.dll
0x00007ffc0a4c0000 - 0x00007ffc0a568000 	C:\WINDOWS\System32\sechost.dll
0x00007ffc093d0000 - 0x00007ffc093f8000 	C:\WINDOWS\System32\bcrypt.dll
0x00007ffc0a610000 - 0x00007ffc0a724000 	C:\WINDOWS\System32\RPCRT4.dll
0x00007ffbebce0000 - 0x00007ffbebce9000 	C:\WINDOWS\SYSTEM32\WSOCK32.dll
0x00007ffc08780000 - 0x00007ffc087cd000 	C:\WINDOWS\SYSTEM32\POWRPROF.dll
0x00007ffc02210000 - 0x00007ffc02244000 	C:\WINDOWS\SYSTEM32\WINMM.dll
0x00007ffc0a7e0000 - 0x00007ffc0a851000 	C:\WINDOWS\System32\WS2_32.dll
0x00007ffbfe370000 - 0x00007ffbfe37a000 	C:\WINDOWS\SYSTEM32\VERSION.dll
0x00007ffc08730000 - 0x00007ffc08743000 	C:\WINDOWS\SYSTEM32\UMPDC.dll
0x00007ffc07fb0000 - 0x00007ffc07fc8000 	C:\WINDOWS\SYSTEM32\kernel.appcore.dll
0x00007ffbd7d30000 - 0x00007ffbd7d3a000 	C:\Program Files\Microsoft\jdk-17.0.8.7-hotspot\bin\jimage.dll
0x00007ffc06950000 - 0x00007ffc06b82000 	C:\WINDOWS\SYSTEM32\DBGHELP.DLL
0x00007ffc0b9d0000 - 0x00007ffc0bd62000 	C:\WINDOWS\System32\combase.dll
0x00007ffc0ac90000 - 0x00007ffc0ad67000 	C:\WINDOWS\System32\OLEAUT32.dll
0x00007ffbe86c0000 - 0x00007ffbe86f2000 	C:\WINDOWS\SYSTEM32\dbgcore.DLL
0x00007ffc08f80000 - 0x00007ffc08ffb000 	C:\WINDOWS\System32\bcryptPrimitives.dll
0x00007ffbc5890000 - 0x00007ffbc58b5000 	C:\Program Files\Microsoft\jdk-17.0.8.7-hotspot\bin\java.dll

dbghelp: loaded successfully - version: 4.0.5 - missing functions: none
symbol engine: initialized successfully - sym options: 0x614 - pdb path: .;C:\Program Files\Microsoft\jdk-17.0.8.7-hotspot\bin;C:\WINDOWS\SYSTEM32;C:\WINDOWS\WinSxS\amd64_microsoft.windows.common-controls_6595b64144ccf1df_6.0.22621.5124_none_270e8f4f7386d69d;C:\Program Files\Microsoft\jdk-17.0.8.7-hotspot\bin\server

VM Arguments:
java_command: org.jetbrains.kotlin.cli.jvm.K2JVMCompiler @F:\Nam_4\HMDrinks\hmdrinks_app_shipper\hmdrinks_shipper\node_modules\lottie-react-native\android\build\20250427_5943672486517119365.compiler.options
java_class_path (initial): C:\Users\DIEM MY\.gradle\caches\modules-2\files-2.1\org.jetbrains.kotlin\kotlin-compiler-embeddable\2.0.21\79346ed53db48b18312a472602eb5c057070c54d\kotlin-compiler-embeddable-2.0.21.jar;C:\Users\DIEM MY\.gradle\caches\modules-2\files-2.1\org.jetbrains.kotlin\kotlin-stdlib\2.0.21\618b539767b4899b4660a83006e052b63f1db551\kotlin-stdlib-2.0.21.jar;C:\Users\DIEM MY\.gradle\caches\modules-2\files-2.1\org.jetbrains.kotlin\kotlin-script-runtime\2.0.21\c9b044380ad41f89aa89aa896c2d32a8c0b2129d\kotlin-script-runtime-2.0.21.jar;C:\Users\DIEM MY\.gradle\caches\modules-2\files-2.1\org.jetbrains.kotlin\kotlin-reflect\1.6.10\1cbe9c92c12a94eea200d23c2bbaedaf3daf5132\kotlin-reflect-1.6.10.jar;C:\Users\DIEM MY\.gradle\caches\modules-2\files-2.1\org.jetbrains.kotlin\kotlin-daemon-embeddable\2.0.21\c9e933b23287de9b5a17e2116b4657bb91aea72c\kotlin-daemon-embeddable-2.0.21.jar;C:\Users\DIEM MY\.gradle\caches\modules-2\files-2.1\org.jetbrains.intellij.deps\trove4j\1.0.20200330\3afb14d5f9ceb459d724e907a21145e8ff394f02\trove4j-1.0.20200330.jar;C:\Users\DIEM MY\.gradle\caches\modules-2\files-2.1\org.jetbrains.kotlinx\kotlinx-coroutines-core-jvm\1.6.4\2c997cd1c0ef33f3e751d3831929aeff1390cb30\kotlinx-coroutines-core-jvm-1.6.4.jar;C:\Users\DIEM MY\.gradle\caches\modules-2\files-2.1\org.jetbrains\annotations\13.0\919f0dfe192fb4e063e7dacadee7f8bb9a2672a9\annotations-13.0.jar
Launcher Type: SUN_STANDARD

[Global flags]
     intx CICompilerCount                          = 4                                         {product} {ergonomic}
     uint ConcGCThreads                            = 2                                         {product} {ergonomic}
     uint G1ConcRefinementThreads                  = 8                                         {product} {ergonomic}
   size_t G1HeapRegionSize                         = 1048576                                   {product} {ergonomic}
    uintx GCDrainStackTargetSize                   = 64                                        {product} {ergonomic}
   size_t InitialHeapSize                          = 132120576                                 {product} {ergonomic}
   size_t MarkStackSize                            = 4194304                                   {product} {ergonomic}
   size_t MaxHeapSize                              = 2082471936                                {product} {ergonomic}
   size_t MinHeapDeltaBytes                        = 1048576                                   {product} {ergonomic}
   size_t MinHeapSize                              = 8388608                                   {product} {ergonomic}
    uintx NonNMethodCodeHeapSize                   = 5839372                                {pd product} {ergonomic}
    uintx NonProfiledCodeHeapSize                  = 122909434                              {pd product} {ergonomic}
    uintx ProfiledCodeHeapSize                     = 122909434                              {pd product} {ergonomic}
    uintx ReservedCodeCacheSize                    = 251658240                              {pd product} {ergonomic}
     bool SegmentedCodeCache                       = true                                      {product} {ergonomic}
   size_t SoftMaxHeapSize                          = 2082471936                             {manageable} {ergonomic}
     bool UseCompressedClassPointers               = true                           {product lp64_product} {ergonomic}
     bool UseCompressedOops                        = true                           {product lp64_product} {ergonomic}
     bool UseG1GC                                  = true                                      {product} {ergonomic}
     bool UseLargePagesIndividualAllocation        = false                                  {pd product} {ergonomic}

Logging:
Log output configuration:
 #0: stdout all=warning uptime,level,tags
 #1: stderr all=off uptime,level,tags

Environment Variables:
JAVA_HOME=C:\Program Files\Microsoft\jdk-17.0.8.7-hotspot\
CLASSPATH=F:\Nam_4\HMDrinks\hmdrinks_app_shipper\hmdrinks_shipper\android\\gradle\wrapper\gradle-wrapper.jar
PATH=F:\Nam_4\HMDrinks\hmdrinks_app_shipper\hmdrinks_shipper\node_modules\.bin;F:\Nam_4\HMDrinks\hmdrinks_app_shipper\hmdrinks_shipper\node_modules\.bin;F:\Nam_4\HMDrinks\hmdrinks_app_shipper\node_modules\.bin;F:\Nam_4\HMDrinks\node_modules\.bin;F:\Nam_4\node_modules\.bin;F:\node_modules\.bin;C:\Program Files\nodejs\node_modules\npm\node_modules\@npmcli\run-script\lib\node-gyp-bin;C:\Program Files\Microsoft\jdk-17.0.8.7-hotspot\bin;C:\Program Files\Microsoft MPI\Bin\;C:\Program Files\Common Files\Oracle\Java\javapath;C:\Program Files (x86)\Common Files\Oracle\Java\javapath;C:\windows\system32;C:\windows;C:\windows\System32\Wbem;C:\windows\System32\WindowsPowerShell\v1.0\;C:\windows\System32\OpenSSH\;C:\Program Files\Git\cmd;C:\Program Files\Azure Data Studio\bin;C:\WINDOWS\system32;C:\WINDOWS;C:\WINDOWS\System32\Wbem;C:\WINDOWS\System32\WindowsPowerShell\v1.0\;C:\WINDOWS\System32\OpenSSH\;F:\HK1\LTWeb\bin;F:\HK1\LTWeb\JDK\bin;F:\HK1\LTWeb\JDK\bin;%MAVEN_HOME\bin;%JAVA_HOME\bin;C:\Program Files\Java\jdk-17\bin;F:\HK1\LTWeb\TOMCAT\apache-tomcat-9.0.65-windows-x64\apache-tomcat-9.0.65\bin;F:\HK1\LTWeb\MAVEN\apache-maven-3.8.6-bin\apache-maven-3.8.6\bin;C:\Program Files\MySQL\MySQL Server 8.0\bin;%JAVA_HOME\lib\security\cacerts;C:\ProgramData\chocolatey\bin;C:\Program Files\nodejs\;C:\WINDOWS\system32\config\systemprofile\AppData\Local\Android\Sdk;C:\WINDOWS\system32\config\systemprofile\AppData\Local\Android\Sdk\platform-tools;C:\Program Files\HP\HP One Agent;F:\MuyXue\Sonar\sonar-scanner-cli-5.0.1.3006-windows\sonar-scanner-5.0.1.3006-windows\bin;c:\Users\DIEM MY\AppData\Local\Programs\cursor\resources\app\bin;C:\Program Files\Microsoft SQL Server\150\Tools\Binn\;C:\Users\DIEM MY\AppData\Local\Android\Sdk\tools;C:\Users\DIEM MY\AppData\Local\Android\Sdk\tools;C:\Program Files\MySQL\MySQL Shell 8.0\bin\;C:\Users\DIEM MY\AppData\Local\Programs\Python\Python311\Scripts\;C:\Users\DIEM MY\AppData\Local\Programs\Python\Python311\;C:\Users\DIEM MY\AppData\Local\Programs\Python\
USERNAME=DIEM MY
LANG=en_US.UTF-8
OS=Windows_NT
PROCESSOR_IDENTIFIER=Intel64 Family 6 Model 140 Stepping 1, GenuineIntel
TMP=C:\Users\DIEMMY~1\AppData\Local\Temp
TEMP=C:\Users\DIEMMY~1\AppData\Local\Temp



---------------  S Y S T E M  ---------------

OS:
 Windows 11 , 64 bit Build 22621 (10.0.22621.5124)
OS uptime: 5 days 8:38 hours
Hyper-V role detected

CPU: total 8 (initial active 8) (4 cores per cpu, 2 threads per core) family 6 model 140 stepping 1 microcode 0xa4, cx8, cmov, fxsr, ht, mmx, 3dnowpref, sse, sse2, sse3, ssse3, sse4.1, sse4.2, popcnt, lzcnt, tsc, tscinvbit, avx, avx2, aes, erms, clmul, bmi1, bmi2, adx, avx512f, avx512dq, avx512cd, avx512bw, avx512vl, sha, fma, vzeroupper, avx512_vpopcntdq, avx512_vpclmulqdq, avx512_vaes, avx512_vnni, clflush, clflushopt, clwb, avx512_vbmi2, avx512_vbmi, hv
Processor Information for all 8 processors :
  Max Mhz: 2803, Current Mhz: 2803, Mhz Limit: 2803

Memory: 4k page, system-wide physical 7937M (721M free)
TotalPageFile size 32513M (AvailPageFile size 11M)
current process WorkingSet (physical memory assigned to process): 11M, peak: 11M
current process commit charge ("private bytes"): 60M, peak: 186M

vm_info: OpenJDK 64-Bit Server VM (17.0.8+7-LTS) for windows-amd64 JRE (17.0.8+7-LTS), built on Jul  7 2023 17:21:55 by "MicrosoftCorporation" with MS VC++ 16.10 / 16.11 (VS2019)

END.
