#
# There is insufficient memory for the Java Runtime Environment to continue.
# Native memory allocation (mmap) failed to map 65536 bytes for Failed to commit metaspace.
# Possible reasons:
#   The system is out of physical RAM or swap space
#   The process is running with CompressedOops enabled, and the Java Heap may be blocking the growth of the native heap
# Possible solutions:
#   Reduce memory load on the system
#   Increase physical memory or swap space
#   Check if swap backing store is full
#   Decrease Java heap size (-Xmx/-Xms)
#   Decrease number of Java threads
#   Decrease Java thread stack sizes (-Xss)
#   Set larger code cache with -XX:ReservedCodeCacheSize=
#   JVM is running with Unscaled Compressed Oops mode in which the Java heap is
#     placed in the first 4GB address space. The Java Heap base address is the
#     maximum limit for the native heap growth. Please use -XX:HeapBaseMinAddress
#     to set the Java Heap base and to place the Java Heap above 4GB virtual address.
# This output file may be truncated or incomplete.
#
#  Out of Memory Error (virtualSpaceNode.cpp:110), pid=36196, tid=12020
#
# JRE version: OpenJDK Runtime Environment Microsoft-8035246 (17.0.8+7) (build 17.0.8+7-LTS)
# Java VM: OpenJDK 64-Bit Server VM Microsoft-8035246 (17.0.8+7-LTS, mixed mode, sharing, tiered, compressed oops, compressed class ptrs, g1 gc, windows-amd64)
# No core dump will be written. Minidumps are not enabled by default on client versions of Windows
#

---------------  S U M M A R Y ------------

Command Line: -Xmx64m -Xms64m -Dorg.gradle.appname=gradlew org.gradle.wrapper.GradleWrapperMain app:installDebug -PreactNativeDevServerPort=8081

Host: 11th Gen Intel(R) Core(TM) i7-1165G7 @ 2.80GHz, 8 cores, 7G,  Windows 11 , 64 bit Build 22621 (10.0.22621.5124)
Time: Sun Apr 27 05:42:38 2025 SE Asia Standard Time elapsed time: 0.550576 seconds (0d 0h 0m 0s)

---------------  T H R E A D  ---------------

Current thread (0x000002b4b9b6bea0):  JavaThread "main" [_thread_in_vm, id=12020, stack(0x000000c9ab700000,0x000000c9ab800000)]

Stack: [0x000000c9ab700000,0x000000c9ab800000]
Native frames: (J=compiled Java code, j=interpreted, Vv=VM code, C=native code)
V  [jvm.dll+0x67bf3a]
V  [jvm.dll+0x83a024]
V  [jvm.dll+0x83b7ce]
V  [jvm.dll+0x83be33]
V  [jvm.dll+0x24785f]
V  [jvm.dll+0x8360bb]
V  [jvm.dll+0x6206e6]
V  [jvm.dll+0x62074a]
V  [jvm.dll+0x622f6a]
V  [jvm.dll+0x621086]
V  [jvm.dll+0x23d220]
V  [jvm.dll+0x1ec87d]
V  [jvm.dll+0x1e22c1]
V  [jvm.dll+0x542490]
V  [jvm.dll+0x1f2b97]
V  [jvm.dll+0x7b426b]
V  [jvm.dll+0x7b5612]
V  [jvm.dll+0x7b5948]
V  [jvm.dll+0x23fb8e]
V  [jvm.dll+0x383d7e]
C  0x000002b4cac0b6e4

Java frames: (J=compiled Java code, j=interpreted, Vv=VM code)
j  java.lang.reflect.Proxy.lambda$getProxyConstructor$0(Ljava/lang/ClassLoader;Ljdk/internal/loader/AbstractClassLoaderValue$Sub;)Ljava/lang/reflect/Constructor;+0 java.base@17.0.8
j  java.lang.reflect.Proxy$$Lambda$14+0x000002b4d705c970.apply(Ljava/lang/Object;Ljava/lang/Object;)Ljava/lang/Object;+8 java.base@17.0.8
j  jdk.internal.loader.AbstractClassLoaderValue$Memoizer.get()Ljava/lang/Object;+75 java.base@17.0.8
j  jdk.internal.loader.AbstractClassLoaderValue.computeIfAbsent(Ljava/lang/ClassLoader;Ljava/util/function/BiFunction;)Ljava/lang/Object;+63 java.base@17.0.8
j  java.lang.reflect.Proxy.getProxyConstructor(Ljava/lang/Class;Ljava/lang/ClassLoader;[Ljava/lang/Class;)Ljava/lang/reflect/Constructor;+40 java.base@17.0.8
j  java.lang.reflect.Proxy.newProxyInstance(Ljava/lang/ClassLoader;[Ljava/lang/Class;Ljava/lang/reflect/InvocationHandler;)Ljava/lang/Object;+22 java.base@17.0.8
j  org.gradle.internal.dispatch.ProxyDispatchAdapter.<init>(Lorg/gradle/internal/dispatch/Dispatch;Ljava/lang/Class;[Ljava/lang/Class;)V+142
j  org.gradle.internal.event.ListenerBroadcast.getSource()Ljava/lang/Object;+21
j  org.gradle.internal.logging.sink.OutputEventRenderer.<init>(Lorg/gradle/internal/time/Clock;Lorg/gradle/internal/logging/console/GlobalUserInputReceiver;)V+51
j  org.gradle.internal.logging.services.LoggingServiceRegistry.makeOutputEventRenderer()Lorg/gradle/internal/logging/sink/OutputEventRenderer;+11
j  org.gradle.internal.logging.services.LoggingServiceRegistry.<init>()V+17
j  org.gradle.internal.logging.services.LoggingServiceRegistry$CommandLineLogging.<init>()V+1
j  org.gradle.internal.logging.services.LoggingServiceRegistry$CommandLineLogging.<init>(Lorg/gradle/internal/logging/services/LoggingServiceRegistry$1;)V+1
j  org.gradle.internal.logging.services.LoggingServiceRegistry.createCommandLineLogging()Lorg/gradle/internal/service/ServiceRegistry;+13
j  org.gradle.internal.logging.services.LoggingServiceRegistry.newCommandLineProcessLogging()Lorg/gradle/internal/service/ServiceRegistry;+0
j  org.gradle.launcher.cli.DefaultCommandLineActionFactory.createLoggingServices()Lorg/gradle/internal/service/ServiceRegistry;+0
j  org.gradle.launcher.cli.DefaultCommandLineActionFactory.convert(Ljava/util/List;)Lorg/gradle/launcher/bootstrap/CommandLineActionFactory$CommandLineExecution;+1
j  org.gradle.launcher.Main.doAction([Ljava/lang/String;Lorg/gradle/launcher/bootstrap/ExecutionListener;)V+8
j  org.gradle.launcher.bootstrap.EntryPoint.run([Ljava/lang/String;)V+12
v  ~StubRoutines::call_stub
j  jdk.internal.reflect.NativeMethodAccessorImpl.invoke0(Ljava/lang/reflect/Method;Ljava/lang/Object;[Ljava/lang/Object;)Ljava/lang/Object;+0 java.base@17.0.8
j  jdk.internal.reflect.NativeMethodAccessorImpl.invoke(Ljava/lang/Object;[Ljava/lang/Object;)Ljava/lang/Object;+133 java.base@17.0.8
j  jdk.internal.reflect.DelegatingMethodAccessorImpl.invoke(Ljava/lang/Object;[Ljava/lang/Object;)Ljava/lang/Object;+6 java.base@17.0.8
j  java.lang.reflect.Method.invoke(Ljava/lang/Object;[Ljava/lang/Object;)Ljava/lang/Object;+59 java.base@17.0.8
j  org.gradle.launcher.bootstrap.ProcessBootstrap.runNoExit(Ljava/lang/String;Ljava/lang/String;Ljava/lang/String;[Ljava/lang/String;)V+205
j  org.gradle.launcher.bootstrap.ProcessBootstrap.run(Ljava/lang/String;Ljava/lang/String;Ljava/lang/String;[Ljava/lang/String;)V+4
j  org.gradle.launcher.GradleMain.main([Ljava/lang/String;)V+68
v  ~StubRoutines::call_stub
j  jdk.internal.reflect.NativeMethodAccessorImpl.invoke0(Ljava/lang/reflect/Method;Ljava/lang/Object;[Ljava/lang/Object;)Ljava/lang/Object;+0 java.base@17.0.8
j  jdk.internal.reflect.NativeMethodAccessorImpl.invoke(Ljava/lang/Object;[Ljava/lang/Object;)Ljava/lang/Object;+133 java.base@17.0.8
j  jdk.internal.reflect.DelegatingMethodAccessorImpl.invoke(Ljava/lang/Object;[Ljava/lang/Object;)Ljava/lang/Object;+6 java.base@17.0.8
j  java.lang.reflect.Method.invoke(Ljava/lang/Object;[Ljava/lang/Object;)Ljava/lang/Object;+59 java.base@17.0.8
j  org.gradle.wrapper.GradleWrapperMain.main([Ljava/lang/String;)V+1826
v  ~StubRoutines::call_stub

---------------  P R O C E S S  ---------------

Threads class SMR info:
_java_thread_list=0x000002b4d582e0d0, length=12, elements={
0x000002b4b9b6bea0, 0x000002b4d55c05d0, 0x000002b4d55c1190, 0x000002b4d55d0530,
0x000002b4d55d2f10, 0x000002b4d55d6100, 0x000002b4d55d6ed0, 0x000002b4d55da860,
0x000002b4d55d7d30, 0x000002b4d55d8ed0, 0x000002b4d5828d80, 0x000002b4d582e2b0
}

Java Threads: ( => current thread )
=>0x000002b4b9b6bea0 JavaThread "main" [_thread_in_vm, id=12020, stack(0x000000c9ab700000,0x000000c9ab800000)]
  0x000002b4d55c05d0 JavaThread "Reference Handler" daemon [_thread_blocked, id=7804, stack(0x000000c9abe00000,0x000000c9abf00000)]
  0x000002b4d55c1190 JavaThread "Finalizer" daemon [_thread_blocked, id=37656, stack(0x000000c9abf00000,0x000000c9ac000000)]
  0x000002b4d55d0530 JavaThread "Signal Dispatcher" daemon [_thread_blocked, id=38020, stack(0x000000c9ac000000,0x000000c9ac100000)]
  0x000002b4d55d2f10 JavaThread "Attach Listener" daemon [_thread_blocked, id=37956, stack(0x000000c9ac100000,0x000000c9ac200000)]
  0x000002b4d55d6100 JavaThread "Service Thread" daemon [_thread_blocked, id=24392, stack(0x000000c9ac200000,0x000000c9ac300000)]
  0x000002b4d55d6ed0 JavaThread "Monitor Deflation Thread" daemon [_thread_blocked, id=19104, stack(0x000000c9ac300000,0x000000c9ac400000)]
  0x000002b4d55da860 JavaThread "C2 CompilerThread0" daemon [_thread_in_native, id=12520, stack(0x000000c9ac400000,0x000000c9ac500000)]
  0x000002b4d55d7d30 JavaThread "C1 CompilerThread0" daemon [_thread_blocked, id=33440, stack(0x000000c9ac500000,0x000000c9ac600000)]
  0x000002b4d55d8ed0 JavaThread "Sweeper thread" daemon [_thread_blocked, id=22684, stack(0x000000c9ac600000,0x000000c9ac700000)]
  0x000002b4d5828d80 JavaThread "Notification Thread" daemon [_thread_blocked, id=27260, stack(0x000000c9ac700000,0x000000c9ac800000)]
  0x000002b4d582e2b0 JavaThread "Common-Cleaner" daemon [_thread_blocked, id=40120, stack(0x000000c9ac900000,0x000000c9aca00000)]

Other Threads:
  0x000002b4bbc78310 VMThread "VM Thread" [stack: 0x000000c9abd00000,0x000000c9abe00000] [id=19032]
  0x000002b4bbbfd200 WatcherThread [stack: 0x000000c9ac800000,0x000000c9ac900000] [id=23184]
  0x000002b4bbbf30c0 GCTaskThread "GC Thread#0" [stack: 0x000000c9ab800000,0x000000c9ab900000] [id=38324]
  0x000002b51b00cb90 GCTaskThread "GC Thread#1" [stack: 0x000000c9aca00000,0x000000c9acb00000] [id=31972]
  0x000002b4d5bae880 GCTaskThread "GC Thread#2" [stack: 0x000000c9acb00000,0x000000c9acc00000] [id=10296]
  0x000002b4d5baeb40 GCTaskThread "GC Thread#3" [stack: 0x000000c9acc00000,0x000000c9acd00000] [id=16668]
  0x000002b4bbbf4810 ConcurrentGCThread "G1 Main Marker" [stack: 0x000000c9ab900000,0x000000c9aba00000] [id=39328]
  0x000002b4bbbf5230 ConcurrentGCThread "G1 Conc#0" [stack: 0x000000c9aba00000,0x000000c9abb00000] [id=36564]
  0x000002b4bbc58760 ConcurrentGCThread "G1 Refine#0" [stack: 0x000000c9abb00000,0x000000c9abc00000] [id=6872]
  0x000002b4bbc597a0 ConcurrentGCThread "G1 Service" [stack: 0x000000c9abc00000,0x000000c9abd00000] [id=20164]

Threads with active compile tasks:
C2 CompilerThread0      577  758   !   4       java.util.zip.ZipFile::getEntry (59 bytes)

VM state: not at safepoint (normal execution)

VM Mutex/Monitor currently owned by a thread:  ([mutex/lock_event])
[0x000002b4bbbd21a0] Metaspace_lock - owner thread: 0x000002b4b9b6bea0

Heap address: 0x00000000fc000000, size: 64 MB, Compressed Oops mode: 32-bit

CDS archive(s) mapped at: [0x000002b4d6000000-0x000002b4d6bd0000-0x000002b4d6bd0000), size 12386304, SharedBaseAddress: 0x000002b4d6000000, ArchiveRelocationMode: 1.
Compressed class space mapped at: 0x000002b4d7000000-0x000002b517000000, reserved size: 1073741824
Narrow klass base: 0x000002b4d6000000, Narrow klass shift: 0, Narrow klass range: 0x100000000

GC Precious Log:
 CPUs: 8 total, 8 available
 Memory: 7937M
 Large Page Support: Disabled
 NUMA Support: Disabled
 Compressed Oops: Enabled (32-bit)
 Heap Region Size: 1M
 Heap Min Capacity: 64M
 Heap Initial Capacity: 64M
 Heap Max Capacity: 64M
 Pre-touch: Disabled
 Parallel Workers: 8
 Concurrent Workers: 2
 Concurrent Refinement Workers: 8
 Periodic GC: Disabled

Heap:
 garbage-first heap   total 65536K, used 11136K [0x00000000fc000000, 0x0000000100000000)
  region size 1024K, 10 young (10240K), 3 survivors (3072K)
 Metaspace       used 2174K, committed 2240K, reserved 1114112K
  class space    used 205K, committed 256K, reserved 1048576K

Heap Regions: E=young(eden), S=young(survivor), O=old, HS=humongous(starts), HC=humongous(continues), CS=collection set, F=free, OA=open archive, CA=closed archive, TAMS=top-at-mark-start (previous, next)
|   0|0x00000000fc000000, 0x00000000fc100000, 0x00000000fc100000|100%|HS|  |TAMS 0x00000000fc000000, 0x00000000fc000000| Complete 
|   1|0x00000000fc100000, 0x00000000fc200000, 0x00000000fc200000|100%|HC|  |TAMS 0x00000000fc100000, 0x00000000fc100000| Complete 
|   2|0x00000000fc200000, 0x00000000fc300000, 0x00000000fc300000|100%|HC|  |TAMS 0x00000000fc200000, 0x00000000fc200000| Complete 
|   3|0x00000000fc300000, 0x00000000fc300000, 0x00000000fc400000|  0%| F|  |TAMS 0x00000000fc300000, 0x00000000fc300000| Untracked 
|   4|0x00000000fc400000, 0x00000000fc400000, 0x00000000fc500000|  0%| F|  |TAMS 0x00000000fc400000, 0x00000000fc400000| Untracked 
|   5|0x00000000fc500000, 0x00000000fc500000, 0x00000000fc600000|  0%| F|  |TAMS 0x00000000fc500000, 0x00000000fc500000| Untracked 
|   6|0x00000000fc600000, 0x00000000fc600000, 0x00000000fc700000|  0%| F|  |TAMS 0x00000000fc600000, 0x00000000fc600000| Untracked 
|   7|0x00000000fc700000, 0x00000000fc700000, 0x00000000fc800000|  0%| F|  |TAMS 0x00000000fc700000, 0x00000000fc700000| Untracked 
|   8|0x00000000fc800000, 0x00000000fc800000, 0x00000000fc900000|  0%| F|  |TAMS 0x00000000fc800000, 0x00000000fc800000| Untracked 
|   9|0x00000000fc900000, 0x00000000fc900000, 0x00000000fca00000|  0%| F|  |TAMS 0x00000000fc900000, 0x00000000fc900000| Untracked 
|  10|0x00000000fca00000, 0x00000000fca00000, 0x00000000fcb00000|  0%| F|  |TAMS 0x00000000fca00000, 0x00000000fca00000| Untracked 
|  11|0x00000000fcb00000, 0x00000000fcb00000, 0x00000000fcc00000|  0%| F|  |TAMS 0x00000000fcb00000, 0x00000000fcb00000| Untracked 
|  12|0x00000000fcc00000, 0x00000000fcc00000, 0x00000000fcd00000|  0%| F|  |TAMS 0x00000000fcc00000, 0x00000000fcc00000| Untracked 
|  13|0x00000000fcd00000, 0x00000000fcd00000, 0x00000000fce00000|  0%| F|  |TAMS 0x00000000fcd00000, 0x00000000fcd00000| Untracked 
|  14|0x00000000fce00000, 0x00000000fce00000, 0x00000000fcf00000|  0%| F|  |TAMS 0x00000000fce00000, 0x00000000fce00000| Untracked 
|  15|0x00000000fcf00000, 0x00000000fcf00000, 0x00000000fd000000|  0%| F|  |TAMS 0x00000000fcf00000, 0x00000000fcf00000| Untracked 
|  16|0x00000000fd000000, 0x00000000fd000000, 0x00000000fd100000|  0%| F|  |TAMS 0x00000000fd000000, 0x00000000fd000000| Untracked 
|  17|0x00000000fd100000, 0x00000000fd100000, 0x00000000fd200000|  0%| F|  |TAMS 0x00000000fd100000, 0x00000000fd100000| Untracked 
|  18|0x00000000fd200000, 0x00000000fd200000, 0x00000000fd300000|  0%| F|  |TAMS 0x00000000fd200000, 0x00000000fd200000| Untracked 
|  19|0x00000000fd300000, 0x00000000fd300000, 0x00000000fd400000|  0%| F|  |TAMS 0x00000000fd300000, 0x00000000fd300000| Untracked 
|  20|0x00000000fd400000, 0x00000000fd400000, 0x00000000fd500000|  0%| F|  |TAMS 0x00000000fd400000, 0x00000000fd400000| Untracked 
|  21|0x00000000fd500000, 0x00000000fd500000, 0x00000000fd600000|  0%| F|  |TAMS 0x00000000fd500000, 0x00000000fd500000| Untracked 
|  22|0x00000000fd600000, 0x00000000fd600000, 0x00000000fd700000|  0%| F|  |TAMS 0x00000000fd600000, 0x00000000fd600000| Untracked 
|  23|0x00000000fd700000, 0x00000000fd700000, 0x00000000fd800000|  0%| F|  |TAMS 0x00000000fd700000, 0x00000000fd700000| Untracked 
|  24|0x00000000fd800000, 0x00000000fd800000, 0x00000000fd900000|  0%| F|  |TAMS 0x00000000fd800000, 0x00000000fd800000| Untracked 
|  25|0x00000000fd900000, 0x00000000fd900000, 0x00000000fda00000|  0%| F|  |TAMS 0x00000000fd900000, 0x00000000fd900000| Untracked 
|  26|0x00000000fda00000, 0x00000000fda00000, 0x00000000fdb00000|  0%| F|  |TAMS 0x00000000fda00000, 0x00000000fda00000| Untracked 
|  27|0x00000000fdb00000, 0x00000000fdb00000, 0x00000000fdc00000|  0%| F|  |TAMS 0x00000000fdb00000, 0x00000000fdb00000| Untracked 
|  28|0x00000000fdc00000, 0x00000000fdc00000, 0x00000000fdd00000|  0%| F|  |TAMS 0x00000000fdc00000, 0x00000000fdc00000| Untracked 
|  29|0x00000000fdd00000, 0x00000000fdd00000, 0x00000000fde00000|  0%| F|  |TAMS 0x00000000fdd00000, 0x00000000fdd00000| Untracked 
|  30|0x00000000fde00000, 0x00000000fde00000, 0x00000000fdf00000|  0%| F|  |TAMS 0x00000000fde00000, 0x00000000fde00000| Untracked 
|  31|0x00000000fdf00000, 0x00000000fdf00000, 0x00000000fe000000|  0%| F|  |TAMS 0x00000000fdf00000, 0x00000000fdf00000| Untracked 
|  32|0x00000000fe000000, 0x00000000fe000000, 0x00000000fe100000|  0%| F|  |TAMS 0x00000000fe000000, 0x00000000fe000000| Untracked 
|  33|0x00000000fe100000, 0x00000000fe100000, 0x00000000fe200000|  0%| F|  |TAMS 0x00000000fe100000, 0x00000000fe100000| Untracked 
|  34|0x00000000fe200000, 0x00000000fe200000, 0x00000000fe300000|  0%| F|  |TAMS 0x00000000fe200000, 0x00000000fe200000| Untracked 
|  35|0x00000000fe300000, 0x00000000fe300000, 0x00000000fe400000|  0%| F|  |TAMS 0x00000000fe300000, 0x00000000fe300000| Untracked 
|  36|0x00000000fe400000, 0x00000000fe400000, 0x00000000fe500000|  0%| F|  |TAMS 0x00000000fe400000, 0x00000000fe400000| Untracked 
|  37|0x00000000fe500000, 0x00000000fe500000, 0x00000000fe600000|  0%| F|  |TAMS 0x00000000fe500000, 0x00000000fe500000| Untracked 
|  38|0x00000000fe600000, 0x00000000fe6e0000, 0x00000000fe700000| 87%| S|CS|TAMS 0x00000000fe600000, 0x00000000fe600000| Complete 
|  39|0x00000000fe700000, 0x00000000fe800000, 0x00000000fe800000|100%| S|CS|TAMS 0x00000000fe700000, 0x00000000fe700000| Complete 
|  40|0x00000000fe800000, 0x00000000fe900000, 0x00000000fe900000|100%| S|CS|TAMS 0x00000000fe800000, 0x00000000fe800000| Complete 
|  41|0x00000000fe900000, 0x00000000fe900000, 0x00000000fea00000|  0%| F|  |TAMS 0x00000000fe900000, 0x00000000fe900000| Untracked 
|  42|0x00000000fea00000, 0x00000000fea00000, 0x00000000feb00000|  0%| F|  |TAMS 0x00000000fea00000, 0x00000000fea00000| Untracked 
|  43|0x00000000feb00000, 0x00000000feb00000, 0x00000000fec00000|  0%| F|  |TAMS 0x00000000feb00000, 0x00000000feb00000| Untracked 
|  44|0x00000000fec00000, 0x00000000fec00000, 0x00000000fed00000|  0%| F|  |TAMS 0x00000000fec00000, 0x00000000fec00000| Untracked 
|  45|0x00000000fed00000, 0x00000000fed00000, 0x00000000fee00000|  0%| F|  |TAMS 0x00000000fed00000, 0x00000000fed00000| Untracked 
|  46|0x00000000fee00000, 0x00000000fee00000, 0x00000000fef00000|  0%| F|  |TAMS 0x00000000fee00000, 0x00000000fee00000| Untracked 
|  47|0x00000000fef00000, 0x00000000fef00000, 0x00000000ff000000|  0%| F|  |TAMS 0x00000000fef00000, 0x00000000fef00000| Untracked 
|  48|0x00000000ff000000, 0x00000000ff000000, 0x00000000ff100000|  0%| F|  |TAMS 0x00000000ff000000, 0x00000000ff000000| Untracked 
|  49|0x00000000ff100000, 0x00000000ff100000, 0x00000000ff200000|  0%| F|  |TAMS 0x00000000ff100000, 0x00000000ff100000| Untracked 
|  50|0x00000000ff200000, 0x00000000ff200000, 0x00000000ff300000|  0%| F|  |TAMS 0x00000000ff200000, 0x00000000ff200000| Untracked 
|  51|0x00000000ff300000, 0x00000000ff300000, 0x00000000ff400000|  0%| F|  |TAMS 0x00000000ff300000, 0x00000000ff300000| Untracked 
|  52|0x00000000ff400000, 0x00000000ff400000, 0x00000000ff500000|  0%| F|  |TAMS 0x00000000ff400000, 0x00000000ff400000| Untracked 
|  53|0x00000000ff500000, 0x00000000ff500000, 0x00000000ff600000|  0%| F|  |TAMS 0x00000000ff500000, 0x00000000ff500000| Untracked 
|  54|0x00000000ff600000, 0x00000000ff600000, 0x00000000ff700000|  0%| F|  |TAMS 0x00000000ff600000, 0x00000000ff600000| Untracked 
|  55|0x00000000ff700000, 0x00000000ff700000, 0x00000000ff800000|  0%| F|  |TAMS 0x00000000ff700000, 0x00000000ff700000| Untracked 
|  56|0x00000000ff800000, 0x00000000ff800000, 0x00000000ff900000|  0%| F|  |TAMS 0x00000000ff800000, 0x00000000ff800000| Untracked 
|  57|0x00000000ff900000, 0x00000000ffa00000, 0x00000000ffa00000|100%| E|  |TAMS 0x00000000ff900000, 0x00000000ff900000| Complete 
|  58|0x00000000ffa00000, 0x00000000ffb00000, 0x00000000ffb00000|100%| E|CS|TAMS 0x00000000ffa00000, 0x00000000ffa00000| Complete 
|  59|0x00000000ffb00000, 0x00000000ffc00000, 0x00000000ffc00000|100%| E|CS|TAMS 0x00000000ffb00000, 0x00000000ffb00000| Complete 
|  60|0x00000000ffc00000, 0x00000000ffd00000, 0x00000000ffd00000|100%| E|CS|TAMS 0x00000000ffc00000, 0x00000000ffc00000| Complete 
|  61|0x00000000ffd00000, 0x00000000ffe00000, 0x00000000ffe00000|100%| E|CS|TAMS 0x00000000ffd00000, 0x00000000ffd00000| Complete 
|  62|0x00000000ffe00000, 0x00000000fff00000, 0x00000000fff00000|100%| E|CS|TAMS 0x00000000ffe00000, 0x00000000ffe00000| Complete 
|  63|0x00000000fff00000, 0x0000000100000000, 0x0000000100000000|100%| E|  |TAMS 0x00000000fff00000, 0x00000000fff00000| Complete 

Card table byte_map: [0x000002b4bbb10000,0x000002b4bbb30000] _byte_map_base: 0x000002b4bb330000

Marking Bits (Prev, Next): (CMBitMap*) 0x000002b4bbbf36e0, (CMBitMap*) 0x000002b4bbbf3720
 Prev Bits: [0x000002b4d29f0000, 0x000002b4d2af0000)
 Next Bits: [0x000002b4d2af0000, 0x000002b4d2bf0000)

Polling page: 0x000002b4bb380000

Metaspace:

Usage:
  Non-class:      1.92 MB used.
      Class:    205.53 KB used.
       Both:      2.12 MB used.

Virtual space:
  Non-class space:       64.00 MB reserved,       1.94 MB (  3%) committed,  1 nodes.
      Class space:        1.00 GB reserved,     256.00 KB ( <1%) committed,  1 nodes.
             Both:        1.06 GB reserved,       2.19 MB ( <1%) committed. 

Chunk freelists:
   Non-Class:  11.56 MB
       Class:  15.64 MB
        Both:  27.20 MB

MaxMetaspaceSize: unlimited
CompressedClassSpaceSize: 1.00 GB
Initial GC threshold: 21.00 MB
Current GC threshold: 21.00 MB
CDS: on
MetaspaceReclaimPolicy: balanced
 - commit_granule_bytes: 65536.
 - commit_granule_words: 8192.
 - virtual_space_node_default_size: 8388608.
 - enlarge_chunks_in_place: 1.
 - new_chunks_are_fully_committed: 0.
 - uncommit_free_chunks: 1.
 - use_allocation_guard: 0.
 - handle_deallocations: 1.


Internal statistics:

num_allocs_failed_limit: 0.
num_arena_births: 14.
num_arena_deaths: 0.
num_vsnodes_births: 2.
num_vsnodes_deaths: 0.
num_space_committed: 35.
num_space_uncommitted: 0.
num_chunks_returned_to_freelist: 0.
num_chunks_taken_from_freelist: 54.
num_chunk_merges: 0.
num_chunk_splits: 31.
num_chunks_enlarged: 26.
num_inconsistent_stats: 0.

CodeHeap 'non-profiled nmethods': size=120000Kb used=271Kb max_used=271Kb free=119728Kb
 bounds [0x000002b4cb190000, 0x000002b4cb400000, 0x000002b4d26c0000]
CodeHeap 'profiled nmethods': size=120000Kb used=1445Kb max_used=1445Kb free=118554Kb
 bounds [0x000002b4c36c0000, 0x000002b4c3930000, 0x000002b4cabf0000]
CodeHeap 'non-nmethods': size=5760Kb used=1133Kb max_used=1149Kb free=4626Kb
 bounds [0x000002b4cabf0000, 0x000002b4cae60000, 0x000002b4cb190000]
 total_blobs=1168 nmethods=765 adapters=316
 compilation: enabled
              stopped_count=0, restarted_count=0
 full_count=0

Compilation events (20 events):
Event: 0.543 Thread 0x000002b4d55d7d30  756       3       java.lang.StringConcatHelper::newString (67 bytes)
Event: 0.543 Thread 0x000002b4d55d7d30 nmethod 756 0x000002b4c3822390 code [0x000002b4c3822600, 0x000002b4c3823088]
Event: 0.544 Thread 0x000002b4d55d7d30  759       3       java.lang.String::equalsIgnoreCase (45 bytes)
Event: 0.544 Thread 0x000002b4d55da860 nmethod 748 0x000002b4cb1d1690 code [0x000002b4cb1d1840, 0x000002b4cb1d1e58]
Event: 0.544 Thread 0x000002b4d55d7d30 nmethod 759 0x000002b4c3823410 code [0x000002b4c3823600, 0x000002b4c3823b68]
Event: 0.544 Thread 0x000002b4d55da860  757   !   4       java.util.zip.ZipFile$Source::getEntryPos (173 bytes)
Event: 0.545 Thread 0x000002b4d55d7d30  760       3       java.lang.Class::getPackageName (81 bytes)
Event: 0.546 Thread 0x000002b4d55d7d30 nmethod 760 0x000002b4c3823d90 code [0x000002b4c3824020, 0x000002b4c3824ac8]
Event: 0.546 Thread 0x000002b4d55d7d30  762       3       jdk.internal.perf.PerfCounter::addElapsedTimeFrom (10 bytes)
Event: 0.546 Thread 0x000002b4d55d7d30 nmethod 762 0x000002b4c3824e90 code [0x000002b4c3825040, 0x000002b4c38251a8]
Event: 0.546 Thread 0x000002b4d55d7d30  763       3       sun.net.util.URLUtil::urlNoFragString (114 bytes)
Event: 0.547 Thread 0x000002b4d55d7d30 nmethod 763 0x000002b4c3825290 code [0x000002b4c38255c0, 0x000002b4c3826608]
Event: 0.547 Thread 0x000002b4d55d7d30  764       3       java.lang.String::newStringUTF8NoRepl (274 bytes)
Event: 0.548 Thread 0x000002b4d55d7d30 nmethod 764 0x000002b4c3826b90 code [0x000002b4c3826e40, 0x000002b4c3827dc8]
Event: 0.548 Thread 0x000002b4d55d7d30  765       3       jdk.internal.org.objectweb.asm.SymbolTable$Entry::<init> (17 bytes)
Event: 0.548 Thread 0x000002b4d55d7d30 nmethod 765 0x000002b4c3828290 code [0x000002b4c3828440, 0x000002b4c38285c8]
Event: 0.548 Thread 0x000002b4d55d7d30  766       3       jdk.internal.org.objectweb.asm.SymbolTable::addConstantUtf8 (98 bytes)
Event: 0.548 Thread 0x000002b4d55d7d30 nmethod 766 0x000002b4c3828690 code [0x000002b4c38288c0, 0x000002b4c3828eb8]
Event: 0.548 Thread 0x000002b4d55d7d30  767       3       jdk.internal.org.objectweb.asm.ByteVector::putByte (39 bytes)
Event: 0.548 Thread 0x000002b4d55d7d30 nmethod 767 0x000002b4c3829210 code [0x000002b4c38293c0, 0x000002b4c38295a8]

GC Heap History (2 events):
Event: 0.461 GC heap before
{Heap before GC invocations=0 (full 0):
 garbage-first heap   total 65536K, used 22528K [0x00000000fc000000, 0x0000000100000000)
  region size 1024K, 23 young (23552K), 0 survivors (0K)
 Metaspace       used 1796K, committed 1920K, reserved 1114112K
  class space    used 158K, committed 192K, reserved 1048576K
}
Event: 0.467 GC heap after
{Heap after GC invocations=1 (full 0):
 garbage-first heap   total 65536K, used 2944K [0x00000000fc000000, 0x0000000100000000)
  region size 1024K, 3 young (3072K), 3 survivors (3072K)
 Metaspace       used 1796K, committed 1920K, reserved 1114112K
  class space    used 158K, committed 192K, reserved 1048576K
}

Dll operation events (7 events):
Event: 0.017 Loaded shared library C:\Program Files\Microsoft\jdk-17.0.8.7-hotspot\bin\java.dll
Event: 0.039 Loaded shared library C:\Program Files\Microsoft\jdk-17.0.8.7-hotspot\bin\jsvml.dll
Event: 0.072 Loaded shared library C:\Program Files\Microsoft\jdk-17.0.8.7-hotspot\bin\net.dll
Event: 0.074 Loaded shared library C:\Program Files\Microsoft\jdk-17.0.8.7-hotspot\bin\nio.dll
Event: 0.076 Loaded shared library C:\Program Files\Microsoft\jdk-17.0.8.7-hotspot\bin\zip.dll
Event: 0.079 Loaded shared library C:\Program Files\Microsoft\jdk-17.0.8.7-hotspot\bin\verify.dll
Event: 0.416 Loaded shared library C:\Program Files\Microsoft\jdk-17.0.8.7-hotspot\bin\jimage.dll

Deoptimization events (20 events):
Event: 0.479 Thread 0x000002b4b9b6bea0 DEOPT PACKING pc=0x000002b4c370fbd6 sp=0x000000c9ab7fb9e0
Event: 0.479 Thread 0x000002b4b9b6bea0 DEOPT UNPACKING pc=0x000002b4cac4ace3 sp=0x000000c9ab7fae80 mode 0
Event: 0.488 Thread 0x000002b4b9b6bea0 DEOPT PACKING pc=0x000002b4c37c605c sp=0x000000c9ab7fbe30
Event: 0.488 Thread 0x000002b4b9b6bea0 DEOPT UNPACKING pc=0x000002b4cac4ace3 sp=0x000000c9ab7fb2e0 mode 0
Event: 0.498 Thread 0x000002b4b9b6bea0 DEOPT PACKING pc=0x000002b4c36f1a48 sp=0x000000c9ab7fc030
Event: 0.498 Thread 0x000002b4b9b6bea0 DEOPT UNPACKING pc=0x000002b4cac4ace3 sp=0x000000c9ab7fb4f0 mode 0
Event: 0.511 Thread 0x000002b4b9b6bea0 Uncommon trap: trap_request=0xffffff45 fr.pc=0x000002b4cb1c6d2c relative=0x000000000000070c
Event: 0.511 Thread 0x000002b4b9b6bea0 Uncommon trap: reason=unstable_if action=reinterpret pc=0x000002b4cb1c6d2c method=java.util.zip.ZipCoder$UTF8ZipCoder.checkedHash([BII)I @ 27 c2
Event: 0.511 Thread 0x000002b4b9b6bea0 DEOPT PACKING pc=0x000002b4cb1c6d2c sp=0x000000c9ab7fbca0
Event: 0.511 Thread 0x000002b4b9b6bea0 DEOPT UNPACKING pc=0x000002b4cac4a1a3 sp=0x000000c9ab7fbb98 mode 2
Event: 0.511 Thread 0x000002b4b9b6bea0 Uncommon trap: trap_request=0xffffff45 fr.pc=0x000002b4cb198e3c relative=0x00000000000001bc
Event: 0.511 Thread 0x000002b4b9b6bea0 Uncommon trap: reason=unstable_if action=reinterpret pc=0x000002b4cb198e3c method=java.lang.String.hashCode()I @ 20 c2
Event: 0.511 Thread 0x000002b4b9b6bea0 DEOPT PACKING pc=0x000002b4cb198e3c sp=0x000000c9ab7fbad0
Event: 0.511 Thread 0x000002b4b9b6bea0 DEOPT UNPACKING pc=0x000002b4cac4a1a3 sp=0x000000c9ab7fba60 mode 2
Event: 0.511 Thread 0x000002b4b9b6bea0 Uncommon trap: trap_request=0xffffff45 fr.pc=0x000002b4cb1c7f18 relative=0x0000000000000178
Event: 0.511 Thread 0x000002b4b9b6bea0 Uncommon trap: reason=unstable_if action=reinterpret pc=0x000002b4cb1c7f18 method=java.util.zip.ZipFile$Source.isMetaName([BII)Z @ 57 c2
Event: 0.511 Thread 0x000002b4b9b6bea0 DEOPT PACKING pc=0x000002b4cb1c7f18 sp=0x000000c9ab7fbce0
Event: 0.511 Thread 0x000002b4b9b6bea0 DEOPT UNPACKING pc=0x000002b4cac4a1a3 sp=0x000000c9ab7fbc70 mode 2
Event: 0.547 Thread 0x000002b4b9b6bea0 DEOPT PACKING pc=0x000002b4c37bdbf7 sp=0x000000c9ab7fc780
Event: 0.547 Thread 0x000002b4b9b6bea0 DEOPT UNPACKING pc=0x000002b4cac4ace3 sp=0x000000c9ab7fbbe0 mode 0

Classes unloaded (0 events):
No events

Classes redefined (0 events):
No events

Internal exceptions (1 events):
Event: 0.155 Thread 0x000002b4b9b6bea0 Exception <a 'java/lang/NoSuchMethodError'{0x00000000ffdf4828}: 'int java.lang.invoke.DirectMethodHandle$Holder.invokeStaticInit(java.lang.Object, java.lang.Object)'> (0x00000000ffdf4828) 
thrown [s\src\hotspot\share\interpreter\linkResolver.cpp, line 759]

VM Operations (4 events):
Event: 0.077 Executing VM operation: HandshakeAllThreads
Event: 0.077 Executing VM operation: HandshakeAllThreads done
Event: 0.461 Executing VM operation: G1CollectForAllocation
Event: 0.467 Executing VM operation: G1CollectForAllocation done

Events (20 events):
Event: 0.257 loading class java/lang/invoke/DirectMethodHandle$Special done
Event: 0.417 loading class jdk/internal/jimage/ImageLocation
Event: 0.417 loading class jdk/internal/jimage/ImageLocation done
Event: 0.435 loading class java/io/BufferedReader
Event: 0.435 loading class java/io/BufferedReader done
Event: 0.435 loading class sun/nio/cs/StreamDecoder
Event: 0.435 loading class sun/nio/cs/StreamDecoder done
Event: 0.535 loading class java/util/concurrent/atomic/AtomicReference
Event: 0.535 loading class java/util/concurrent/atomic/AtomicReference done
Event: 0.538 loading class java/lang/UnsupportedOperationException
Event: 0.538 loading class java/lang/UnsupportedOperationException done
Event: 0.547 loading class java/lang/reflect/InvocationHandler
Event: 0.547 loading class java/lang/reflect/InvocationHandler done
Event: 0.547 loading class java/lang/reflect/Proxy
Event: 0.547 loading class java/lang/reflect/Proxy done
Event: 0.547 loading class java/lang/reflect/Proxy$1
Event: 0.547 loading class java/lang/reflect/Proxy$1 done
Event: 0.547 loading class jdk/internal/loader/AbstractClassLoaderValue$Sub
Event: 0.547 loading class jdk/internal/loader/AbstractClassLoaderValue$Sub done
Event: 0.548 loading class java/lang/reflect/Proxy$ProxyBuilder


Dynamic libraries:
0x00007ff637030000 - 0x00007ff63703e000 	C:\Program Files\Microsoft\jdk-17.0.8.7-hotspot\bin\java.exe
0x00007ffc0be70000 - 0x00007ffc0c087000 	C:\WINDOWS\SYSTEM32\ntdll.dll
0x00007ffc0aab0000 - 0x00007ffc0ab74000 	C:\WINDOWS\System32\KERNEL32.DLL
0x00007ffc09400000 - 0x00007ffc097d3000 	C:\WINDOWS\System32\KERNELBASE.dll
0x00007ffc09900000 - 0x00007ffc09a11000 	C:\WINDOWS\System32\ucrtbase.dll
0x00007ffbc6ed0000 - 0x00007ffbc6ee7000 	C:\Program Files\Microsoft\jdk-17.0.8.7-hotspot\bin\jli.dll
0x00007ffc0b6a0000 - 0x00007ffc0b851000 	C:\WINDOWS\System32\USER32.dll
0x00007ffbd7d40000 - 0x00007ffbd7d5b000 	C:\Program Files\Microsoft\jdk-17.0.8.7-hotspot\bin\VCRUNTIME140.dll
0x00007ffc09ae0000 - 0x00007ffc09b06000 	C:\WINDOWS\System32\win32u.dll
0x00007ffc0a740000 - 0x00007ffc0a769000 	C:\WINDOWS\System32\GDI32.dll
0x00007ffc097e0000 - 0x00007ffc098fb000 	C:\WINDOWS\System32\gdi32full.dll
0x00007ffc09000000 - 0x00007ffc0909a000 	C:\WINDOWS\System32\msvcp_win.dll
0x00007ffbe9880000 - 0x00007ffbe9b18000 	C:\WINDOWS\WinSxS\amd64_microsoft.windows.common-controls_6595b64144ccf1df_6.0.22621.5124_none_270e8f4f7386d69d\COMCTL32.dll
0x00007ffc0b870000 - 0x00007ffc0b917000 	C:\WINDOWS\System32\msvcrt.dll
0x00007ffc0b100000 - 0x00007ffc0b131000 	C:\WINDOWS\System32\IMM32.DLL
0x00007ffbd7e00000 - 0x00007ffbd7e0c000 	C:\Program Files\Microsoft\jdk-17.0.8.7-hotspot\bin\vcruntime140_1.dll
0x00007ffbc58c0000 - 0x00007ffbc594d000 	C:\Program Files\Microsoft\jdk-17.0.8.7-hotspot\bin\msvcp140.dll
0x00007ffb14a80000 - 0x00007ffb156e5000 	C:\Program Files\Microsoft\jdk-17.0.8.7-hotspot\bin\server\jvm.dll
0x00007ffc0bd70000 - 0x00007ffc0be21000 	C:\WINDOWS\System32\ADVAPI32.dll
0x00007ffc0a4c0000 - 0x00007ffc0a568000 	C:\WINDOWS\System32\sechost.dll
0x00007ffc093d0000 - 0x00007ffc093f8000 	C:\WINDOWS\System32\bcrypt.dll
0x00007ffc0a610000 - 0x00007ffc0a724000 	C:\WINDOWS\System32\RPCRT4.dll
0x00007ffc08780000 - 0x00007ffc087cd000 	C:\WINDOWS\SYSTEM32\POWRPROF.dll
0x00007ffbebce0000 - 0x00007ffbebce9000 	C:\WINDOWS\SYSTEM32\WSOCK32.dll
0x00007ffc02210000 - 0x00007ffc02244000 	C:\WINDOWS\SYSTEM32\WINMM.dll
0x00007ffbfe370000 - 0x00007ffbfe37a000 	C:\WINDOWS\SYSTEM32\VERSION.dll
0x00007ffc0a7e0000 - 0x00007ffc0a851000 	C:\WINDOWS\System32\WS2_32.dll
0x00007ffc08730000 - 0x00007ffc08743000 	C:\WINDOWS\SYSTEM32\UMPDC.dll
0x00007ffc07fb0000 - 0x00007ffc07fc8000 	C:\WINDOWS\SYSTEM32\kernel.appcore.dll
0x00007ffbd7d30000 - 0x00007ffbd7d3a000 	C:\Program Files\Microsoft\jdk-17.0.8.7-hotspot\bin\jimage.dll
0x00007ffc06950000 - 0x00007ffc06b82000 	C:\WINDOWS\SYSTEM32\DBGHELP.DLL
0x00007ffc0b9d0000 - 0x00007ffc0bd62000 	C:\WINDOWS\System32\combase.dll
0x00007ffc0ac90000 - 0x00007ffc0ad67000 	C:\WINDOWS\System32\OLEAUT32.dll
0x00007ffbe86c0000 - 0x00007ffbe86f2000 	C:\WINDOWS\SYSTEM32\dbgcore.DLL
0x00007ffc08f80000 - 0x00007ffc08ffb000 	C:\WINDOWS\System32\bcryptPrimitives.dll
0x00007ffbc5890000 - 0x00007ffbc58b5000 	C:\Program Files\Microsoft\jdk-17.0.8.7-hotspot\bin\java.dll
0x00007ffbb5c10000 - 0x00007ffbb5ce7000 	C:\Program Files\Microsoft\jdk-17.0.8.7-hotspot\bin\jsvml.dll
0x00007ffc09c20000 - 0x00007ffc0a4b6000 	C:\WINDOWS\System32\SHELL32.dll
0x00007ffc090a0000 - 0x00007ffc091df000 	C:\WINDOWS\System32\wintypes.dll
0x00007ffc06e60000 - 0x00007ffc0777a000 	C:\WINDOWS\SYSTEM32\windows.storage.dll
0x00007ffc0ab80000 - 0x00007ffc0ac8a000 	C:\WINDOWS\System32\SHCORE.dll
0x00007ffc0a770000 - 0x00007ffc0a7d3000 	C:\WINDOWS\System32\shlwapi.dll
0x00007ffc08eb0000 - 0x00007ffc08edb000 	C:\WINDOWS\SYSTEM32\profapi.dll
0x00007ffbc6eb0000 - 0x00007ffbc6ec9000 	C:\Program Files\Microsoft\jdk-17.0.8.7-hotspot\bin\net.dll
0x00007ffc05940000 - 0x00007ffc05a6c000 	C:\WINDOWS\SYSTEM32\WINHTTP.dll
0x00007ffc084a0000 - 0x00007ffc0850a000 	C:\WINDOWS\system32\mswsock.dll
0x00007ffbc5870000 - 0x00007ffbc5886000 	C:\Program Files\Microsoft\jdk-17.0.8.7-hotspot\bin\nio.dll
0x00007ffbc5850000 - 0x00007ffbc5868000 	C:\Program Files\Microsoft\jdk-17.0.8.7-hotspot\bin\zip.dll
0x00007ffbc4140000 - 0x00007ffbc4150000 	C:\Program Files\Microsoft\jdk-17.0.8.7-hotspot\bin\verify.dll

dbghelp: loaded successfully - version: 4.0.5 - missing functions: none
symbol engine: initialized successfully - sym options: 0x614 - pdb path: .;C:\Program Files\Microsoft\jdk-17.0.8.7-hotspot\bin;C:\WINDOWS\SYSTEM32;C:\WINDOWS\WinSxS\amd64_microsoft.windows.common-controls_6595b64144ccf1df_6.0.22621.5124_none_270e8f4f7386d69d;C:\Program Files\Microsoft\jdk-17.0.8.7-hotspot\bin\server

VM Arguments:
jvm_args: -Xmx64m -Xms64m -Dorg.gradle.appname=gradlew 
java_command: org.gradle.wrapper.GradleWrapperMain app:installDebug -PreactNativeDevServerPort=8081
java_class_path (initial): F:\Nam_4\HMDrinks\hmdrinks_app_shipper\hmdrinks_shipper\android\\gradle\wrapper\gradle-wrapper.jar
Launcher Type: SUN_STANDARD

[Global flags]
     intx CICompilerCount                          = 4                                         {product} {ergonomic}
     uint ConcGCThreads                            = 2                                         {product} {ergonomic}
     uint G1ConcRefinementThreads                  = 8                                         {product} {ergonomic}
   size_t G1HeapRegionSize                         = 1048576                                   {product} {ergonomic}
    uintx GCDrainStackTargetSize                   = 64                                        {product} {ergonomic}
   size_t InitialHeapSize                          = 67108864                                  {product} {command line}
   size_t MarkStackSize                            = 4194304                                   {product} {ergonomic}
   size_t MaxHeapSize                              = 67108864                                  {product} {command line}
   size_t MaxNewSize                               = 39845888                                  {product} {ergonomic}
   size_t MinHeapDeltaBytes                        = 1048576                                   {product} {ergonomic}
   size_t MinHeapSize                              = 67108864                                  {product} {command line}
    uintx NonNMethodCodeHeapSize                   = 5839372                                {pd product} {ergonomic}
    uintx NonProfiledCodeHeapSize                  = 122909434                              {pd product} {ergonomic}
    uintx ProfiledCodeHeapSize                     = 122909434                              {pd product} {ergonomic}
    uintx ReservedCodeCacheSize                    = 251658240                              {pd product} {ergonomic}
     bool SegmentedCodeCache                       = true                                      {product} {ergonomic}
   size_t SoftMaxHeapSize                          = 67108864                               {manageable} {ergonomic}
     bool UseCompressedClassPointers               = true                           {product lp64_product} {ergonomic}
     bool UseCompressedOops                        = true                           {product lp64_product} {ergonomic}
     bool UseG1GC                                  = true                                      {product} {ergonomic}
     bool UseLargePagesIndividualAllocation        = false                                  {pd product} {ergonomic}

Logging:
Log output configuration:
 #0: stdout all=warning uptime,level,tags
 #1: stderr all=off uptime,level,tags

Environment Variables:
JAVA_HOME=C:\Program Files\Microsoft\jdk-17.0.8.7-hotspot\
CLASSPATH=F:\Nam_4\HMDrinks\hmdrinks_app_shipper\hmdrinks_shipper\android\\gradle\wrapper\gradle-wrapper.jar
PATH=F:\Nam_4\HMDrinks\hmdrinks_app_shipper\hmdrinks_shipper\node_modules\.bin;F:\Nam_4\HMDrinks\hmdrinks_app_shipper\hmdrinks_shipper\node_modules\.bin;F:\Nam_4\HMDrinks\hmdrinks_app_shipper\node_modules\.bin;F:\Nam_4\HMDrinks\node_modules\.bin;F:\Nam_4\node_modules\.bin;F:\node_modules\.bin;C:\Program Files\nodejs\node_modules\npm\node_modules\@npmcli\run-script\lib\node-gyp-bin;F:\Nam_4\HMDrinks\hmdrinks_app_shipper\hmdrinks_shipper\node_modules\.bin;F:\Nam_4\HMDrinks\hmdrinks_app_shipper\hmdrinks_shipper\node_modules\.bin;F:\Nam_4\HMDrinks\hmdrinks_app_shipper\node_modules\.bin;F:\Nam_4\HMDrinks\node_modules\.bin;F:\Nam_4\node_modules\.bin;F:\node_modules\.bin;C:\Program Files\nodejs\node_modules\npm\node_modules\@npmcli\run-script\lib\node-gyp-bin;C:\Program Files\Microsoft\jdk-17.0.8.7-hotspot\bin;C:\Program Files\Microsoft MPI\Bin\;C:\Program Files\Common Files\Oracle\Java\javapath;C:\Program Files (x86)\Common Files\Oracle\Java\javapath;C:\windows\system32;C:\windows;C:\windows\System32\Wbem;C:\windows\System32\WindowsPowerShell\v1.0\;C:\windows\System32\OpenSSH\;C:\Program Files\Git\cmd;C:\Program Files\Azure Data Studio\bin;C:\WINDOWS\system32;C:\WINDOWS;C:\WINDOWS\System32\Wbem;C:\WINDOWS\System32\WindowsPowerShell\v1.0\;C:\WINDOWS\System32\OpenSSH\;F:\HK1\LTWeb\bin;F:\HK1\LTWeb\JDK\bin;F:\HK1\LTWeb\JDK\bin;%MAVEN_HOME\bin;%JAVA_HOME\bin;C:\Program Files\Java\jdk-17\bin;F:\HK1\LTWeb\TOMCAT\apache-tomcat-9.0.65-windows-x64\apache-tomcat-9.0.65\bin;F:\HK1\LTWeb\MAVEN\apache-maven-3.8.6-bin\apache-maven-3.8.6\bin;C:\Program Files\MySQL\MySQL Server 8.0\bin;%JAVA_HOME\lib\security\cacerts;C:\ProgramData\chocolatey\bin;C:\Program Files\nodejs\;C:\WINDOWS\system32\config\systemprofile\AppData\Local\Android\Sdk;C:\WINDOWS\system32\config\systemprofile\AppData\Local\Android\Sdk\platform-tools;C:\Program Files\HP\HP One Agent;F:\MuyXue\Sonar\sonar-scanner-cli-5.0.1.3006-windows\sonar-scanner-5.0.1.3006-windows\bin;c:\Users\DIEM MY\AppData\Local\Programs\cursor\resour
USERNAME=DIEM MY
LANG=en_US.UTF-8
OS=Windows_NT
PROCESSOR_IDENTIFIER=Intel64 Family 6 Model 140 Stepping 1, GenuineIntel
TMP=C:\Users\DIEMMY~1\AppData\Local\Temp
TEMP=C:\Users\DIEMMY~1\AppData\Local\Temp



---------------  S Y S T E M  ---------------

OS:
 Windows 11 , 64 bit Build 22621 (10.0.22621.5124)
OS uptime: 5 days 9:19 hours
Hyper-V role detected

CPU: total 8 (initial active 8) (4 cores per cpu, 2 threads per core) family 6 model 140 stepping 1 microcode 0xa4, cx8, cmov, fxsr, ht, mmx, 3dnowpref, sse, sse2, sse3, ssse3, sse4.1, sse4.2, popcnt, lzcnt, tsc, tscinvbit, avx, avx2, aes, erms, clmul, bmi1, bmi2, adx, avx512f, avx512dq, avx512cd, avx512bw, avx512vl, sha, fma, vzeroupper, avx512_vpopcntdq, avx512_vpclmulqdq, avx512_vaes, avx512_vnni, clflush, clflushopt, clwb, avx512_vbmi2, avx512_vbmi, hv
Processor Information for all 8 processors :
  Max Mhz: 2803, Current Mhz: 2803, Mhz Limit: 2803

Memory: 4k page, system-wide physical 7937M (261M free)
TotalPageFile size 32513M (AvailPageFile size 0M)
current process WorkingSet (physical memory assigned to process): 74M, peak: 74M
current process commit charge ("private bytes"): 154M, peak: 155M

vm_info: OpenJDK 64-Bit Server VM (17.0.8+7-LTS) for windows-amd64 JRE (17.0.8+7-LTS), built on Jul  7 2023 17:21:55 by "MicrosoftCorporation" with MS VC++ 16.10 / 16.11 (VS2019)

END.
